05-28 19:49:15.420 14164 14305 I bluetooth: packages/modules/Bluetooth/system/stack/gatt/connection_manager.cc:437 on_connection_complete: Le connection completed to device:c2:e7:31:2e:97:8e
05-28 19:49:15.420 14164 14305 I bluetooth: packages/modules/Bluetooth/system/stack/gatt/connection_manager.cc:437 on_connection_complete: Le connection completed to device:c2:e7:31:2e:97:8e
05-28 19:49:15.420 14164 14305 I bt_btm_ble: packages/modules/Bluetooth/system/stack/btm/btm_ble.cc:1788 btm_ble_connected: Updating device record timestamp for existing ble connection
05-28 19:49:15.420 14164 14283 I bluetooth: packages/modules/Bluetooth/system/gd/hci/le_address_manager.cc:257 ack_pause: Client already in paused state
05-28 19:49:15.420 14164 14283 I bluetooth: packages/modules/Bluetooth/system/gd/hci/le_address_manager.cc:257 ack_pause: Client already in paused state
05-28 19:49:15.420 14164 14283 I bluetooth: packages/modules/Bluetooth/system/gd/hci/le_address_manager.cc:257 ack_pause: Client already in paused state
05-28 19:49:15.435 14164 14283 I bluetooth: packages/modules/Bluetooth/system/gd/hci/le_address_manager.cc:576 OnCommandComplete: Received command complete with op_code LE_REMOVE_DEVICE_FROM_FILTER_ACCEPT_LIST
05-28 19:49:15.435 14164 14283 I bluetooth: packages/modules/Bluetooth/system/gd/hci/le_address_manager.cc:286 resume_registered_clients: Resuming registered clients
05-28 19:49:15.442 14164 14283 I bluetooth: packages/modules/Bluetooth/system/gd/hci/acl_manager/le_impl.h:712 update_connectability_state_after_armed: Le connection state machine armed state:ConnectabilityState::ARMED status:SUCCESS
05-28 19:49:15.525   891 14300 I vendor.qti.bluetooth@1.0-ibs_handler: ProcessIbsCmd: Received IBS_SLEEP_IND: 0xFE
05-28 19:49:15.574   891 14300 I vendor.qti.bluetooth@1.0-ibs_handler: ProcessIbsCmd: Received IBS_WAKE_IND: 0xFD
05-28 19:49:15.574   891 14300 I vendor.qti.bluetooth@1.0-ibs_handler: ProcessIbsCmd: Writing IBS_WAKE_ACK
05-28 19:49:15.613 14164 14185 I BluetoothAdapterService: getActiveDevices: A2dp device: EC:46:54:03:0E:B8
05-28 19:49:15.614 14164 14185 I BluetoothAdapterService: getActiveDevices: Headset device: EC:46:54:03:0E:B8
05-28 19:49:15.615   891 14300 I vendor.qti.bluetooth@1.0-ibs_handler: ProcessIbsCmd: Received IBS_SLEEP_IND: 0xFE
05-28 19:49:15.663   891 14300 I vendor.qti.bluetooth@1.0-ibs_handler: ProcessIbsCmd: Received IBS_WAKE_IND: 0xFD
05-28 19:49:15.663   891 14300 I vendor.qti.bluetooth@1.0-ibs_handler: ProcessIbsCmd: Writing IBS_WAKE_ACK
05-28 19:49:15.664 14164 14305 I bluetooth: packages/modules/Bluetooth/system/stack/gap/gap_ble.cc:303 client_connect_cback: No active GAP service found for peer:xx:xx:xx:xx:97:8e callback:Connected
05-28 19:49:15.664 14164 14305 I bt_bta_gattc: packages/modules/Bluetooth/system/bta/gatt/bta_gattc_act.cc:1258 bta_gattc_conn_cback: Connected client_if:3 addr:xx:xx:xx:xx:97:8e, transport:BT_TRANSPORT_LE reason:GATT_CONN_OK
05-28 19:49:15.664 14164 14305 I bluetooth: packages/modules/Bluetooth/system/stack/gatt/gatt_main.cc:381 gatt_update_app_use_link_flag: disable link idle timer for c2:e7:31:2e:97:8e
05-28 19:49:15.664 14164 14305 I bt_stack: [INFO:l2c_api.cc(1603)] L2CA_MarkLeLinkAsActivesetting link to c2:e7:31:2e:97:8e as active
05-28 19:49:15.664 14164 14305 I bluetooth: packages/modules/Bluetooth/system/stack/gatt/gatt_api.cc:1074 GATT_SetIdleTimeout: idle_timeout=65535, is_active=1, status=1 (1-OK 0-not performed)
05-28 19:49:15.664 14164 14305 I bt_bta_gattc: packages/modules/Bluetooth/system/bta/gatt/bta_gattc_act.cc:1258 bta_gattc_conn_cback: Connected client_if:4 addr:xx:xx:xx:xx:97:8e, transport:BT_TRANSPORT_LE reason:GATT_CONN_OK
05-28 19:49:15.664 14164 14305 I bt_bta_gattc: packages/modules/Bluetooth/system/bta/gatt/bta_gattc_act.cc:1258 bta_gattc_conn_cback: Connected client_if:5 addr:xx:xx:xx:xx:97:8e, transport:BT_TRANSPORT_LE reason:GATT_CONN_OK
05-28 19:49:15.664 14164 14305 I bluetooth: packages/modules/Bluetooth/system/stack/gatt/connection_manager.cc:437 on_connection_complete: Le connection completed to device:c2:e7:31:2e:97:8e
05-28 19:49:15.665 14164 14305 I bt_stack: [INFO:l2c_api.cc(1603)] L2CA_MarkLeLinkAsActivesetting link to c2:e7:31:2e:97:8e as active
05-28 19:49:15.665 14164 14305 I bluetooth: packages/modules/Bluetooth/system/stack/gatt/gatt_api.cc:1074 GATT_SetIdleTimeout: idle_timeout=65535, is_active=1, status=1 (1-OK 0-not performed)
05-28 19:49:15.665 14164 14305 W btm_acl : packages/modules/Bluetooth/system/stack/acl/btm_acl.cc:2327 acl_peer_supports_sniff_subrating: Unable to find active acl
05-28 19:49:15.665 14164 14305 I bt_btif_dm: packages/modules/Bluetooth/system/btif/src/btif_dm.cc:583 btif_update_remote_version_property: Remote version info valid:true [xx:xx:xx:xx:97:8e]: c, 5d, 8773
05-28 19:49:15.677 14164 14305 E bta_gattc_main: packages/modules/Bluetooth/system/bta/gatt/bta_gattc_main.cc:395 bta_gattc_hdl_event: Ignore unknown conn ID: 3
05-28 19:49:15.677 14164 14264 W BatteryService: getBatteryService(): service is NULL
05-28 19:49:15.681 14164 14264 D BtGatt.GattService: onConnected() - adding permit for address=C2:E7:31:2E:97:8E
05-28 19:49:15.681 14164 14305 W bt_btm_sec: packages/modules/Bluetooth/system/stack/btm/btm_sec.cc:1116 BTM_SetEncryption: Security Manager: BTM_SetEncryption busy, enqueue request
05-28 19:49:15.681 14164 14305 I bt_btm_sec: packages/modules/Bluetooth/system/stack/btm/btm_sec.cc:1119 BTM_SetEncryption: Queued start encryption
05-28 19:49:15.684 14164 14164 I BluetoothPhonePolicy: processDeviceConnected, device=C2:E7:31:2E:97:8E
05-28 19:49:15.685 14164 14164 D BluetoothDatabase: setConnection: device XX:XX:XX:2E:97:8E and isA2dpDevice=false
05-28 19:49:15.685 14164 14164 D BluetoothDatabase: Updating last connected time for device: XX:XX:XX:2E:97:8E to 5
05-28 19:49:15.685 14164 14164 D BluetoothDatabase: updateDatabase XX:XX:XX:2E:97:8E
05-28 19:49:15.687 14164 14305 I bluetooth: packages/modules/Bluetooth/system/bta/hearing_aid/hearing_aid.cc:2004 GetDeviceCount: Not initialized yet
05-28 19:49:15.687 10439 10439 D AirPodsService: Received bluetooth connection broadcast
05-28 19:49:15.687 14164 14305 I bt_stack: [INFO:gatt_api.cc(781)] GATTC_Discover conn_id=0x0005, disc_type=1, s_handle=0x0001, e_handle=0xffff
05-28 19:49:15.689 14164 14305 I bluetooth: packages/modules/Bluetooth/system/bta/dm/bta_dm_main.cc:65 bta_dm_search_sm_execute: bta_dm_search_sm_execute state:3, event:0x201
05-28 19:49:15.689 14164 14305 I bt_bta_dm: packages/modules/Bluetooth/system/bta/dm/bta_dm_act.cc:1492 bta_dm_queue_disc: bta_dm_discovery: queuing service discovery to c2:e7:31:2e:97:8e
05-28 19:49:15.728   891 14300 I vendor.qti.bluetooth@1.0-ibs_handler: ProcessIbsCmd: Received IBS_SLEEP_IND: 0xFE
05-28 19:49:15.810 14164 14358 I BluetoothAdapterService: getActiveDevices: A2dp device: EC:46:54:03:0E:B8
05-28 19:49:15.811 14164 14358 I BluetoothAdapterService: getActiveDevices: Headset device: EC:46:54:03:0E:B8
05-28 19:49:15.888   891 14300 I vendor.qti.bluetooth@1.0-ibs_handler: ProcessIbsCmd: Received IBS_WAKE_IND: 0xFD
05-28 19:49:15.888   891 14300 I vendor.qti.bluetooth@1.0-ibs_handler: ProcessIbsCmd: Writing IBS_WAKE_ACK
05-28 19:49:15.892 14164 14305 W bt_bta_dm: packages/modules/Bluetooth/system/bta/dm/bta_dm_act.cc:3324 bta_dm_encrypt_cback: Encrypted link peer:xx:xx:xx:xx:97:8e transport:BT_TRANSPORT_LE status:BTM_SUCCESS callback:T
05-28 19:49:15.892 14164 14305 W smp_act : packages/modules/Bluetooth/system/stack/smp/smp_act.cc:2033 smp_link_encrypted: SMP state machine busy so skipping encryption enable:1 device:xx:xx:xx:xx:97:8e
05-28 19:49:15.893 14164 14305 W bt_stack: [WARNING:bta_gattc_api.cc(674)] notification already registered
05-28 19:49:15.893 14164 14305 W bt_stack: [WARNING:bta_gattc_api.cc(674)] notification already registered
05-28 19:49:15.893 14164 14305 I bluetooth: packages/modules/Bluetooth/system/stack/eatt/eatt_impl.h:993 connect: Device c2:e7:31:2e:97:8e, role central
05-28 19:49:15.893 14164 14305 I bt_stack: [INFO:eatt_impl.h(999)] connect Known device, connect eCoC
05-28 19:49:15.893 14164 14305 I bluetooth: packages/modules/Bluetooth/system/stack/eatt/eatt_impl.h:593 connect_eatt: Connecting device c2:e7:31:2e:97:8e, cnt count 5
05-28 19:49:15.894 14164 14305 I bt_stack: [INFO:eatt_impl.h(604)] connect_eattSuccessfully sent CoC request, number of channel: 5
05-28 19:49:15.894 14164 14305 I bt_stack: [INFO:eatt_impl.h(609)]  	 cid: 0x004b
05-28 19:49:15.894 14164 14305 I bt_stack: [INFO:eatt_impl.h(609)]  	 cid: 0x004c
05-28 19:49:15.894 14164 14305 I bt_stack: [INFO:eatt_impl.h(609)]  	 cid: 0x004d
05-28 19:49:15.894 14164 14305 I bt_stack: [INFO:eatt_impl.h(609)]  	 cid: 0x004e
05-28 19:49:15.894 14164 14305 I bt_stack: [INFO:eatt_impl.h(609)]  	 cid: 0x004f
05-28 19:49:15.894 14164 14305 I bluetooth: packages/modules/Bluetooth/system/stack/gatt/gatt_main.cc:381 gatt_update_app_use_link_flag: disable link idle timer for c2:e7:31:2e:97:8e
05-28 19:49:15.894 14164 14305 I bt_stack: [INFO:l2c_api.cc(1603)] L2CA_MarkLeLinkAsActivesetting link to c2:e7:31:2e:97:8e as active
05-28 19:49:15.894 14164 14305 I bluetooth: packages/modules/Bluetooth/system/stack/gatt/gatt_api.cc:1074 GATT_SetIdleTimeout: idle_timeout=65535, is_active=1, status=1 (1-OK 0-not performed)
05-28 19:49:15.894 14164 14264 W bt_btif : packages/modules/Bluetooth/system/main/bte_logmsg.cc:194 LogMsg: btif_hh_upstreams_evt: BTA_HH_OPN_EVT: handle=48, status =0
05-28 19:49:15.894 14164 14264 W bt_btif : packages/modules/Bluetooth/system/main/bte_logmsg.cc:194 LogMsg: BTA_HH_OPEN_EVT: Found device...Getting dscp info for handle ... 48
05-28 19:49:15.894 14164 14264 I bt_btif_dm: packages/modules/Bluetooth/system/btif/src/btif_dm.cc:459 get_cod: get_cod remote_cod = 0x00001f00
05-28 19:49:15.894 14164 14264 I bt_btif_dm: packages/modules/Bluetooth/system/btif/src/btif_dm.cc:459 get_cod: get_cod remote_cod = 0x00001f00
05-28 19:49:15.895 14164 14264 E bt_btif_gattc: packages/modules/Bluetooth/system/btif/src/btif_gatt_client.cc:248 btif_gattc_upstreams_evt: Unhandled event (17)!
05-28 19:49:15.896 14164 14264 W bt_btif : packages/modules/Bluetooth/system/main/bte_logmsg.cc:194 LogMsg: btif_hh_upstreams_evt: name = Amazfit Bip 5
05-28 19:49:15.896 14164 14264 W bt_btif : packages/modules/Bluetooth/system/main/bte_logmsg.cc:194 LogMsg: bta_hh_co_send_hid_info: fd = 325, name = [Amazfit Bip 5], dscp_len = 253
05-28 19:49:15.896 14164 14264 W bt_btif : packages/modules/Bluetooth/system/main/bte_logmsg.cc:194 LogMsg: bta_hh_co_send_hid_info: vendor_id = 0x0157, product_id = 0x0081, version= 0x0000,ctry_code=0x00
05-28 19:49:15.896 14164 14264 W bt_btif : packages/modules/Bluetooth/system/main/bte_logmsg.cc:194 LogMsg: bta_hh_co_send_hid_info: wrote descriptor to fd = 325, dscp_len = 253, result = 0
05-28 19:49:15.896 14164 14264 W bt_stack: [WARNING:btif_hh.cc(403)]  Device c2:e7:31:2e:97:8e already added
05-28 19:49:15.898 14164 14164 D BluetoothAdapterService: isQuietModeEnabled() - Enabled = false
05-28 19:49:15.898 14164 14164 V BluetoothDatabase: getProfileConnectionPolicy: device XX:XX:XX:2E:97:8E profile=HID_HOST, connectionPolicy=100
05-28 19:49:15.898 14164 14164 D BluetoothHidHostService: Connection state C2:E7:31:2E:97:8E: 0->2
05-28 19:49:15.900 14164 14264 W bt_btif : packages/modules/Bluetooth/system/main/bte_logmsg.cc:194 LogMsg: btif_hh_upstreams_evt: Device already added 
05-28 19:49:15.903 14164 14164 D AdapterProperties: PROFILE_CONNECTION_STATE_CHANGE: profile=4, device=C2:E7:31:2E:97:8E, 0 -> 2
05-28 19:49:15.904 14164 14164 W AdapterProperties: PROFILE_CONNECTION_STATE_CHANGE: unexpected transition for profile=4, device=C2:E7:31:2E:97:8E, 0 -> 2
05-28 19:49:15.920 14164 14358 I BluetoothAdapterService: getActiveDevices: A2dp device: EC:46:54:03:0E:B8
05-28 19:49:15.922 14164 14358 I BluetoothAdapterService: getActiveDevices: Headset device: EC:46:54:03:0E:B8
05-28 19:49:15.930   891 14300 I vendor.qti.bluetooth@1.0-ibs_handler: ProcessIbsCmd: Received IBS_SLEEP_IND: 0xFE
05-28 19:49:15.935   891 14300 I vendor.qti.bluetooth@1.0-ibs_handler: ProcessIbsCmd: Received IBS_WAKE_IND: 0xFD
05-28 19:49:15.935   891 14300 I vendor.qti.bluetooth@1.0-ibs_handler: ProcessIbsCmd: Writing IBS_WAKE_ACK
05-28 19:49:15.975   891 14300 I vendor.qti.bluetooth@1.0-ibs_handler: ProcessIbsCmd: Received IBS_SLEEP_IND: 0xFE
05-28 19:49:15.978   891 14300 I vendor.qti.bluetooth@1.0-ibs_handler: ProcessIbsCmd: Received IBS_WAKE_IND: 0xFD
05-28 19:49:15.979   891 14300 I vendor.qti.bluetooth@1.0-ibs_handler: ProcessIbsCmd: Writing IBS_WAKE_ACK
05-28 19:49:15.980 14164 14305 E bt_l2cap: packages/modules/Bluetooth/system/main/bte_logmsg.cc:191 LogMsg: L2CAP - not accepted. Status 2
05-28 19:49:15.980 14164 14305 I bt_stack: [INFO:eatt_impl.h(482)] eatt_l2cap_error_cb cid: 0x004b reason 0x0002
05-28 19:49:15.980 14164 14305 E bt_stack: [ERROR:eatt_impl.h(497)] Connecting failed
05-28 19:49:15.981 14164 14305 I bt_stack: [INFO:eatt_impl.h(482)] eatt_l2cap_error_cb cid: 0x004c reason 0x0002
05-28 19:49:15.981 14164 14305 E bt_stack: [ERROR:eatt_impl.h(497)] Connecting failed
05-28 19:49:15.981 14164 14305 I bt_stack: [INFO:eatt_impl.h(482)] eatt_l2cap_error_cb cid: 0x004d reason 0x0002
05-28 19:49:15.981 14164 14305 E bt_stack: [ERROR:eatt_impl.h(497)] Connecting failed
05-28 19:49:15.981 14164 14305 I bt_stack: [INFO:eatt_impl.h(482)] eatt_l2cap_error_cb cid: 0x004e reason 0x0002
05-28 19:49:15.981 14164 14305 E bt_stack: [ERROR:eatt_impl.h(497)] Connecting failed
05-28 19:49:15.981 14164 14305 I bt_stack: [INFO:eatt_impl.h(482)] eatt_l2cap_error_cb cid: 0x004f reason 0x0002
05-28 19:49:15.981 14164 14305 E bt_stack: [ERROR:eatt_impl.h(497)] Connecting failed
05-28 19:49:16.019   891 14300 I vendor.qti.bluetooth@1.0-ibs_handler: ProcessIbsCmd: Received IBS_SLEEP_IND: 0xFE
05-28 19:49:16.024   891 14300 I vendor.qti.bluetooth@1.0-ibs_handler: ProcessIbsCmd: Received IBS_WAKE_IND: 0xFD
05-28 19:49:16.024   891 14300 I vendor.qti.bluetooth@1.0-ibs_handler: ProcessIbsCmd: Writing IBS_WAKE_ACK
05-28 19:49:16.064   891 14300 I vendor.qti.bluetooth@1.0-ibs_handler: ProcessIbsCmd: Received IBS_SLEEP_IND: 0xFE
05-28 19:49:16.068   891 14300 I vendor.qti.bluetooth@1.0-ibs_handler: ProcessIbsCmd: Received IBS_WAKE_IND: 0xFD
05-28 19:49:16.068   891 14300 I vendor.qti.bluetooth@1.0-ibs_handler: ProcessIbsCmd: Writing IBS_WAKE_ACK
05-28 19:49:16.103 14164 14359 I BluetoothAdapterService: getActiveDevices: A2dp device: EC:46:54:03:0E:B8
05-28 19:49:16.105 14164 14359 I BluetoothAdapterService: getActiveDevices: Headset device: EC:46:54:03:0E:B8
05-28 19:49:16.109   891 14300 I vendor.qti.bluetooth@1.0-ibs_handler: ProcessIbsCmd: Received IBS_SLEEP_IND: 0xFE
05-28 19:49:16.113   891 14300 I vendor.qti.bluetooth@1.0-ibs_handler: ProcessIbsCmd: Received IBS_WAKE_IND: 0xFD
05-28 19:49:16.114   891 14300 I vendor.qti.bluetooth@1.0-ibs_handler: ProcessIbsCmd: Writing IBS_WAKE_ACK
05-28 19:49:16.154   891 14300 I vendor.qti.bluetooth@1.0-ibs_handler: ProcessIbsCmd: Received IBS_SLEEP_IND: 0xFE
05-28 19:49:16.159   891 14300 I vendor.qti.bluetooth@1.0-ibs_handler: ProcessIbsCmd: Received IBS_WAKE_IND: 0xFD
05-28 19:49:16.159   891 14300 I vendor.qti.bluetooth@1.0-ibs_handler: ProcessIbsCmd: Writing IBS_WAKE_ACK
05-28 19:49:16.177 14164 14305 I btm_acl : packages/modules/Bluetooth/system/stack/acl/btm_acl.cc:571 BTM_SwitchRoleToCentral: Requested role is already in effect
05-28 19:49:16.199   891 14300 I vendor.qti.bluetooth@1.0-ibs_handler: ProcessIbsCmd: Received IBS_SLEEP_IND: 0xFE
05-28 19:49:16.203   891 14300 I vendor.qti.bluetooth@1.0-ibs_handler: ProcessIbsCmd: Received IBS_WAKE_IND: 0xFD
05-28 19:49:16.203   891 14300 I vendor.qti.bluetooth@1.0-ibs_handler: ProcessIbsCmd: Writing IBS_WAKE_ACK
05-28 19:49:16.244   891 14300 I vendor.qti.bluetooth@1.0-ibs_handler: ProcessIbsCmd: Received IBS_SLEEP_IND: 0xFE
05-28 19:49:16.248   891 14300 I vendor.qti.bluetooth@1.0-ibs_handler: ProcessIbsCmd: Received IBS_WAKE_IND: 0xFD
05-28 19:49:16.250   891 14300 I vendor.qti.bluetooth@1.0-ibs_handler: ProcessIbsCmd: Writing IBS_WAKE_ACK
05-28 19:49:16.291   891 14300 I vendor.qti.bluetooth@1.0-ibs_handler: ProcessIbsCmd: Received IBS_SLEEP_IND: 0xFE
05-28 19:49:16.293   891 14300 I vendor.qti.bluetooth@1.0-ibs_handler: ProcessIbsCmd: Received IBS_WAKE_IND: 0xFD
05-28 19:49:16.293   891 14300 I vendor.qti.bluetooth@1.0-ibs_handler: ProcessIbsCmd: Writing IBS_WAKE_ACK
05-28 19:49:16.305 14164 14359 I BluetoothAdapterService: getActiveDevices: A2dp device: EC:46:54:03:0E:B8
05-28 19:49:16.306 14164 14359 I BluetoothAdapterService: getActiveDevices: Headset device: EC:46:54:03:0E:B8
05-28 19:49:16.334   891 14300 I vendor.qti.bluetooth@1.0-ibs_handler: ProcessIbsCmd: Received IBS_SLEEP_IND: 0xFE
05-28 19:49:16.338   891 14300 I vendor.qti.bluetooth@1.0-ibs_handler: ProcessIbsCmd: Received IBS_WAKE_IND: 0xFD
05-28 19:49:16.338   891 14300 I vendor.qti.bluetooth@1.0-ibs_handler: ProcessIbsCmd: Writing IBS_WAKE_ACK
05-28 19:49:16.354 14164 14305 I bt_stack: [INFO:gatt_api.cc(781)] GATTC_Discover conn_id=0x0005, disc_type=3, s_handle=0x0001, e_handle=0x0008
05-28 19:49:16.369 14164 14305 I bt_stack: [INFO:gatt_api.cc(781)] GATTC_Discover conn_id=0x0005, disc_type=4, s_handle=0x0001, e_handle=0x0008
05-28 19:49:16.399 14164 14305 I bt_stack: [INFO:gatt_api.cc(781)] GATTC_Discover conn_id=0x0005, disc_type=5, s_handle=0x0004, e_handle=0x0004
05-28 19:49:16.414 14164 14305 I bt_stack: [INFO:gatt_api.cc(781)] GATTC_Discover conn_id=0x0005, disc_type=3, s_handle=0x0009, e_handle=0x0011
05-28 19:49:16.430 14164 14305 I bt_stack: [INFO:gatt_api.cc(781)] GATTC_Discover conn_id=0x0005, disc_type=4, s_handle=0x0009, e_handle=0x0011
05-28 19:49:16.474 14164 14305 I bt_stack: [INFO:gatt_api.cc(781)] GATTC_Discover conn_id=0x0005, disc_type=3, s_handle=0x0012, e_handle=0x0014
05-28 19:49:16.489 14164 14305 I bt_stack: [INFO:gatt_api.cc(781)] GATTC_Discover conn_id=0x0005, disc_type=4, s_handle=0x0012, e_handle=0x0014
05-28 19:49:16.519 14164 14305 I bt_stack: [INFO:gatt_api.cc(781)] GATTC_Discover conn_id=0x0005, disc_type=3, s_handle=0x0015, e_handle=0x001f
05-28 19:49:16.534 14164 14305 I bt_stack: [INFO:gatt_api.cc(781)] GATTC_Discover conn_id=0x0005, disc_type=4, s_handle=0x0015, e_handle=0x001f
05-28 19:49:16.579 14164 14305 I bt_stack: [INFO:gatt_api.cc(781)] GATTC_Discover conn_id=0x0005, disc_type=3, s_handle=0x0020, e_handle=0x0038
05-28 19:49:16.594 14164 14305 I bt_stack: [INFO:gatt_api.cc(781)] GATTC_Discover conn_id=0x0005, disc_type=4, s_handle=0x0020, e_handle=0x0038
05-28 19:49:16.729 14164 14305 I bt_stack: [INFO:gatt_api.cc(781)] GATTC_Discover conn_id=0x0005, disc_type=5, s_handle=0x0023, e_handle=0x0023
05-28 19:49:16.744 14164 14305 I bt_stack: [INFO:gatt_api.cc(781)] GATTC_Discover conn_id=0x0005, disc_type=5, s_handle=0x0026, e_handle=0x0026
05-28 19:49:16.759 14164 14305 I bt_stack: [INFO:gatt_api.cc(781)] GATTC_Discover conn_id=0x0005, disc_type=5, s_handle=0x0029, e_handle=0x0029
05-28 19:49:16.774 14164 14305 I bt_stack: [INFO:gatt_api.cc(781)] GATTC_Discover conn_id=0x0005, disc_type=5, s_handle=0x002c, e_handle=0x002c
05-28 19:49:16.789 14164 14305 I bt_stack: [INFO:gatt_api.cc(781)] GATTC_Discover conn_id=0x0005, disc_type=5, s_handle=0x002f, e_handle=0x002f
05-28 19:49:16.804 14164 14305 I bt_stack: [INFO:gatt_api.cc(781)] GATTC_Discover conn_id=0x0005, disc_type=5, s_handle=0x0032, e_handle=0x0032
05-28 19:49:16.819 14164 14305 I bt_stack: [INFO:gatt_api.cc(781)] GATTC_Discover conn_id=0x0005, disc_type=5, s_handle=0x0035, e_handle=0x0035
05-28 19:49:16.834 14164 14305 I bt_stack: [INFO:gatt_api.cc(781)] GATTC_Discover conn_id=0x0005, disc_type=5, s_handle=0x0038, e_handle=0x0038
05-28 19:49:16.850 14164 14305 I bt_stack: [INFO:gatt_api.cc(781)] GATTC_Discover conn_id=0x0005, disc_type=3, s_handle=0x0039, e_handle=0x0044
05-28 19:49:16.864 14164 14305 I bt_stack: [INFO:gatt_api.cc(781)] GATTC_Discover conn_id=0x0005, disc_type=4, s_handle=0x0039, e_handle=0x0044
05-28 19:49:16.939 14164 14305 I bt_stack: [INFO:gatt_api.cc(781)] GATTC_Discover conn_id=0x0005, disc_type=5, s_handle=0x003c, e_handle=0x003c
05-28 19:49:16.954 14164 14305 I bt_stack: [INFO:gatt_api.cc(781)] GATTC_Discover conn_id=0x0005, disc_type=5, s_handle=0x0041, e_handle=0x0041
05-28 19:49:16.969 14164 14305 I bt_stack: [INFO:gatt_api.cc(781)] GATTC_Discover conn_id=0x0005, disc_type=5, s_handle=0x0044, e_handle=0x0044
05-28 19:49:16.992 14164 14305 I bt_stack: [INFO:gatt_api.cc(781)] GATTC_Discover conn_id=0x0005, disc_type=3, s_handle=0x0045, e_handle=0x0048
05-28 19:49:17.007 14164 14305 I bt_stack: [INFO:gatt_api.cc(781)] GATTC_Discover conn_id=0x0005, disc_type=4, s_handle=0x0045, e_handle=0x0048
05-28 19:49:17.037 14164 14305 I bt_stack: [INFO:gatt_api.cc(781)] GATTC_Discover conn_id=0x0005, disc_type=5, s_handle=0x0048, e_handle=0x0048
05-28 19:49:17.052 14164 14305 I bt_stack: [INFO:gatt_api.cc(781)] GATTC_Discover conn_id=0x0005, disc_type=3, s_handle=0x0049, e_handle=0x004d
05-28 19:49:17.067 14164 14305 I bt_stack: [INFO:gatt_api.cc(781)] GATTC_Discover conn_id=0x0005, disc_type=4, s_handle=0x0049, e_handle=0x004d
05-28 19:49:17.097 14164 14305 I bt_stack: [INFO:gatt_api.cc(781)] GATTC_Discover conn_id=0x0005, disc_type=3, s_handle=0x004e, e_handle=0x0051
05-28 19:49:17.112 14164 14305 I bt_stack: [INFO:gatt_api.cc(781)] GATTC_Discover conn_id=0x0005, disc_type=4, s_handle=0x004e, e_handle=0x0051
05-28 19:49:17.142 14164 14305 I bt_stack: [INFO:gatt_api.cc(781)] GATTC_Discover conn_id=0x0005, disc_type=5, s_handle=0x0051, e_handle=0x0051
05-28 19:49:17.158 14164 14305 I bt_stack: [INFO:gatt_api.cc(781)] GATTC_Discover conn_id=0x0005, disc_type=3, s_handle=0x0052, e_handle=0x0055
05-28 19:49:17.161 14164 14305 W bt_btif : packages/modules/Bluetooth/system/main/bte_logmsg.cc:194 LogMsg: bta_av_open_rc: Using the new AVRCP Profile
05-28 19:49:17.161 14164 14305 I bt_stack: [INFO:avrcp_service.cc(404)] void bluetooth::avrcp::AvrcpService::ConnectDevice(const RawAddress &): address=ec:46:54:03:0e:b8
05-28 19:49:17.161 14164 14305 I bt_stack: [INFO:connection_handler.cc(113)] Attempting to connect to device ec:46:54:03:0e:b8
05-28 19:49:17.161 14164 14305 W bt_stack: [WARNING:connection_handler.cc(117)] Already connected to device with address ec:46:54:03:0e:b8
05-28 19:49:17.173 14164 14305 I bt_stack: [INFO:gatt_api.cc(781)] GATTC_Discover conn_id=0x0005, disc_type=4, s_handle=0x0052, e_handle=0x0055
05-28 19:49:17.203 14164 14305 I bt_stack: [INFO:gatt_api.cc(781)] GATTC_Discover conn_id=0x0005, disc_type=5, s_handle=0x0055, e_handle=0x0055
05-28 19:49:17.217 14164 14305 I bt_stack: [INFO:gatt_api.cc(781)] GATTC_Discover conn_id=0x0005, disc_type=3, s_handle=0x0056, e_handle=0x006b
05-28 19:49:17.234 14164 14305 I bt_stack: [INFO:gatt_api.cc(781)] GATTC_Discover conn_id=0x0005, disc_type=4, s_handle=0x0056, e_handle=0x006b
05-28 19:49:17.292 14164 14305 I bt_stack: [INFO:gatt_api.cc(781)] GATTC_Discover conn_id=0x0005, disc_type=5, s_handle=0x0061, e_handle=0x0062
05-28 19:49:17.307 14164 14305 I bt_stack: [INFO:gatt_api.cc(781)] GATTC_Discover conn_id=0x0005, disc_type=5, s_handle=0x0065, e_handle=0x0066
05-28 19:49:17.323 14164 14305 I bt_stack: [INFO:gatt_api.cc(781)] GATTC_Discover conn_id=0x0005, disc_type=5, s_handle=0x0069, e_handle=0x0069
05-28 19:49:17.337 14164 14305 I bt_stack: [INFO:gatt_api.cc(781)] GATTC_Discover conn_id=0x0005, disc_type=3, s_handle=0x006c, e_handle=0xffff
05-28 19:49:17.352 14164 14305 I bt_stack: [INFO:gatt_api.cc(781)] GATTC_Discover conn_id=0x0005, disc_type=4, s_handle=0x006c, e_handle=0xffff
05-28 19:49:17.382 14164 14305 I bt_stack: [INFO:gatt_api.cc(781)] GATTC_Discover conn_id=0x0005, disc_type=5, s_handle=0x006f, e_handle=0xffff
05-28 19:49:17.413 14164 14305 I bt_stack: [INFO:bta_gattc_cache.cc(211)] bta_gattc_explore_srvc_finished: service discovery finished
05-28 19:49:17.419 14164 14305 I bt_bta_gattc: packages/modules/Bluetooth/system/bta/gatt/bta_gattc_utils.cc:370 bta_gattc_continue: Nothing to do for conn_id = 0x0005
05-28 19:49:17.419 14164 14305 I bt_bta_gattc: packages/modules/Bluetooth/system/bta/gatt/bta_gattc_utils.cc:370 bta_gattc_continue: Nothing to do for conn_id = 0x0004
05-28 19:49:17.460   891 14300 I vendor.qti.bluetooth@1.0-ibs_handler: ProcessIbsCmd: Received IBS_SLEEP_IND: 0xFE
05-28 19:49:17.512   891 14300 I vendor.qti.bluetooth@1.0-ibs_handler: ProcessIbsCmd: Received IBS_WAKE_IND: 0xFD
05-28 19:49:17.512   891 14300 I vendor.qti.bluetooth@1.0-ibs_handler: ProcessIbsCmd: Writing IBS_WAKE_ACK
05-28 19:49:17.553   891 14300 I vendor.qti.bluetooth@1.0-ibs_handler: ProcessIbsCmd: Received IBS_SLEEP_IND: 0xFE
05-28 19:49:17.690 14164 14264 I bt_bta_gattc: packages/modules/Bluetooth/system/bta/gatt/bta_gattc_cache.cc:957 bta_gattc_get_gatt_db: bta_gattc_get_gatt_db
Error collecting logs: read interrupted
