--------- beginning of main
05-28 19:49:09.611 10439 10733 D BluetoothSocket: accept(), timeout (ms):-1
05-28 19:49:09.612 10439 10732 D BluetoothSocket: accept(), timeout (ms):-1
05-28 19:49:09.612 10439 10731 D BluetoothSocket: accept(), timeout (ms):-1
05-28 19:49:09.614   891   891 E Diag_Lib: BluetoothDeathRecipient: Calling HAL close
05-28 19:49:09.614   891   891 W vendor.qti.bluetooth@1.0-bluetooth_hci: BluetoothHci::close()
05-28 19:49:09.614   891   891 W vendor.qti.bluetooth@1.0-data_handler: DataHandler::CleanUp()
05-28 19:49:09.614   891   891 D vendor.qti.bluetooth@1.0-data_handler: StopInitTimer: InitTimer already stopped
05-28 19:49:09.614   891   891 I vendor.qti.bluetooth@1.0-data_handler: DataHandler:: init_status 3
05-28 19:49:09.614   891   891 D vendor.qti.bluetooth@1.0-data_handler: Close: Signal close to Diag interface
05-28 19:49:09.614   891   891 I vendor.qti.bluetooth@1.0-data_handler: Sending HCI Reset 
05-28 19:49:09.614   891   891 D vendor.qti.bluetooth@1.0-ibs_handler: SerialClockVote: vote for UART CLK ON
05-28 19:49:09.618   891   891 D vendor.qti.bluetooth@1.0-wake_lock: Acquire wakelock is acquired 
05-28 19:49:09.623   891   891 I vendor.qti.bluetooth@1.0-ibs_handler: DeviceWakeUp: Writing IBS_WAKE_IND
05-28 19:49:09.624 10439 10731 D BluetoothSocket: accept(), timeout (ms):-1
05-28 19:49:09.624   891 12593 I vendor.qti.bluetooth@1.0-ibs_handler: ProcessIbsCmd: Received IBS_WAKE_ACK: 0xFC
05-28 19:49:09.626 10439 10731 D BluetoothSocket: accept(), timeout (ms):-1
05-28 19:49:09.626   891 12593 I vendor.qti.bluetooth@1.0-ibs_handler: ProcessIbsCmd: Signal wack_cond_
05-28 19:49:09.627 10439 10731 D BluetoothSocket: accept(), timeout (ms):-1
05-28 19:49:09.627   891   891 D vendor.qti.bluetooth@1.0-ibs_handler: DeviceWakeUp: Unblocked from waiting for FC
05-28 19:49:09.628 10439 10731 D BluetoothSocket: accept(), timeout (ms):-1
05-28 19:49:09.628 10439 10733 D BluetoothSocket: accept(), timeout (ms):-1
05-28 19:49:09.628 10439 10733 D BluetoothSocket: accept(), timeout (ms):-1
05-28 19:49:09.629 10439 10733 D BluetoothSocket: accept(), timeout (ms):-1
05-28 19:49:09.629 10439 10732 D BluetoothSocket: accept(), timeout (ms):-1
05-28 19:49:09.630 10439 10732 D BluetoothSocket: accept(), timeout (ms):-1
05-28 19:49:09.632 10439 10730 D BluetoothSocket: accept(), timeout (ms):-1
05-28 19:49:09.632 10439 10733 D BluetoothSocket: accept(), timeout (ms):-1
05-28 19:49:09.633 10439 10733 D BluetoothSocket: accept(), timeout (ms):-1
05-28 19:49:09.633 10439 10733 D BluetoothSocket: accept(), timeout (ms):-1
05-28 19:49:09.633 10439 10733 D BluetoothSocket: accept(), timeout (ms):-1
05-28 19:49:09.633 10439 10733 D BluetoothSocket: accept(), timeout (ms):-1
05-28 19:49:09.633 10439 10733 D BluetoothSocket: accept(), timeout (ms):-1
05-28 19:49:09.633 10439 10733 D BluetoothSocket: accept(), timeout (ms):-1
05-28 19:49:09.633 10439 10733 D BluetoothSocket: accept(), timeout (ms):-1
05-28 19:49:09.633 10439 10733 D BluetoothSocket: accept(), timeout (ms):-1
05-28 19:49:09.633 10439 10733 D BluetoothSocket: accept(), timeout (ms):-1
05-28 19:49:09.634 10439 10733 D BluetoothSocket: accept(), timeout (ms):-1
05-28 19:49:09.634 10439 10733 D BluetoothSocket: accept(), timeout (ms):-1
05-28 19:49:09.634 10439 10733 D BluetoothSocket: accept(), timeout (ms):-1
05-28 19:49:09.634 10439 10733 D BluetoothSocket: accept(), timeout (ms):-1
05-28 19:49:09.634 10439 10733 D BluetoothSocket: accept(), timeout (ms):-1
05-28 19:49:09.634 10439 10733 D BluetoothSocket: accept(), timeout (ms):-1
05-28 19:49:09.634 10439 10733 D BluetoothSocket: accept(), timeout (ms):-1
05-28 19:49:09.634 10439 10733 D BluetoothSocket: accept(), timeout (ms):-1
05-28 19:49:09.634 10439 10733 D BluetoothSocket: accept(), timeout (ms):-1
05-28 19:49:09.634 10439 10733 D BluetoothSocket: accept(), timeout (ms):-1
05-28 19:49:09.634 10439 10733 D BluetoothSocket: accept(), timeout (ms):-1
05-28 19:49:09.634 10439 10733 D BluetoothSocket: accept(), timeout (ms):-1
05-28 19:49:09.634 10439 10733 D BluetoothSocket: accept(), timeout (ms):-1
05-28 19:49:09.634 10439 10733 D BluetoothSocket: accept(), timeout (ms):-1
05-28 19:49:09.634 10439 10733 D BluetoothSocket: accept(), timeout (ms):-1
05-28 19:49:09.634 10439 10733 D BluetoothSocket: accept(), timeout (ms):-1
05-28 19:49:09.634 10439 10733 D BluetoothSocket: accept(), timeout (ms):-1
05-28 19:49:09.635 10439 10733 D BluetoothSocket: accept(), timeout (ms):-1
05-28 19:49:09.635 10439 10733 D BluetoothSocket: accept(), timeout (ms):-1
05-28 19:49:09.635 10439 10733 D BluetoothSocket: accept(), timeout (ms):-1
05-28 19:49:09.635 10439 10733 D BluetoothSocket: accept(), timeout (ms):-1
05-28 19:49:09.635   891 12593 I vendor.qti.bluetooth@1.0-ibs_handler: ProcessIbsCmd: Received IBS_WAKE_IND: 0xFD
05-28 19:49:09.635 10439 10733 D BluetoothSocket: accept(), timeout (ms):-1
05-28 19:49:09.635   891 12593 I vendor.qti.bluetooth@1.0-ibs_handler: ProcessIbsCmd: Writing IBS_WAKE_ACK
05-28 19:49:09.635 10439 10733 D BluetoothSocket: accept(), timeout (ms):-1
05-28 19:49:09.635 10439 10733 D BluetoothSocket: accept(), timeout (ms):-1
05-28 19:49:09.635 10439 10733 D BluetoothSocket: accept(), timeout (ms):-1
05-28 19:49:09.635 10439 10733 D BluetoothSocket: accept(), timeout (ms):-1
05-28 19:49:09.635 10439 10733 D BluetoothSocket: accept(), timeout (ms):-1
05-28 19:49:09.635 10439 10733 D BluetoothSocket: accept(), timeout (ms):-1
05-28 19:49:09.635 10439 10733 D BluetoothSocket: accept(), timeout (ms):-1
05-28 19:49:09.635 10439 10733 D BluetoothSocket: accept(), timeout (ms):-1
05-28 19:49:09.635 10439 10733 D BluetoothSocket: accept(), timeout (ms):-1
05-28 19:49:09.635 10439 10733 D BluetoothSocket: accept(), timeout (ms):-1
05-28 19:49:09.635 10439 10733 D BluetoothSocket: accept(), timeout (ms):-1
05-28 19:49:09.635 10439 10733 D BluetoothSocket: accept(), timeout (ms):-1
05-28 19:49:09.635 10439 10733 D BluetoothSocket: accept(), timeout (ms):-1
05-28 19:49:09.635 10439 10733 D BluetoothSocket: accept(), timeout (ms):-1
05-28 19:49:09.635 10439 10733 D BluetoothSocket: accept(), timeout (ms):-1
05-28 19:49:09.635   891 12593 W vendor.qti.bluetooth@1.0-data_handler: OnPacketReady: Received event for command sent internally: 03 0c 
05-28 19:49:09.635 10439 10733 D BluetoothSocket: accept(), timeout (ms):-1
05-28 19:49:09.636   891   891 I vendor.qti.bluetooth@1.0-data_handler: Sending Pre-shutdown command 
05-28 19:49:09.636 10439 10732 D BluetoothSocket: accept(), timeout (ms):-1
05-28 19:49:09.638 10439 10732 D BluetoothSocket: accept(), timeout (ms):-1
05-28 19:49:09.638   891 12593 W vendor.qti.bluetooth@1.0-data_handler: OnPacketReady: Received event for command sent internally: 08 fc 
05-28 19:49:09.638 10439 10732 D BluetoothSocket: accept(), timeout (ms):-1
05-28 19:49:09.638 10439 10732 D BluetoothSocket: accept(), timeout (ms):-1
05-28 19:49:09.638 10439 10732 D BluetoothSocket: accept(), timeout (ms):-1
05-28 19:49:09.638 10439 10732 D BluetoothSocket: accept(), timeout (ms):-1
05-28 19:49:09.638 10439 10732 D BluetoothSocket: accept(), timeout (ms):-1
05-28 19:49:09.639 10439 10732 D BluetoothSocket: accept(), timeout (ms):-1
05-28 19:49:09.639 10439 10732 D BluetoothSocket: accept(), timeout (ms):-1
05-28 19:49:09.639 10439 10732 D BluetoothSocket: accept(), timeout (ms):-1
05-28 19:49:09.639 10439 10732 D BluetoothSocket: accept(), timeout (ms):-1
05-28 19:49:09.639   891   891 D vendor.qti.bluetooth@1.0-uart_controller: UartController::Cleanup, soc_need_reload_patch=1
05-28 19:49:09.639 10439 10732 D BluetoothSocket: accept(), timeout (ms):-1
05-28 19:49:09.639   891   891 D vendor.qti.bluetooth@1.0-ibs_handler: waitUntilSleepIndRecvd, begin
05-28 19:49:09.639   891   891 I vendor.qti.bluetooth@1.0-ibs_handler: waitUntilSleepIndRecvd: current system time tv_sec:1748450949 tv_nsec :639679281
05-28 19:49:09.639   891   891 I vendor.qti.bluetooth@1.0-ibs_handler: waitUntilSleepIndRecvd: timeout configured to tv_sec:1748450950 tv_nsec :639679281
05-28 19:49:09.639 10439 10732 D BluetoothSocket: accept(), timeout (ms):-1
05-28 19:49:09.640 10439 10730 D BluetoothSocket: accept(), timeout (ms):-1
05-28 19:49:09.640 10439 10731 D BluetoothSocket: accept(), timeout (ms):-1
05-28 19:49:09.640 10439 10733 D BluetoothSocket: accept(), timeout (ms):-1
05-28 19:49:09.640 10439 10731 D BluetoothSocket: accept(), timeout (ms):-1
05-28 19:49:09.640 10439 10730 D BluetoothSocket: accept(), timeout (ms):-1
05-28 19:49:09.640 10439 10731 D BluetoothSocket: accept(), timeout (ms):-1
05-28 19:49:09.640 10439 10733 D BluetoothSocket: accept(), timeout (ms):-1
05-28 19:49:09.640 10439 10731 D BluetoothSocket: accept(), timeout (ms):-1
05-28 19:49:09.640 10439 10730 D BluetoothSocket: accept(), timeout (ms):-1
05-28 19:49:09.640 10439 10731 D BluetoothSocket: accept(), timeout (ms):-1
05-28 19:49:09.640 10439 10733 D BluetoothSocket: accept(), timeout (ms):-1
05-28 19:49:09.640 10439 10732 D BluetoothSocket: accept(), timeout (ms):-1
05-28 19:49:09.641 10439 10731 D BluetoothSocket: accept(), timeout (ms):-1
05-28 19:49:09.641 10439 10730 D BluetoothSocket: accept(), timeout (ms):-1
05-28 19:49:09.641 10439 10733 D BluetoothSocket: accept(), timeout (ms):-1
05-28 19:49:09.641 10439 10732 D BluetoothSocket: accept(), timeout (ms):-1
05-28 19:49:09.641 10439 10731 D BluetoothSocket: accept(), timeout (ms):-1
05-28 19:49:09.641 10439 10732 D BluetoothSocket: accept(), timeout (ms):-1
05-28 19:49:09.641 10439 10731 D BluetoothSocket: accept(), timeout (ms):-1
05-28 19:49:09.641 10439 10732 D BluetoothSocket: accept(), timeout (ms):-1
05-28 19:49:09.641 10439 10731 D BluetoothSocket: accept(), timeout (ms):-1
05-28 19:49:09.641 10439 10732 D BluetoothSocket: accept(), timeout (ms):-1
05-28 19:49:09.641 10439 10731 D BluetoothSocket: accept(), timeout (ms):-1
05-28 19:49:09.641 10439 10732 D BluetoothSocket: accept(), timeout (ms):-1
05-28 19:49:09.641 10439 10731 D BluetoothSocket: accept(), timeout (ms):-1
05-28 19:49:09.641 10439 10732 D BluetoothSocket: accept(), timeout (ms):-1
05-28 19:49:09.641 10439 10731 D BluetoothSocket: accept(), timeout (ms):-1
05-28 19:49:09.641 10439 10732 D BluetoothSocket: accept(), timeout (ms):-1
05-28 19:49:09.642 10439 10731 D BluetoothSocket: accept(), timeout (ms):-1
05-28 19:49:09.642 10439 10732 D BluetoothSocket: accept(), timeout (ms):-1
05-28 19:49:09.642 10439 10731 D BluetoothSocket: accept(), timeout (ms):-1
05-28 19:49:09.642 10439 10732 D BluetoothSocket: accept(), timeout (ms):-1
05-28 19:49:09.642 10439 10731 D BluetoothSocket: accept(), timeout (ms):-1
05-28 19:49:09.642 10439 10732 D BluetoothSocket: accept(), timeout (ms):-1
05-28 19:49:09.642 10439 10731 D BluetoothSocket: accept(), timeout (ms):-1
05-28 19:49:09.642 10439 10732 D BluetoothSocket: accept(), timeout (ms):-1
05-28 19:49:09.642 10439 10731 D BluetoothSocket: accept(), timeout (ms):-1
05-28 19:49:09.642 10439 10732 D BluetoothSocket: accept(), timeout (ms):-1
05-28 19:49:09.642 10439 10731 D BluetoothSocket: accept(), timeout (ms):-1
05-28 19:49:09.642 10439 10732 D BluetoothSocket: accept(), timeout (ms):-1
05-28 19:49:09.643 10439 10733 D BluetoothSocket: accept(), timeout (ms):-1
05-28 19:49:09.643 10439 10733 D BluetoothSocket: accept(), timeout (ms):-1
05-28 19:49:09.643 10439 10733 D BluetoothSocket: accept(), timeout (ms):-1
05-28 19:49:09.643 10439 10733 D BluetoothSocket: accept(), timeout (ms):-1
05-28 19:49:09.643 10439 10732 D BluetoothSocket: accept(), timeout (ms):-1
05-28 19:49:09.643 10439 10732 D BluetoothSocket: accept(), timeout (ms):-1
05-28 19:49:09.643 10439 10732 D BluetoothSocket: accept(), timeout (ms):-1
05-28 19:49:09.643 10439 10732 D BluetoothSocket: accept(), timeout (ms):-1
05-28 19:49:09.646 10439 10733 D BluetoothSocket: accept(), timeout (ms):-1
05-28 19:49:09.651 10439 10733 D BluetoothSocket: accept(), timeout (ms):-1
05-28 19:49:09.652 10439 10733 D BluetoothSocket: accept(), timeout (ms):-1
05-28 19:49:09.652 10439 10733 D BluetoothSocket: accept(), timeout (ms):-1
05-28 19:49:09.652 10439 10733 D BluetoothSocket: accept(), timeout (ms):-1
05-28 19:49:09.652 10439 10730 D BluetoothSocket: accept(), timeout (ms):-1
05-28 19:49:09.652 10439 10730 D BluetoothSocket: accept(), timeout (ms):-1
05-28 19:49:09.652 10439 10730 D BluetoothSocket: accept(), timeout (ms):-1
05-28 19:49:09.652 10439 10731 D BluetoothSocket: accept(), timeout (ms):-1
05-28 19:49:09.652 10439 10730 D BluetoothSocket: accept(), timeout (ms):-1
05-28 19:49:09.652 10439 10731 D BluetoothSocket: accept(), timeout (ms):-1
05-28 19:49:09.652 10439 10730 D BluetoothSocket: accept(), timeout (ms):-1
05-28 19:49:09.652 10439 10731 D BluetoothSocket: accept(), timeout (ms):-1
05-28 19:49:09.652 10439 11339 D BluetoothAdapter: onBluetoothServiceDown
05-28 19:49:09.652 10439 10731 D BluetoothSocket: accept(), timeout (ms):-1
05-28 19:49:09.652 10439 10733 D BluetoothSocket: accept(), timeout (ms):-1
05-28 19:49:09.652 10439 10731 D BluetoothSocket: accept(), timeout (ms):-1
05-28 19:49:09.653 10439 10731 D BluetoothSocket: accept(), timeout (ms):-1
05-28 19:49:09.653 10439 10731 D BluetoothSocket: close() this: XX:XX:XX:00:00:00, channel: 10, mSocketIS: android.net.LocalSocketImpl$SocketInputStream@65cc3ee, mSocketOS: android.net.LocalSocketImpl$SocketOutputStream@6619f1c, mSocket: android.net.LocalSocket@1b37725 impl:android.net.LocalSocketImpl@b8e36ab fd:java.io.FileDescriptor@3779108, mSocketState: LISTENING
05-28 19:49:09.653 10439 10733 D BluetoothSocket: close() this: XX:XX:XX:00:00:00, channel: 10, mSocketIS: android.net.LocalSocketImpl$SocketInputStream@65cc3ee, mSocketOS: android.net.LocalSocketImpl$SocketOutputStream@6619f1c, mSocket: android.net.LocalSocket@1b37725 impl:android.net.LocalSocketImpl@b8e36ab fd:java.io.FileDescriptor@3779108, mSocketState: LISTENING
05-28 19:49:09.653 10439 10732 D BluetoothSocket: accept(), timeout (ms):-1
05-28 19:49:09.653 10439 10732 D BluetoothSocket: close() this: XX:XX:XX:00:00:00, channel: 10, mSocketIS: android.net.LocalSocketImpl$SocketInputStream@65cc3ee, mSocketOS: android.net.LocalSocketImpl$SocketOutputStream@6619f1c, mSocket: null, mSocketState: CLOSED
05-28 19:49:09.653 10439 10730 D BluetoothSocket: accept(), timeout (ms):-1
05-28 19:49:09.654 10439 10730 D BluetoothSocket: close() this: XX:XX:XX:00:00:00, channel: 10, mSocketIS: android.net.LocalSocketImpl$SocketInputStream@65cc3ee, mSocketOS: android.net.LocalSocketImpl$SocketOutputStream@6619f1c, mSocket: null, mSocketState: CLOSED
05-28 19:49:09.665 10439 11339 D BluetoothAdapter: onBluetoothServiceDown
05-28 19:49:09.678   891 12593 I vendor.qti.bluetooth@1.0-ibs_handler: ProcessIbsCmd: Received IBS_SLEEP_IND: 0xFE
05-28 19:49:09.678   891   891 D vendor.qti.bluetooth@1.0-ibs_handler: waitUntilSleepIndRecvd, end, sleep_ind_recvd_=1
05-28 19:49:09.678   891 12593 E vendor.qti.bluetooth@1.0-async_fd_watcher: ThreadRoutine: End of AsyncFdWatcher::ThreadRoutine
05-28 19:49:09.678   891   891 W vendor.qti.bluetooth@1.0-async_fd_watcher: StopThread: stopped the work thread
05-28 19:49:09.678   891   891 I vendor.qti.bluetooth@1.0-ibs_handler: ~IbsHandler
05-28 19:49:09.679   891   891 D vendor.qti.bluetooth@1.0-wake_lock: Release wakelock is released 
05-28 19:49:09.679   891   891 D vendor.qti.bluetooth@1.0-uart_controller: HciTransportCleanup: deleting hci_transport
05-28 19:49:09.679   891   891 D vendor.qti.bluetooth@1.0-uart_transport: Disconnect: discard unsent data
05-28 19:49:09.679   891   891 D vendor.qti.bluetooth@1.0-uart_transport: CleanUp:> soc_type: 3, need_reload: 1
05-28 19:49:09.679   891   891 D vendor.qti.bluetooth@1.0-uart_transport: userial clock off
05-28 19:49:09.680   891   891 I vendor.qti.bluetooth@1.0-uart_transport: DeInitTransport: Transport is being closed!
05-28 19:49:09.690   891   891 I vendor.qti.bluetooth@1.0-uart_transport: InitTransport: opening /dev/ttyHS0
05-28 19:49:09.697   891   891 D vendor.qti.bluetooth@1.0-uart_transport: userial clock on
05-28 19:49:09.705   891   891 I vendor.qti.bluetooth@1.0-uart_transport: GetBaudRate: Current Baudrate = 2400 bps
05-28 19:49:09.705   891   891 I vendor.qti.bluetooth@1.0-uart_transport: InitTransport: device fd = 9 open @2400 bps
05-28 19:49:09.730   891   891 I vendor.qti.bluetooth@1.0-uart_transport: CleanUp:send out shutdown signal
05-28 19:49:09.730   891   891 D vendor.qti.bluetooth@1.0-uart_transport: userial clock off
05-28 19:49:09.733   891   891 I vendor.qti.bluetooth@1.0-uart_transport: DeInitTransport: Transport is being closed!
05-28 19:49:09.833   891   891 D vendor.qti.bluetooth@1.0-power_manager: SetPower: enable: 0
05-28 19:49:09.833   891   891 E vendor.qti.bluetooth@1.0-power_manager: 
05-28 19:49:09.833   891   891 E vendor.qti.bluetooth@1.0-power_manager: PowerUpChip enable(0) retentionMode(0)
05-28 19:49:09.833   891   891 D vendor.qti.bluetooth@1.0-uart_controller: StopRecoveryStuckTimer: Stuck recovery timer Stopped
05-28 19:49:09.833   891   891 D vendor.qti.bluetooth@1.0-diag_interface: BT_Diag_LSM_DeInit
05-28 19:49:09.833   891   891 I vendor.qti.bluetooth@1.0-diag_interface: StartDiagDeinitTimeoutTimer
05-28 19:49:09.834   891   891 D vendor.qti.bluetooth@1.0-diag_interface: BT_Diag_LSM_DeInit: Pre-Diag_LSM_DeInit
05-28 19:49:09.835   891   891 E Diag_Lib: diag: Diag_LSM_DeInit: invoked for pid: 891
05-28 19:49:09.836   891   891 E Diag_Lib: diag: Diag_LSM_DeInit: Initiating deinit pkt transfer
05-28 19:49:09.836   891   891 E Diag_Lib: diag: Diag_LSM_DeInit: Read status in CreateWaitThread, in_read: 0
05-28 19:49:09.836   891 12594 E Diag_Lib: diag: CreateWaitThread, Read DEINIT_TYPE packet
05-28 19:49:09.836   891   891 E Diag_Lib: diag: Diag_LSM_DeInit: status of deinit_rcvd: 0, sig_rcvd: 0
05-28 19:49:09.836   891   891 E Diag_Lib: diag: Diag_LSM_DeInit: Joining the read thread, deinit_rcvd: 1, sig_rcvd: 0
05-28 19:49:09.836   891 12594 E Diag_Lib: diag: CreateWaitThread, Exiting...
05-28 19:49:09.846   891   891 E Diag_Lib: diag: Diag_LSM_DeInit: done for pid: 891
05-28 19:49:09.846   891   891 D vendor.qti.bluetooth@1.0-diag_interface: BT_Diag_LSM_DeInit: Post-Diag_LSM_DeInit
05-28 19:49:09.846   891   891 I vendor.qti.bluetooth@1.0-diag_interface: StopDiagDeinitTimeoutTimer
05-28 19:49:09.846   891   891 D vendor.qti.bluetooth@1.0-diag_interface: Diag_LSM_DeInit SUCCEED
05-28 19:49:09.846   891   891 W vendor.qti.bluetooth@1.0-data_handler: controller Cleanup done
05-28 19:49:09.846   891   891 D vendor.qti.bluetooth@1.0-data_handler: Close: joining init thread
05-28 19:49:09.846   891   891 I vendor.qti.bluetooth@1.0-data_handler: DataHandler:: joined Init thread 
05-28 19:49:09.846   891   891 D vendor.qti.bluetooth@1.0-wake_lock: CleanUp wakelock is destroyed 
05-28 19:49:09.846   891   891 W vendor.qti.bluetooth@1.0-bluetooth_hci: BluetoothHci::close, finish cleanup
05-28 19:49:10.070 14164 14164 E droid.bluetooth: Not starting debugger since process cannot load the jdwp agent.
05-28 19:49:10.077 14164 14164 W droid.bluetooth: Core platform API violation: Ljava/lang/Class;->accessFlags:I from Lcom/android/internal/os/Zygote; using JNI
05-28 19:49:10.077 14164 14164 W droid.bluetooth: Core platform API violation: Ljava/lang/reflect/Executable;->artMethod:J from Lcom/android/internal/os/Zygote; using JNI
05-28 19:49:10.077 14164 14164 W droid.bluetooth: Core platform API violation: Ljava/lang/reflect/Executable;->accessFlags:I from Lcom/android/internal/os/Zygote; using JNI
05-28 19:49:10.091 14164 14164 W droid.bluetooth: Core platform API violation: Ldalvik/system/BaseDexClassLoader;->pathList:Ldalvik/system/DexPathList; from Lcom/android/internal/os/Zygote; using JNI
05-28 19:49:10.092 14164 14164 W droid.bluetooth: Core platform API violation: Ldalvik/system/DexPathList;->dexElements:[Ldalvik/system/DexPathList$Element; from Lcom/android/internal/os/Zygote; using JNI
05-28 19:49:10.092 14164 14164 W droid.bluetooth: Core platform API violation: Ldalvik/system/DexPathList$Element;->dexFile:Ldalvik/system/DexFile; from Lcom/android/internal/os/Zygote; using JNI
05-28 19:49:10.092 14164 14164 W droid.bluetooth: Core platform API violation: Ldalvik/system/DexFile;->mCookie:Ljava/lang/Object; from Lcom/android/internal/os/Zygote; using JNI
05-28 19:49:10.106 14164 14164 I LSPosed : Loading xposed for com.android.bluetooth/1002
05-28 19:49:10.108 14164 14164 W System  : ClassLoader referenced unknown path: 
05-28 19:49:10.110 14164 14164 W System  : ClassLoader referenced unknown path: 
05-28 19:49:10.111 14164 14164 W System  : ClassLoader referenced unknown path: 
05-28 19:49:10.112 14164 14164 W System  : ClassLoader referenced unknown path: 
05-28 19:49:10.113 14164 14164 W System  : ClassLoader referenced unknown path: 
05-28 19:49:10.114 14164 14164 W System  : ClassLoader referenced unknown path: 
05-28 19:49:10.296 14164 14164 W droid.bluetooth: Unsupported class loader
05-28 19:49:10.337 14164 14164 I AirPodsHook: AirPodsHook module initialized at :: com.android.bluetooth
05-28 19:49:10.368 14164 14164 D CompatibilityChangeReporter: Compat change id reported: 171979766; UID 1002; state: ENABLED
05-28 19:49:10.423 14164 14164 I AirPodsHook: onPackageLoaded :: com.android.bluetooth
05-28 19:49:10.423 14164 14164 I AirPodsHook: Bluetooth app detected, hooking l2c_fcr_chk_chan_modes
05-28 19:49:10.423 14164 14164 I AirPodsHook: Loading native library for Bluetooth hook
05-28 19:49:10.429 14164 14164 I AirPodsHook: L2C FCR Hook module initialized
05-28 19:49:10.430 14164 14164 I AirPodsHook: Native library loaded successfully
05-28 19:49:10.443 14164 14164 V GraphicsEnvironment: ANGLE Developer option for 'com.android.bluetooth' set to: 'default'
05-28 19:49:10.443 14164 14164 V GraphicsEnvironment: ANGLE GameManagerService for com.android.bluetooth: false
05-28 19:49:10.443 14164 14164 V GraphicsEnvironment: Neither updatable production driver nor prerelease driver is supported.
05-28 19:49:10.445 14164 14164 D NetworkSecurityConfig: No Network Security Config specified, using platform default
05-28 19:49:10.445 14164 14164 D NetworkSecurityConfig: No Network Security Config specified, using platform default
05-28 19:49:10.524 14164 14164 I bt_stack_config: packages/modules/Bluetooth/system/main/stack_config.cc:199 get_pts_broadcast_audio_config_options: Config isn't ready, use default option
05-28 19:49:10.525 14164 14164 I droid.bluetooth: [0528/194910.524543:INFO:btif_config_cache.cc(67)] BtifConfigCache, capacity: 10000
05-28 19:49:10.551 14164 14164 I AirPodsHook: Detected Bluetooth library: libbluetooth_jni.so
05-28 19:49:10.552 14164 14164 I AirPodsHook: Read hook offset from property: 0x6091fc
05-28 19:49:10.552 14164 14164 I AirPodsHook: Parsed offset: 0x6091fc
05-28 19:49:10.552 14164 14164 I AirPodsHook: Hooking l2c_fcr_chk_chan_modes at offset: 0x6091fc, base: 0x7527e18000, target: 0x75284211fc
05-28 19:49:10.554 14164 14164 I AirPodsHook: Successfully hooked l2c_fcr_chk_chan_modes
05-28 19:49:10.554 14164 14164 I AirPodsHook: Skipping l2cu_process_our_cfg_req hook as offset is not available
05-28 19:49:10.554 14164 14164 I AirPodsHook: Skipping l2c_csm_config hook as offset is not available
05-28 19:49:10.554 14164 14164 I AirPodsHook: Skipping l2cu_send_peer_info_req hook as offset is not available
05-28 19:49:10.570 14164 14164 D CompatibilityChangeReporter: Compat change id reported: 183155436; UID 1002; state: ENABLED
05-28 19:49:10.571 14164 14164 D BluetoothOppFileProvider: Initialized
05-28 19:49:10.585 14164 14164 D DataMigration: Legacy migration skiped: no migration app installed
05-28 19:49:10.588 14164 14164 I BluetoothAvrcpControllerJni: classInitNative: succeeds
05-28 19:49:10.593 14164 14164 I BluetoothHidHostServiceJni: classInitNative: succeeds
05-28 19:49:10.594 14164 14164 I BtGatt.JNI: classInitNative(L1213): classInitNative: Success!
05-28 19:49:10.595 14164 14164 I BluetoothPanServiceJni: classInitNative(L108): succeeds
05-28 19:49:10.596 14164 14164 I AdapterServiceConfig: init: profile=A2dpService, enabled=true
05-28 19:49:10.596 14164 14164 I AdapterServiceConfig: init: profile=A2dpSinkService, enabled=false
05-28 19:49:10.596 14164 14164 I AdapterServiceConfig: init: profile=AvrcpTargetService, enabled=true
05-28 19:49:10.596 14164 14164 I AdapterServiceConfig: init: profile=AvrcpControllerService, enabled=false
05-28 19:49:10.596 14164 14164 I AdapterServiceConfig: init: profile=BassClientService, enabled=false
05-28 19:49:10.596 14164 14164 I AdapterServiceConfig: init: profile=BatteryService, enabled=false
05-28 19:49:10.596 14164 14164 I AdapterServiceConfig: init: profile=CsipSetCoordinatorService, enabled=false
05-28 19:49:10.597 14164 14164 I AdapterServiceConfig: init: profile=HapClientService, enabled=false
05-28 19:49:10.597 14164 14164 I AdapterServiceConfig: init: profile=HeadsetService, enabled=true
05-28 19:49:10.597 14164 14164 I AdapterServiceConfig: init: profile=HeadsetClientService, enabled=false
05-28 19:49:10.597 14164 14164 I AdapterServiceConfig: init: profile=HearingAidService, enabled=false
05-28 19:49:10.597 14164 14164 I AdapterServiceConfig: init: profile=HidDeviceService, enabled=true
05-28 19:49:10.597 14164 14164 I AdapterServiceConfig: init: profile=HidHostService, enabled=true
05-28 19:49:10.597 14164 14164 I AdapterServiceConfig: init: profile=GattService, enabled=true
05-28 19:49:10.597 14164 14164 I AdapterServiceConfig: init: profile=LeAudioService, enabled=false
05-28 19:49:10.597 14164 14164 I AdapterServiceConfig: init: profile=TbsService, enabled=false
05-28 19:49:10.597 14164 14164 I AdapterServiceConfig: init: profile=BluetoothMapService, enabled=true
05-28 19:49:10.597 14164 14164 I AdapterServiceConfig: init: profile=MapClientService, enabled=false
05-28 19:49:10.597 14164 14164 I AdapterServiceConfig: init: profile=McpService, enabled=false
05-28 19:49:10.597 14164 14164 I AdapterServiceConfig: init: profile=BluetoothOppService, enabled=true
05-28 19:49:10.597 14164 14164 I AdapterServiceConfig: init: profile=PanService, enabled=true
05-28 19:49:10.597 14164 14164 I AdapterServiceConfig: init: profile=BluetoothPbapService, enabled=true
05-28 19:49:10.597 14164 14164 I AdapterServiceConfig: init: profile=PbapClientService, enabled=false
05-28 19:49:10.597 14164 14164 I AdapterServiceConfig: init: profile=SapService, enabled=false
05-28 19:49:10.597 14164 14164 I AdapterServiceConfig: init: profile=VolumeControlService, enabled=false
05-28 19:49:10.599 14164 14164 I BluetoothMetricsLogger: setCounterMetricsAlarm()
05-28 19:49:10.607 14164 14164 D BluetoothAdapterService: onCreate()
05-28 19:49:10.622 14164 14164 D AdapterState: make() - Creating AdapterState
05-28 19:49:10.623 14164 14256 I AdapterState: OFF : entered 
05-28 19:49:10.623 14164 14256 D AdapterProperties: Setting state to OFF
05-28 19:49:10.624 14164 14164 D BluetoothKeystoreService: new BluetoothKeystoreService isCommonCriteriaMode: false
05-28 19:49:10.625 14164 14164 D BluetoothKeystoreService: start
05-28 19:49:10.625 14164 14164 I droid.bluetooth: [0528/194910.625770:INFO:com_android_bluetooth_btservice_BluetoothKeystore.cpp(97)] classInitNative: succeeds
05-28 19:49:10.626 14164 14164 D BluetoothKeystoreService: setBluetoothKeystoreService(): set to: com.android.bluetooth.btservice.bluetoothkeystore.BluetoothKeystoreService@e435fb
05-28 19:49:10.630 14164 14164 D BluetoothKeystoreService: loadConfigData
05-28 19:49:10.634 14164 14164 D BluetoothKeystoreService: getCompareResult: 0
05-28 19:49:10.640 14164 14164 I bt_btif : packages/modules/Bluetooth/system/btif/src/bluetooth.cc:185 init: init: start restricted = 0 ; common criteria mode = 0, config compare result = 0
05-28 19:49:10.645 14164 14164 I bt      : bt_common::init_flags: Flags loaded: always_send_services_if_gatt_disc_done=trueasynchronously_start_l2cap_coc=truebtaa_hci=truebta_dm_clear_conn_id_on_client_close=truebtm_dm_flush_discovery_queue_on_search_cancel=falseclear_hidd_interrupt_cid_on_disconnect=truedelay_hidh_cleanup_until_hidh_ready_start=truefinite_att_timeout=truegatt_robust_caching_client=truegatt_robust_caching_server=falsegd_core=falsegd_l2cap=falsegd_link_policy=falsegd_rust=falsegd_security=falsehci_adapter=0irk_rotation=falseleaudio_targeted_announcement_reconnection_mode=falselogging_debug_enabled_for_all=falsepass_phy_update_callback=truequeue_l2cap_coc_while_encrypting=truesdp_serialization=truesdp_skip_rnr_if_known=truetrigger_advertising_callbacks_on_first_resume_after_pause=truelogging_debug_explicit_tag_settings={}
05-28 19:49:10.645 14164 14164 I bt_osi_allocation_tracker: packages/modules/Bluetooth/system/osi/src/allocation_tracker.cc:60 allocation_tracker_init: canary initialized
05-28 19:49:10.646 14164 14261 I droid.bluetooth: [0528/194910.645948:INFO:message_loop_thread.cc(226)] Run: message loop starting for thread bt_stack_manager_thread
05-28 19:49:10.653 14164 14261 I bt_stack_manager: packages/modules/Bluetooth/system/btif/src/stack_manager.cc:239 event_init_stack: is initializing the stack
05-28 19:49:10.653 14164 14261 I bt_core_module: packages/modules/Bluetooth/system/btcore/src/module.cc:86 module_start_up: module_start_up Starting module "gd_idle_module"
05-28 19:49:10.653 14164 14261 I bt_gd_shim: packages/modules/Bluetooth/system/main/shim/stack.cc:101 StartIdleMode: StartIdleMode Starting Gd stack
05-28 19:49:10.653 14164 14261 I bt_gd_shim: packages/modules/Bluetooth/system/main/shim/stack.cc:214 Start: Start Starting Gd stack
05-28 19:49:10.654 14164 14261 I BtGdWakelockNative: packages/modules/Bluetooth/system/gd/os/android/wakelock_native.cc:79 Initialize: Initializing native wake locks
05-28 19:49:10.656 14164 14263 I BluetoothCounterMetrics: packages/modules/Bluetooth/system/gd/metrics/counter_metrics.cc:40 Start: Counter metrics initialized
05-28 19:49:10.659 14164 14263 I droid.bluetooth: [0528/194910.659395:INFO:btif_keystore.cc(61)] ConvertEncryptOrDecryptKeyIfNeeded callback isn't ready.
05-28 19:49:10.659 14164 14261 I bluetooth: packages/modules/Bluetooth/system/gd/stack_manager.cc:57 StartUp: init complete
05-28 19:49:10.659 14164 14261 I bt_gd_shim: packages/modules/Bluetooth/system/main/shim/stack.cc:222 Start: Start Successfully toggled Gd stack
05-28 19:49:10.660 14164 14261 I bt_core_module: packages/modules/Bluetooth/system/btcore/src/module.cc:91 module_start_up: module_start_up Started module "gd_idle_module"
05-28 19:49:10.660 14164 14261 I bt_btif_core: packages/modules/Bluetooth/system/btif/src/btif_core.cc:248 btif_init_bluetooth: btif_init_bluetooth entered
05-28 19:49:10.660 14164 14264 I droid.bluetooth: [0528/194910.660547:INFO:message_loop_thread.cc(226)] Run: message loop starting for thread bt_jni_thread
05-28 19:49:10.660 14164 14261 I bt_btif_core: packages/modules/Bluetooth/system/btif/src/btif_core.cc:252 btif_init_bluetooth: btif_init_bluetooth finished
05-28 19:49:10.660 14164 14261 I bt_stack_config: packages/modules/Bluetooth/system/main/stack_config.cc:72 init: init attempt to load stack conf from /apex/com.android.btservices/etc/bluetooth/bt_stack.conf
05-28 19:49:10.662 14164 14261 I bt_stack_manager: packages/modules/Bluetooth/system/btif/src/stack_manager.cc:260 event_init_stack: finished
05-28 19:49:10.662 14164 14164 I bt_osi_wakelock: packages/modules/Bluetooth/system/osi/src/wakelock.cc:99 wakelock_set_os_callouts: wakelock_set_os_callouts set to non-native
05-28 19:49:10.662 14164 14164 I bt_btif : packages/modules/Bluetooth/system/btif/src/bluetooth.cc:465 get_profile_interface: get_profile_interface: id = socket
05-28 19:49:10.662 14164 14164 E droid.bluetooth: [0528/194910.662590:ERROR:message_loop_thread.cc(103)] DoInThreadDelayed: message loop is null for thread bt_main_thread(-1), from pc:0x75281983dc
05-28 19:49:10.662 14164 14164 E droid.bluetooth: [0528/194910.662695:ERROR:btu_task.cc(94)] do_in_main_thread: failed from pc:0x75281983dc
05-28 19:49:10.662 14164 14164 E droid.bluetooth: [0528/194910.662756:ERROR:message_loop_thread.cc(103)] DoInThreadDelayed: message loop is null for thread bt_main_thread(-1), from pc:0x75281983dc
05-28 19:49:10.662 14164 14164 E droid.bluetooth: [0528/194910.662797:ERROR:btu_task.cc(94)] do_in_main_thread: failed from pc:0x75281983dc
05-28 19:49:10.662 14164 14164 E droid.bluetooth: [0528/194910.662833:ERROR:message_loop_thread.cc(103)] DoInThreadDelayed: message loop is null for thread bt_main_thread(-1), from pc:0x75281983dc
05-28 19:49:10.662 14164 14164 E droid.bluetooth: [0528/194910.662922:ERROR:btu_task.cc(94)] do_in_main_thread: failed from pc:0x75281983dc
05-28 19:49:10.665 14164 14164 D BluetoothKeystoreService: initJni()
05-28 19:49:10.665 14164 14164 I bt_btif : packages/modules/Bluetooth/system/btif/src/bluetooth.cc:465 get_profile_interface: get_profile_interface: id = bluetooth_keystore
05-28 19:49:10.665 14164 14264 I bluetooth: packages/modules/Bluetooth/system/gd/storage/config_cache.cc:286 ConvertEncryptOrDecryptKeyIfNeeded: ConvertEncryptOrDecryptKeyIfNeeded
05-28 19:49:10.666 14164 14164 I bt_btif : packages/modules/Bluetooth/system/btif/src/bluetooth.cc:465 get_profile_interface: get_profile_interface: id = sdp
05-28 19:49:10.673 14164 14164 D BluetoothDatabase: start()
05-28 19:49:10.679 14164 14164 D BluetoothDatabase: Load Database
05-28 19:49:10.680 14164 14164 I BluetoothAdapterService: Phone policy enabled
05-28 19:49:10.686 14164 14164 D BluetoothActiveDeviceManager: start()
05-28 19:49:10.691 14164 14268 D BluetoothActiveDeviceManager: onAudioDevicesAdded
05-28 19:49:10.691 14164 14268 D BluetoothActiveDeviceManager: Audio device added: M2101K6G type: 1
05-28 19:49:10.691 14164 14268 D BluetoothActiveDeviceManager: Audio device added: M2101K6G type: 2
05-28 19:49:10.691 14164 14268 D BluetoothActiveDeviceManager: Audio device added: M2101K6G type: 18
05-28 19:49:10.691 14164 14268 D BluetoothActiveDeviceManager: Audio device added: M2101K6G type: 15
05-28 19:49:10.691 14164 14268 D BluetoothActiveDeviceManager: Audio device added: M2101K6G type: 18
05-28 19:49:10.691 14164 14268 D BluetoothActiveDeviceManager: Audio device added: M2101K6G type: 15
05-28 19:49:10.691 14164 14268 D BluetoothActiveDeviceManager: Audio device added: M2101K6G type: 25
05-28 19:49:10.693 14164 14164 I droid.bluetooth: [0528/194910.693656:INFO:com_android_bluetooth_btservice_ActivityAttribution.cpp(96)] classInitNative: succeeds
05-28 19:49:10.693 14164 14164 D BluetoothAdapterService: setAdapterService() - trying to set service to com.android.bluetooth.btservice.AdapterService@a161d85
05-28 19:49:10.695 14164 14267 D BluetoothDatabase: compactLastConnectionTime: Compacting metadata after load
05-28 19:49:10.695 14164 14267 D BluetoothDatabase: compactLastConnectionTime: Setting last_active_item for device: XX:XX:XX:2E:97:8E from 3 to 0
05-28 19:49:10.695 14164 14267 D BluetoothDatabase: updateDatabase XX:XX:XX:2E:97:8E
05-28 19:49:10.695 14164 14267 D BluetoothDatabase: compactLastConnectionTime: Setting last_active_item for device: XX:XX:XX:03:0E:B8 from 15 to 1
05-28 19:49:10.695 14164 14267 D BluetoothDatabase: updateDatabase XX:XX:XX:03:0E:B8
05-28 19:49:10.695 14164 14267 I BluetoothDatabase: cacheMetadata
05-28 19:49:10.695 14164 14267 V BluetoothDatabase: cacheMetadata: found device XX:XX:XX:03:0E:B8
05-28 19:49:10.695 14164 14267 V BluetoothDatabase: cacheMetadata: found device XX:XX:XX:2E:97:8E
05-28 19:49:10.695 14164 14267 V BluetoothDatabase: cacheMetadata: found device null
05-28 19:49:10.695 14164 14267 V BluetoothDatabase: cacheMetadata: found device XX:XX:XX:E7:9F:36
05-28 19:49:10.695 14164 14267 V BluetoothDatabase: cacheMetadata: found device XX:XX:XX:A2:E4:B9
05-28 19:49:10.695 14164 14267 V BluetoothDatabase: cacheMetadata: found device XX:XX:XX:B7:EC:D5
05-28 19:49:10.695 14164 14267 V BluetoothDatabase: cacheMetadata: found device XX:XX:XX:07:67:03
05-28 19:49:10.695 14164 14267 V BluetoothDatabase: cacheMetadata: found device XX:XX:XX:E4:D7:1A
05-28 19:49:10.695 14164 14267 V BluetoothDatabase: cacheMetadata: found device XX:XX:XX:9F:97:C8
05-28 19:49:10.695 14164 14267 V BluetoothDatabase: cacheMetadata: found device XX:XX:XX:14:C6:50
05-28 19:49:10.695 14164 14267 V BluetoothDatabase: cacheMetadata: found device XX:XX:XX:E1:F8:71
05-28 19:49:10.695 14164 14267 V BluetoothDatabase: cacheMetadata: found device XX:XX:XX:F0:43:01
05-28 19:49:10.695 14164 14267 V BluetoothDatabase: cacheMetadata: found device XX:XX:XX:AF:18:2A
05-28 19:49:10.695 14164 14267 V BluetoothDatabase: cacheMetadata: found device XX:XX:XX:62:6A:41
05-28 19:49:10.695 14164 14267 I BluetoothDatabase: cacheMetadata: Database is ready
05-28 19:49:10.699 14164 14164 D BluetoothAdapterService: onBind()
05-28 19:49:10.708 10439 13616 D BluetoothAdapter: onBluetoothServiceUp: android.bluetooth.IBluetooth$Stub$Proxy@9891e14
05-28 19:49:10.708 14164 14187 D BluetoothAdapter: onBluetoothServiceUp: com.android.bluetooth.btservice.AdapterService$AdapterServiceBinder@dc078c
05-28 19:49:10.714 14164 14186 D BluetoothAdapterService: enable() - Enable called with quiet mode status =  false
05-28 19:49:10.714 14164 14256 I AdapterState: BLE_TURNING_ON : entered 
05-28 19:49:10.714 14164 14256 D AdapterProperties: Setting state to BLE_TURNING_ON
05-28 19:49:10.715 14164 14256 D BluetoothAdapterService: updateAdapterState() - Broadcasting state BLE_TURNING_ON to 1 receivers.
05-28 19:49:10.725 14164 14256 D AdapterState: Start Timeout Delay: 4000
05-28 19:49:10.725 14164 14256 D BluetoothAdapterService: bleOnProcessStart()
05-28 19:49:10.726 14164 14256 I AdapterProperties: init(), maxConnectedAudioDevices, default=5, propertyOverlayed=5, finalValue=5
05-28 19:49:10.729 14164 14256 D BluetoothAdapterService: bleOnProcessStart() - Make Bond State Machine
05-28 19:49:10.729 14164 14256 D BluetoothBondStateMachine: make
05-28 19:49:10.730 14164 14276 I BluetoothBondStateMachine: StableState(): Entering Off State
05-28 19:49:10.734 14164 14256 I AdapterState: BLE_TURNING_ON : Unhandled message - USER_TURN_ON
05-28 19:49:10.736 14164 14164 I bt_btif : packages/modules/Bluetooth/system/btif/src/bluetooth.cc:465 get_profile_interface: get_profile_interface: id = gatt
05-28 19:49:10.736 14164 14164 I bt_btif_scanner: packages/modules/Bluetooth/system/btif/src/btif_ble_scanner.cc:453 get_ble_scanner_instance: Use gd le scanner
05-28 19:49:10.736 14164 14164 I droid.bluetooth: [0528/194910.736322:INFO:btif_ble_advertiser.cc(267)] get_ble_advertiser_instance use gd le advertiser
05-28 19:49:10.736 14164 14164 I droid.bluetooth: [0528/194910.736367:INFO:bta_gatts_api.cc(379)] BTA_GATTS_InitBonded
05-28 19:49:10.736 14164 14164 E droid.bluetooth: [0528/194910.736403:ERROR:message_loop_thread.cc(103)] DoInThreadDelayed: message loop is null for thread bt_main_thread(-1), from pc:0x75281a0cb0
05-28 19:49:10.736 14164 14164 E droid.bluetooth: [0528/194910.736432:ERROR:btu_task.cc(94)] do_in_main_thread: failed from pc:0x75281a0cb0
05-28 19:49:10.736 14164 14164 E droid.bluetooth: [0528/194910.736448:ERROR:bta_sys_main.cc(171)] bta_sys_sendmsg: do_in_main_thread failed
05-28 19:49:10.738 14164 14164 I droid.bluetooth: [0528/194910.737674:INFO:le_scanning_manager.cc(387)] RegisterCallbacks in shim layer
05-28 19:49:10.739 14164 14164 D CompatibilityChangeReporter: Compat change id reported: 160794467; UID 1002; state: ENABLED
05-28 19:49:10.747 14164 14261 I bt_stack_manager: packages/modules/Bluetooth/system/btif/src/stack_manager.cc:283 event_start_up_stack: event_start_up_stack is bringing up the stack
05-28 19:49:10.747 14164 14261 I bt_stack_manager: packages/modules/Bluetooth/system/btif/src/stack_manager.cc:287 event_start_up_stack: event_start_up_stack Gd shim module enabled
05-28 19:49:10.747 14164 14261 I bt_core_module: packages/modules/Bluetooth/system/btcore/src/module.cc:105 module_shut_down: module_shut_down Shutting down module "gd_idle_module"
05-28 19:49:10.747 14164 14261 I bt_gd_shim: packages/modules/Bluetooth/system/main/shim/stack.cc:89 RemovePidFile: RemovePidFile - Deleted pid file /var/run/bluetooth/bluetooth0.pid
05-28 19:49:10.749 14164 14263 I BtGdModule: packages/modules/Bluetooth/system/gd/module.cc:111 StopAll: Stopping Handler of Module Storage Module
05-28 19:49:10.749 14164 14263 I BtGdModule: packages/modules/Bluetooth/system/gd/module.cc:114 StopAll: Stopping Module Storage Module
05-28 19:49:10.762 14164 14263 I BtGdModule: packages/modules/Bluetooth/system/gd/module.cc:111 StopAll: Stopping Handler of Module BluetoothCounterMetrics
05-28 19:49:10.762 14164 14263 I BtGdModule: packages/modules/Bluetooth/system/gd/module.cc:114 StopAll: Stopping Module BluetoothCounterMetrics
05-28 19:49:10.762 14164 14263 I BluetoothCounterMetrics: packages/modules/Bluetooth/system/gd/metrics/counter_metrics.cc:95 DrainBufferedCounters: Draining buffered counters
05-28 19:49:10.762 14164 14263 I BluetoothCounterMetrics: packages/modules/Bluetooth/system/gd/metrics/counter_metrics.cc:49 Stop: Counter metrics canceled
05-28 19:49:10.762 14164 14261 I BtGdWakelockNative: packages/modules/Bluetooth/system/gd/os/android/wakelock_native.cc:122 CleanUp: Cleaning up native wake locks
05-28 19:49:10.762 14164 14261 I BtGdWakelockNative: packages/modules/Bluetooth/system/gd/os/android/wakelock_native.cc:129 CleanUp: Unlink death recipient
05-28 19:49:10.763 14164 14261 I bt_gd_shim: packages/modules/Bluetooth/system/main/shim/stack.cc:265 Stop: Stop Successfully shut down Gd stack
05-28 19:49:10.763 14164 14261 I bt_core_module: packages/modules/Bluetooth/system/btcore/src/module.cc:110 module_shut_down: module_shut_down Shutdown of module "gd_idle_module" completed
05-28 19:49:10.764 14164 14281 I bt_osi_thread: packages/modules/Bluetooth/system/osi/src/thread.cc:210 run_thread: run_thread: thread id 14281, thread name alarm_default_ca started
05-28 19:49:10.764 14164 14282 I bt_osi_thread: packages/modules/Bluetooth/system/osi/src/thread.cc:210 run_thread: run_thread: thread id 14282, thread name alarm_dispatcher started
05-28 19:49:10.765 14164 14261 I bt_core_module: packages/modules/Bluetooth/system/btcore/src/module.cc:86 module_start_up: module_start_up Starting module "gd_shim_module"
05-28 19:49:10.765 14164 14261 I bt_gd_shim: packages/modules/Bluetooth/system/main/shim/stack.cc:136 StartEverything: StartEverything Starting Gd stack
05-28 19:49:10.765 14164 14261 I bt_gd_shim: packages/modules/Bluetooth/system/main/shim/stack.cc:214 Start: Start Starting Gd stack
05-28 19:49:10.765 14164 14261 I BtGdWakelockNative: packages/modules/Bluetooth/system/gd/os/android/wakelock_native.cc:79 Initialize: Initializing native wake locks
05-28 19:49:10.767 14164 14284 I BluetoothCounterMetrics: packages/modules/Bluetooth/system/gd/metrics/counter_metrics.cc:40 Start: Counter metrics initialized
05-28 19:49:10.767 14164 14284 I bluetooth: packages/modules/Bluetooth/system/gd/hal/snoop_logger.cc:254 SnoopLogger: Snoop Logs disabled
05-28 19:49:10.767 14164 14284 I bluetooth: packages/modules/Bluetooth/system/gd/hal/snoop_logger.cc:95 delete_btsnoop_files: Deleting logs if they exist
05-28 19:49:10.769 14164 14284 I bluetooth: packages/modules/Bluetooth/system/gd/hal/snoop_logger.cc:101 delete_btsnoop_files: Main log file does not exist at "/data/misc/bluetooth/logs/btsnoop_hci.log.filtered"
05-28 19:49:10.769 14164 14284 I bluetooth: packages/modules/Bluetooth/system/gd/hal/snoop_logger.cc:109 delete_btsnoop_files: Last log file does not exist at "/data/misc/bluetooth/logs/btsnoop_hci.log.filtered"
05-28 19:49:10.769 14164 14284 I bluetooth: packages/modules/Bluetooth/system/gd/hal/snoop_logger.cc:95 delete_btsnoop_files: Deleting logs if they exist
05-28 19:49:10.769 14164 14284 I bluetooth: packages/modules/Bluetooth/system/gd/hal/snoop_logger.cc:101 delete_btsnoop_files: Main log file does not exist at "/data/misc/bluetooth/logs/btsnoop_hci.log"
05-28 19:49:10.769 14164 14284 I bluetooth: packages/modules/Bluetooth/system/gd/hal/snoop_logger.cc:109 delete_btsnoop_files: Last log file does not exist at "/data/misc/bluetooth/logs/btsnoop_hci.log"
05-28 19:49:10.778   891   891 W vendor.qti.bluetooth@1.0-bluetooth_hci: BluetoothHci::initialize()
05-28 19:49:10.778   891   891 W vendor.qti.bluetooth@1.0-data_handler: DataHandler:: Init()
05-28 19:49:10.779   891   891 W vendor.qti.bluetooth@1.0-data_handler: SOC property  set to cherokee
05-28 19:49:10.779   891   891 I vendor.qti.bluetooth@1.0-data_handler: data_service_setup_sighandler: Entry
05-28 19:49:10.779   891   891 D vendor.qti.bluetooth@1.0-data_handler: isProtocolAdded:
05-28 19:49:10.779   891   891 I vendor.qti.bluetooth@1.0-data_handler: isProtocolAdded: status:0
05-28 19:49:10.779   891   891 I vendor.qti.bluetooth@1.0-data_handler: Open init_status 0 
05-28 19:49:10.779   891   891 I vendor.qti.bluetooth@1.0-data_handler: Open: soc_need_reload_patch = 1
05-28 19:49:10.780   891   891 D vendor.qti.bluetooth@1.0-wake_lock: Init wakelock is initiated 
05-28 19:49:10.780   891   891 I vendor.qti.bluetooth@1.0-bluetooth_hci: initialize: linking to deathRecipient
05-28 19:49:10.780   891 14291 D vendor.qti.bluetooth@1.0-data_handler: IsXMEMEnabled : XMEM property value = 0
05-28 19:49:10.780   891 14291 D vendor.qti.bluetooth@1.0-data_handler: StartInitTimer: Init timer started
05-28 19:49:10.780   891 14291 D vendor.qti.bluetooth@1.0-uart_controller: StartRecoveryStuckTimer
05-28 19:49:10.780   891 14291 D vendor.qti.bluetooth@1.0-uart_controller: StartRecoveryStuckTimer:Stuck recovery timer started
05-28 19:49:10.780   891 14291 D vendor.qti.bluetooth@1.0-uart_controller: StartRecoveryStuckTimer: Stuck recovery timer started
05-28 19:49:10.780   891 14291 I vendor.qti.bluetooth@1.0-uart_controller: soc need reload patch = 1
05-28 19:49:10.780   891 14291 D vendor.qti.bluetooth@1.0-power_manager: SetPower: enable: 0
05-28 19:49:10.780   891 14291 E vendor.qti.bluetooth@1.0-power_manager: 
05-28 19:49:10.780   891 14291 E vendor.qti.bluetooth@1.0-power_manager: PowerUpChip enable(0) retentionMode(0)
05-28 19:49:10.781   891 14291 D vendor.qti.bluetooth@1.0-power_manager: SetPower: enable: 1
05-28 19:49:10.781   891 14291 E vendor.qti.bluetooth@1.0-power_manager: 
05-28 19:49:10.781   891 14291 E vendor.qti.bluetooth@1.0-power_manager: PowerUpChip enable(1) retentionMode(0)
05-28 19:49:10.781   891 14291 D vendor.qti.bluetooth@1.0-wake_lock: Acquire wakelock is acquired 
05-28 19:49:10.781   891 14291 D vendor.qti.bluetooth@1.0-uart_transport: Init:> soc_type: 3, need_reload: 1
05-28 19:49:10.781   891 14291 D vendor.qti.bluetooth@1.0-uart_transport: CleanUp:> soc_type: 3, need_reload: 1
05-28 19:49:10.781   891 14291 D vendor.qti.bluetooth@1.0-uart_transport: userial clock off
05-28 19:49:10.791   891 14291 I vendor.qti.bluetooth@1.0-uart_transport: InitTransport: opening /dev/ttyHS0
05-28 19:49:10.792   891 14291 D vendor.qti.bluetooth@1.0-uart_transport: userial clock on
05-28 19:49:10.792   891 14291 I vendor.qti.bluetooth@1.0-uart_transport: GetBaudRate: Current Baudrate = 2400 bps
05-28 19:49:10.792   891 14291 I vendor.qti.bluetooth@1.0-uart_transport: InitTransport: device fd = 9 open @2400 bps
05-28 19:49:10.817   891 14291 I vendor.qti.bluetooth@1.0-uart_transport: CleanUp:send out shutdown signal
05-28 19:49:10.817   891 14291 D vendor.qti.bluetooth@1.0-uart_transport: userial clock off
05-28 19:49:10.818   891 14291 I vendor.qti.bluetooth@1.0-uart_transport: DeInitTransport: Transport is being closed!
05-28 19:49:10.918   891 14291 I vendor.qti.bluetooth@1.0-uart_transport: InitTransport: opening /dev/ttyHS0
05-28 19:49:10.920   891 14291 D vendor.qti.bluetooth@1.0-uart_transport: userial clock on
05-28 19:49:10.920   891 14291 I vendor.qti.bluetooth@1.0-uart_transport: GetBaudRate: Current Baudrate = 115200 bps
05-28 19:49:10.921   891 14291 I vendor.qti.bluetooth@1.0-uart_transport: InitTransport: device fd = 9 open @115200 bps
05-28 19:49:10.921   891 14291 I vendor.qti.bluetooth@1.0-uart_transport: Init:send out poweron signal
05-28 19:49:10.921   891 14291 D vendor.qti.bluetooth@1.0-uart_transport: userial clock off
05-28 19:49:10.922   891 14291 I vendor.qti.bluetooth@1.0-uart_transport: DeInitTransport: Transport is being closed!
05-28 19:49:10.922   891 14291 I vendor.qti.bluetooth@1.0-uart_transport: InitTransport: opening /dev/ttyHS0
05-28 19:49:10.923   891 14291 D vendor.qti.bluetooth@1.0-uart_transport: userial clock on
05-28 19:49:10.923   891 14291 I vendor.qti.bluetooth@1.0-uart_transport: InitTransport: HW flow control enabled
05-28 19:49:10.923   891 14291 I vendor.qti.bluetooth@1.0-uart_transport: GetBaudRate: Current Baudrate = 115200 bps
05-28 19:49:10.923   891 14291 I vendor.qti.bluetooth@1.0-uart_transport: InitTransport: device fd = 9 open @115200 bps
05-28 19:49:10.923   891 14291 D vendor.qti.bluetooth@1.0-uart_transport: userial clock off
05-28 19:49:11.023   891 14291 D vendor.qti.bluetooth@1.0-power_manager: CheckSwCtrl: Check SW_CTRL & save value in kernel
05-28 19:49:11.023   891 14291 D vendor.qti.bluetooth@1.0-power_manager: CheckSwCtrl: ioctl failed to check for SW_CTRL with ret :-1 error =(Invalid argument)
05-28 19:49:11.024   891 14291 D vendor.qti.bluetooth@1.0-patch_dl_manager: PatchDLManager
05-28 19:49:11.026   891 14291 D vendor.qti.bluetooth@1.0-ibs_handler: IsEnabled: SIBS enabled: true
05-28 19:49:11.026   891 14291 D vendor.qti.bluetooth@1.0-ibs_handler: IbsHandler
05-28 19:49:11.026   891 14291 D vendor.qti.bluetooth@1.0-ibs_handler: InitInt: tty_fd = 9
05-28 19:49:11.027   891 14291 D vendor.qti.bluetooth@1.0-bluetooth_address: GetLocalAddress
05-28 19:49:11.029   891 14291 E vendor.qti.bluetooth@1.0-bluetooth_address: fetch_persist_bdaddr: 76:26:01
05-28 19:49:11.029   891 14291 I vendor.qti.bluetooth@1.0-uart_transport: ## userial_vendor_ioctl: UART Flow On 
05-28 19:49:11.029   891 14291 I vendor.qti.bluetooth@1.0-patch_dl_manager: Wipower not enabled
