05-28 19:49:12.653 14164 14278 I bt_stack: [INFO:le_scanning_manager.cc(154)] Scan in shim layer started
05-28 19:49:12.653 14164 14283 I bluetooth: packages/modules/Bluetooth/system/gd/hci/le_scanning_manager.cc:665 stop_scan: Scanning already stopped, return!
05-28 19:49:12.653 14164 14283 I bluetooth: packages/modules/Bluetooth/system/gd/hci/le_address_manager.cc:175 register_client: Client registered
05-28 19:49:12.654 14164 14278 I bt_stack: [INFO:le_scanning_manager.cc(154)] Scan in shim layer stopped
05-28 19:49:12.654 14164 14283 I bluetooth: packages/modules/Bluetooth/system/gd/hci/le_address_manager.cc:190 unregister_client: Client unregistered
05-28 19:49:12.654 14164 14278 I bt_stack: [INFO:le_scanning_manager.cc(250)] SetScanParameters in shim layer
05-28 19:49:12.654 14164 14278 I bt_stack: [INFO:le_scanning_manager.cc(154)] Scan in shim layer started
05-28 19:49:12.654 14164 14283 I bluetooth: packages/modules/Bluetooth/system/gd/hci/le_scanning_manager.cc:665 stop_scan: Scanning already stopped, return!
05-28 19:49:12.654 14164 14283 I bluetooth: packages/modules/Bluetooth/system/gd/hci/le_address_manager.cc:175 register_client: Client registered
05-28 19:49:12.705   891 14300 I vendor.qti.bluetooth@1.0-ibs_handler: ProcessIbsCmd: Received IBS_SLEEP_IND: 0xFE
05-28 19:49:12.717   891 14290 D vendor.qti.bluetooth@1.0-wake_lock: Release wakelock is released 
05-28 19:49:12.726 14164 14164 V MediaPlayerList: onActiveSessionsChanged: number of controllers: 2
05-28 19:49:12.726 14164 14164 D MediaPlayerList: onActiveSessionsChanged: controller: com.google.android.apps.youtube.music
05-28 19:49:12.733 14164 14278 I bt_stack: [INFO:le_scanning_manager.cc(154)] Scan in shim layer stopped
05-28 19:49:12.733 14164 14278 I bt_stack: [INFO:le_scanning_manager.cc(174)] ScanFilterParamSetup in shim layer
05-28 19:49:12.733 14164 14283 I bluetooth: packages/modules/Bluetooth/system/gd/hci/le_address_manager.cc:190 unregister_client: Client unregistered
05-28 19:49:12.733 14164 14309 D ActivityAttributionService: notifyActivityAttributionInfo UID=1002 packageName=com.android.bluetooth deviceAddress=no_active_device_address
05-28 19:49:12.733 14164 14309 I bt_btif : packages/modules/Bluetooth/system/btif/src/bluetooth.cc:465 get_profile_interface: get_profile_interface: id = activity_attribution
05-28 19:49:12.733 14164 14278 I bt_stack: [INFO:le_scanning_manager.cc(174)] ScanFilterParamSetup in shim layer
05-28 19:49:12.733 14164 14278 I bt_stack: [INFO:le_scanning_manager.cc(174)] ScanFilterParamSetup in shim layer
05-28 19:49:12.735 14164 14309 I bt_stack: [INFO:le_scanning_manager.cc(148)] Unregister in shim layer, scanner_id:1
05-28 19:49:12.735   891 14300 I vendor.qti.bluetooth@1.0-ibs_handler: ProcessIbsCmd: Received IBS_WAKE_IND: 0xFD
05-28 19:49:12.735   891 14300 I vendor.qti.bluetooth@1.0-ibs_handler: ProcessIbsCmd: Writing IBS_WAKE_ACK
05-28 19:49:12.739 14164 14164 I MediaPlayerList: Adding wrapped media player: com.google.android.apps.youtube.music at key: 1
05-28 19:49:12.741 14164 14164 D MediaPlayerList: onActiveSessionsChanged: controller: com.google.android.youtube
05-28 19:49:12.742 14164 14164 I MediaPlayerList: Adding wrapped media player: com.google.android.youtube at key: 2
05-28 19:49:12.742 14164 14186 I bt_stack: [INFO:le_scanning_manager.cc(141)] RegisterScanner in shim layer
05-28 19:49:12.746 14164 14359 D ActivityAttributionService: notifyActivityAttributionInfo UID=1002 packageName=com.android.bluetooth deviceAddress=no_active_device_address
05-28 19:49:12.746 14164 14359 I bt_btif : packages/modules/Bluetooth/system/btif/src/bluetooth.cc:465 get_profile_interface: get_profile_interface: id = activity_attribution
05-28 19:49:12.746 14164 14278 I bt_stack: [INFO:le_scanning_manager.cc(238)] ScanFilterEnable in shim layer
05-28 19:49:12.747 14164 14278 I bt_stack: [INFO:le_scanning_manager.cc(213)] ScanFilterAdd in shim layer
05-28 19:49:12.747 14164 14278 I bt_stack: [INFO:le_scanning_manager.cc(174)] ScanFilterParamSetup in shim layer
05-28 19:49:12.747 14164 14278 I bt_stack: [INFO:le_scanning_manager.cc(213)] ScanFilterAdd in shim layer
05-28 19:49:12.747 14164 14278 I bt_stack: [INFO:le_scanning_manager.cc(174)] ScanFilterParamSetup in shim layer
05-28 19:49:12.748 14164 14278 I bt_stack: [INFO:le_scanning_manager.cc(213)] ScanFilterAdd in shim layer
05-28 19:49:12.748 14164 14278 I bt_stack: [INFO:le_scanning_manager.cc(174)] ScanFilterParamSetup in shim layer
05-28 19:49:12.748 14164 14278 I bt_stack: [INFO:le_scanning_manager.cc(154)] Scan in shim layer started
05-28 19:49:12.748 14164 14283 I bluetooth: packages/modules/Bluetooth/system/gd/hci/le_scanning_manager.cc:665 stop_scan: Scanning already stopped, return!
05-28 19:49:12.748 14164 14283 I bluetooth: packages/modules/Bluetooth/system/gd/hci/le_address_manager.cc:175 register_client: Client registered
05-28 19:49:12.749 14164 14278 I bt_stack: [INFO:le_scanning_manager.cc(154)] Scan in shim layer stopped
05-28 19:49:12.749 14164 14278 I bt_stack: [INFO:le_scanning_manager.cc(250)] SetScanParameters in shim layer
05-28 19:49:12.749 14164 14278 I bt_stack: [INFO:le_scanning_manager.cc(154)] Scan in shim layer started
05-28 19:49:12.749 14164 14283 I bluetooth: packages/modules/Bluetooth/system/gd/hci/le_address_manager.cc:190 unregister_client: Client unregistered
05-28 19:49:12.749 14164 14283 I bluetooth: packages/modules/Bluetooth/system/gd/hci/le_scanning_manager.cc:665 stop_scan: Scanning already stopped, return!
05-28 19:49:12.749 14164 14283 I bluetooth: packages/modules/Bluetooth/system/gd/hci/le_address_manager.cc:175 register_client: Client registered
05-28 19:49:12.765 14164 14305 I bluetooth: packages/modules/Bluetooth/system/stack/gatt/gatt_api.cc:1125 GATT_Register: Allocated name:GattClient uuid:ddb5c5b0-7d9a-dba3-5e66-218462d0e2c0 gatt_if:5 eatt_support:0
05-28 19:49:12.768 14164 14264 I bt_btif_gattc: packages/modules/Bluetooth/system/btif/src/btif_gatt_client.cc:365 btif_gattc_open_impl: Transport=2, device type=3, address type =1, phy=1
05-28 19:49:12.768 14164 14305 I bt_stack: [INFO:gatt_attr.cc(946)] gatt_sr_init_cl_status: bda=c2:e7:31:2e:97:8e, cl_supp_feat=0000, aware=1
05-28 19:49:12.768 14164 14305 I bt_stack: [INFO:eatt_impl.h(1031)] add_from_storage, restoring: c2:e7:31:2e:97:8e
05-28 19:49:12.769 14164 14305 I bluetooth: packages/modules/Bluetooth/system/gd/metrics/metrics_state.cc:174 AddStateChangedEvent: LEConnectionMetricsRemoteDevice: Transaction State 0x00000001, Connection Type 0x00000001, Origin Type 0x00000001
05-28 19:49:12.769 14164 14305 I bluetooth: packages/modules/Bluetooth/system/gd/metrics/metrics_state.cc:58 AddStateChangedEvent: LEConnectionMetricState:  Origin Type: 0x00000001, Connection Type: 0x00000001, Transaction State: 0x00000001
05-28 19:49:12.769 14164 14283 W bluetooth: packages/modules/Bluetooth/system/main/shim/acl.cc:153 Add: Attempted to add duplicate le address to acceptlist:xx:xx:xx:xx:97:8e[RANDOM_DEVICE_ADDRESS]
05-28 19:49:12.769 14164 14305 I bluetooth: packages/modules/Bluetooth/system/stack/gatt/gatt_main.cc:370 gatt_update_app_use_link_flag: check_acl_link is false, no need to check
05-28 19:49:12.769 14164 14283 W bluetooth: packages/modules/Bluetooth/system/gd/hci/acl_manager/le_impl.h:645 add_device_to_connect_list: Device already exists in acceptlist and cannot be added:97:8e[RANDOM_DEVICE_ADDRESS]
05-28 19:49:12.776 14164 14359 I BluetoothAdapterService: getActiveDevices: A2dp device: null
05-28 19:49:12.785 14164 14185 I BluetoothAdapterService: getActiveDevices: Headset device: null
05-28 19:49:12.802 14164 14185 I BluetoothAdapterService: getActiveDevices: A2dp device: null
05-28 19:49:12.803   891 14300 I vendor.qti.bluetooth@1.0-ibs_handler: ProcessIbsCmd: Received IBS_SLEEP_IND: 0xFE
05-28 19:49:12.815 14164 14268 D BluetoothActiveDeviceManager: handleMessage(MESSAGE_ADAPTER_ACTION_STATE_CHANGED): newState=12
05-28 19:49:12.816 14164 14186 I BluetoothAdapterService: getActiveDevices: Headset device: null
05-28 19:49:12.851 14164 14164 I BluetoothPhonePolicy: Received ACTION_UUID for device 04:CB:88:E1:F8:71
05-28 19:49:12.851 14164 14164 I BluetoothPhonePolicy: index=0uuid=0000110b-0000-1000-8000-00805f9b34fb
05-28 19:49:12.851 14164 14164 I BluetoothPhonePolicy: index=1uuid=0000110e-0000-1000-8000-00805f9b34fb
05-28 19:49:12.851 14164 14164 I BluetoothPhonePolicy: processInitProfilePriorities() - device 04:CB:88:E1:F8:71
05-28 19:49:12.851 14164 14164 W HearingAidService: getHearingAidService(): service is NULL
05-28 19:49:12.851 14164 14164 W LeAudioService: getLeAudioService(): service is NULL
05-28 19:49:12.851 14164 14164 W CsipSetCoordinatorService: getCsipSetCoordinatorService(): service is NULL
05-28 19:49:12.851 14164 14164 W VolumeControlService: getVolumeControlService(): service is NULL
05-28 19:49:12.851 14164 14164 W HapClientService: getHapClientService(): service is NULL
05-28 19:49:12.851 14164 14164 W BassClientService: getBassClientService(): service is NULL
05-28 19:49:12.851 14164 14164 W BatteryService: getBatteryService(): service is NULL
05-28 19:49:12.851 14164 14164 V BluetoothDatabase: getProfileConnectionPolicy: device XX:XX:XX:E1:F8:71 profile=A2DP, connectionPolicy=100
05-28 19:49:12.851 14164 14164 I AvrcpBrowsedPlayerWrapper: onConnected: com.google.android.youtube is connected
05-28 19:49:12.851 14164 14164 D AvrcpBrowsablePlayerConnector: Browse player callback called: package=com.google.android.youtube : status=0
05-28 19:49:12.851 14164 14164 I BluetoothPhonePolicy: Received ACTION_UUID for device 36:AD:FF:B7:EC:D5
05-28 19:49:12.851 14164 14164 I BluetoothPhonePolicy: index=0uuid=0000110b-0000-1000-8000-00805f9b34fb
05-28 19:49:12.851 14164 14164 I BluetoothPhonePolicy: index=1uuid=0000110e-0000-1000-8000-00805f9b34fb
05-28 19:49:12.851 14164 14164 I BluetoothPhonePolicy: index=2uuid=0000111e-0000-1000-8000-00805f9b34fb
05-28 19:49:12.851 14164 14164 I BluetoothPhonePolicy: processInitProfilePriorities() - device 36:AD:FF:B7:EC:D5
05-28 19:49:12.851 14164 14164 W HearingAidService: getHearingAidService(): service is NULL
05-28 19:49:12.851 14164 14164 W LeAudioService: getLeAudioService(): service is NULL
05-28 19:49:12.851 14164 14164 W CsipSetCoordinatorService: getCsipSetCoordinatorService(): service is NULL
05-28 19:49:12.851 14164 14164 W VolumeControlService: getVolumeControlService(): service is NULL
05-28 19:49:12.851 14164 14164 W HapClientService: getHapClientService(): service is NULL
05-28 19:49:12.851 14164 14164 W BassClientService: getBassClientService(): service is NULL
05-28 19:49:12.851 14164 14164 W BatteryService: getBatteryService(): service is NULL
05-28 19:49:12.851 14164 14164 V BluetoothDatabase: getProfileConnectionPolicy: device XX:XX:XX:B7:EC:D5 profile=HEADSET, connectionPolicy=100
05-28 19:49:12.851 14164 14164 V BluetoothDatabase: getProfileConnectionPolicy: device XX:XX:XX:B7:EC:D5 profile=A2DP, connectionPolicy=100
05-28 19:49:12.851 14164 14164 I BluetoothPhonePolicy: Received ACTION_UUID for device D0:54:7B:E7:9F:36
05-28 19:49:12.851 14164 14164 I BluetoothPhonePolicy: index=0uuid=00001812-0000-1000-8000-00805f9b34fb
05-28 19:49:12.851 14164 14164 I BluetoothPhonePolicy: processInitProfilePriorities() - device D0:54:7B:E7:9F:36
05-28 19:49:12.851 14164 14164 W HearingAidService: getHearingAidService(): service is NULL
05-28 19:49:12.851 14164 14164 W LeAudioService: getLeAudioService(): service is NULL
05-28 19:49:12.851 14164 14164 W CsipSetCoordinatorService: getCsipSetCoordinatorService(): service is NULL
05-28 19:49:12.851 14164 14164 W VolumeControlService: getVolumeControlService(): service is NULL
05-28 19:49:12.851 14164 14164 W HapClientService: getHapClientService(): service is NULL
05-28 19:49:12.851 14164 14164 W BassClientService: getBassClientService(): service is NULL
05-28 19:49:12.851 14164 14164 W BatteryService: getBatteryService(): service is NULL
05-28 19:49:12.852 14164 14164 V BluetoothDatabase: getProfileConnectionPolicy: device XX:XX:XX:E7:9F:36 profile=HID_HOST, connectionPolicy=100
05-28 19:49:12.852 14164 14164 E MediaBrowser: onConnectFailed for ComponentInfo{com.google.android.googlequicksearchbox/com.google.android.libraries.assistant.auto.tng.media.mediabrowser.NewsMediaBrowserService}
05-28 19:49:12.863 14164 14164 W AvrcpBrowsedPlayerWrapper: onConnectionFailed: Connection Failed with com.google.android.googlequicksearchbox
05-28 19:49:12.863 14164 14164 D AvrcpBrowsablePlayerConnector: Browse player callback called: package=com.google.android.googlequicksearchbox : status=1
05-28 19:49:12.863 14164 14164 I BluetoothPhonePolicy: Received ACTION_UUID for device FC:A8:9A:A2:E4:B9
05-28 19:49:12.863 14164 14164 I BluetoothPhonePolicy: index=0uuid=00000000-deca-fade-deca-deafdecacaff
05-28 19:49:12.863 14164 14164 I BluetoothPhonePolicy: index=1uuid=00001101-0000-1000-8000-00805f9b34fb
05-28 19:49:12.863 14164 14164 I BluetoothPhonePolicy: index=2uuid=00001108-0000-1000-8000-00805f9b34fb
05-28 19:49:12.863 14164 14164 I BluetoothPhonePolicy: index=3uuid=0000110b-0000-1000-8000-00805f9b34fb
05-28 19:49:12.863 14164 14164 I BluetoothPhonePolicy: index=4uuid=0000110e-0000-1000-8000-00805f9b34fb
05-28 19:49:12.863 14164 14164 I BluetoothPhonePolicy: index=5uuid=0000111e-0000-1000-8000-00805f9b34fb
05-28 19:49:12.863 14164 14164 I BluetoothPhonePolicy: processInitProfilePriorities() - device FC:A8:9A:A2:E4:B9
05-28 19:49:12.863 14164 14164 W HearingAidService: getHearingAidService(): service is NULL
05-28 19:49:12.863 14164 14164 W LeAudioService: getLeAudioService(): service is NULL
05-28 19:49:12.863 14164 14164 W CsipSetCoordinatorService: getCsipSetCoordinatorService(): service is NULL
05-28 19:49:12.863 14164 14164 W VolumeControlService: getVolumeControlService(): service is NULL
05-28 19:49:12.863 14164 14164 W HapClientService: getHapClientService(): service is NULL
05-28 19:49:12.863 14164 14164 W BassClientService: getBassClientService(): service is NULL
05-28 19:49:12.863 14164 14164 W BatteryService: getBatteryService(): service is NULL
05-28 19:49:12.864 14164 14164 V BluetoothDatabase: getProfileConnectionPolicy: device XX:XX:XX:A2:E4:B9 profile=HEADSET, connectionPolicy=100
05-28 19:49:12.864 14164 14164 V BluetoothDatabase: getProfileConnectionPolicy: device XX:XX:XX:A2:E4:B9 profile=A2DP, connectionPolicy=100
05-28 19:49:12.864 14164 14164 I BluetoothPhonePolicy: Received ACTION_UUID for device 56:65:06:07:67:03
05-28 19:49:12.864 14164 14164 I BluetoothPhonePolicy: index=0uuid=00001812-0000-1000-8000-00805f9b34fb
05-28 19:49:12.864 14164 14164 I BluetoothPhonePolicy: processInitProfilePriorities() - device 56:65:06:07:67:03
05-28 19:49:12.864 14164 14164 W HearingAidService: getHearingAidService(): service is NULL
05-28 19:49:12.864 14164 14164 W LeAudioService: getLeAudioService(): service is NULL
05-28 19:49:12.864 14164 14164 W CsipSetCoordinatorService: getCsipSetCoordinatorService(): service is NULL
05-28 19:49:12.864 14164 14164 W VolumeControlService: getVolumeControlService(): service is NULL
05-28 19:49:12.864 14164 14164 W HapClientService: getHapClientService(): service is NULL
05-28 19:49:12.864 14164 14164 W BassClientService: getBassClientService(): service is NULL
05-28 19:49:12.864 14164 14164 W BatteryService: getBatteryService(): service is NULL
05-28 19:49:12.864 14164 14164 V BluetoothDatabase: getProfileConnectionPolicy: device XX:XX:XX:07:67:03 profile=HID_HOST, connectionPolicy=100
05-28 19:49:12.864 14164 14164 I BluetoothPhonePolicy: Received ACTION_UUID for device 31:32:6A:9F:97:C8
05-28 19:49:12.864 14164 14164 I BluetoothPhonePolicy: index=0uuid=0000110b-0000-1000-8000-00805f9b34fb
05-28 19:49:12.864 14164 14164 I BluetoothPhonePolicy: index=1uuid=0000110e-0000-1000-8000-00805f9b34fb
05-28 19:49:12.865 14164 14164 I BluetoothPhonePolicy: index=2uuid=0000111e-0000-1000-8000-00805f9b34fb
05-28 19:49:12.865 14164 14164 I BluetoothPhonePolicy: processInitProfilePriorities() - device 31:32:6A:9F:97:C8
05-28 19:49:12.865 14164 14164 W HearingAidService: getHearingAidService(): service is NULL
05-28 19:49:12.865 14164 14164 W LeAudioService: getLeAudioService(): service is NULL
05-28 19:49:12.865 14164 14164 W CsipSetCoordinatorService: getCsipSetCoordinatorService(): service is NULL
05-28 19:49:12.865 14164 14164 W VolumeControlService: getVolumeControlService(): service is NULL
05-28 19:49:12.865 14164 14164 W HapClientService: getHapClientService(): service is NULL
05-28 19:49:12.865 14164 14164 W BassClientService: getBassClientService(): service is NULL
05-28 19:49:12.865 14164 14164 W BatteryService: getBatteryService(): service is NULL
05-28 19:49:12.865 14164 14164 V BluetoothDatabase: getProfileConnectionPolicy: device XX:XX:XX:9F:97:C8 profile=HEADSET, connectionPolicy=100
05-28 19:49:12.865 14164 14164 V BluetoothDatabase: getProfileConnectionPolicy: device XX:XX:XX:9F:97:C8 profile=A2DP, connectionPolicy=100
05-28 19:49:12.866 14164 14164 D BluetoothAdapterService: isQuietModeEnabled() - Enabled = false
05-28 19:49:12.866 14164 14164 I BluetoothPhonePolicy: autoConnect: Initiate auto connection on BT on...
05-28 19:49:12.866 14164 14164 I BluetoothPhonePolicy: autoConnect: Device EC:46:54:03:0E:B8 attempting auto connection
05-28 19:49:12.866 14164 14164 V BluetoothDatabase: getProfileConnectionPolicy: device XX:XX:XX:03:0E:B8 profile=HEADSET, connectionPolicy=100
05-28 19:49:12.866 14164 14164 I BluetoothPhonePolicy: autoConnectHeadset: Connecting HFP with EC:46:54:03:0E:B8
05-28 19:49:12.866 14164 14164 V BluetoothDatabase: getProfileConnectionPolicy: device XX:XX:XX:03:0E:B8 profile=HEADSET, connectionPolicy=100
05-28 19:49:12.866 14164 14164 I HeadsetService: connect: device=EC:46:54:03:0E:B8, uid/pid=1002/14164
05-28 19:49:12.866 14164 14164 I HeadsetStateMachine: Audio Policy found in database!
05-28 19:49:12.866 14164 14164 I HeadsetStateMachine: Created state machine name=HeadsetStateMachine state=Disconnected for EC:46:54:03:0E:B8
05-28 19:49:12.866 14164 14164 V BluetoothDatabase: getProfileConnectionPolicy: device XX:XX:XX:03:0E:B8 profile=A2DP, connectionPolicy=100
05-28 19:49:12.866 14164 14164 I BluetoothPhonePolicy: autoConnectA2dp: connecting A2DP with EC:46:54:03:0E:B8
05-28 19:49:12.866 14164 14164 D A2dpService: connect(): EC:46:54:03:0E:B8
05-28 19:49:12.866 14164 14164 V BluetoothDatabase: getProfileConnectionPolicy: device XX:XX:XX:03:0E:B8 profile=A2DP, connectionPolicy=100
05-28 19:49:12.866 14164 14164 D A2dpService: Creating a new state machine for EC:46:54:03:0E:B8
05-28 19:49:12.867 14164 14164 I A2dpStateMachine: make for device EC:46:54:03:0E:B8
05-28 19:49:12.867 14164 14164 D A2dpStateMachine: addStateInternal: E state=Disconnected,parent=
05-28 19:49:12.867 14164 14164 D A2dpStateMachine: addStateInternal: X stateInfo: state=Disconnected,active=false,parent=null
05-28 19:49:12.867 14164 14164 D A2dpStateMachine: addStateInternal: E state=Connecting,parent=
05-28 19:49:12.867 14164 14164 D A2dpStateMachine: addStateInternal: X stateInfo: state=Connecting,active=false,parent=null
05-28 19:49:12.867 14164 14164 D A2dpStateMachine: addStateInternal: E state=Disconnecting,parent=
05-28 19:49:12.867 14164 14164 D A2dpStateMachine: addStateInternal: X stateInfo: state=Disconnecting,active=false,parent=null
05-28 19:49:12.867 14164 14164 D A2dpStateMachine: addStateInternal: E state=Connected,parent=
05-28 19:49:12.867 14164 14164 D A2dpStateMachine: addStateInternal: X stateInfo: state=Connected,active=false,parent=null
05-28 19:49:12.867 14164 14164 D A2dpStateMachine: setInitialState: initialState=Disconnected
05-28 19:49:12.867 14164 14164 D A2dpStateMachine: completeConstruction: E
05-28 19:49:12.867 14164 14164 D A2dpStateMachine: completeConstruction: maxDepth=1
05-28 19:49:12.867 14164 14164 D A2dpStateMachine: setupInitialStateStack: E mInitialState=Disconnected
05-28 19:49:12.867 14164 14164 D A2dpStateMachine: moveTempStackToStateStack: i=0,j=0
05-28 19:49:12.867 14164 14164 D A2dpStateMachine: moveTempStackToStateStack: X mStateStackTop=0,startingIndex=0,Top=Disconnected
05-28 19:49:12.867 14164 14164 D A2dpStateMachine: completeConstruction: X
05-28 19:49:12.867 14164 14164 V BluetoothDatabase: getProfileConnectionPolicy: device XX:XX:XX:03:0E:B8 profile=HID_HOST, connectionPolicy=100
05-28 19:49:12.867 14164 14164 I BluetoothPhonePolicy: autoConnectHidHost: Connecting HID with EC:46:54:03:0E:B8
05-28 19:49:12.867 14164 14164 V BluetoothDatabase: getProfileConnectionPolicy: device XX:XX:XX:03:0E:B8 profile=HID_HOST, connectionPolicy=100
05-28 19:49:12.867 14164 14164 D BtOppService: start Socket Listeners
05-28 19:49:12.867 14164 14164 D BtOppService: stopListeners: mServerSocket is null
05-28 19:49:12.867 14164 14164 D ObexServerSockets: create(rfcomm = -2, l2capPsm = -2)
05-28 19:49:12.868 14164 14310 D A2dpStateMachine: handleMessage: E msg.what=-2
05-28 19:49:12.868 14164 14310 D A2dpStateMachine: invokeEnterMethods: Disconnected
05-28 19:49:12.868 14164 14310 I A2dpStateMachine: Enter Disconnected(EC:46:54:03:0E:B8): -2
05-28 19:49:12.868 14164 14310 D A2dpStateMachine: handleMessage: X
05-28 19:49:12.868 14164 14310 D A2dpStateMachine: handleMessage: E msg.what=1
05-28 19:49:12.868 14164 14310 D A2dpStateMachine: processMsg: Disconnected
05-28 19:49:12.868 14164 14310 D A2dpStateMachine: Disconnected process message(EC:46:54:03:0E:B8): CONNECT
05-28 19:49:12.868 14164 14310 I A2dpStateMachine: Connecting to EC:46:54:03:0E:B8
05-28 19:49:12.868 14164 14310 I BluetoothA2dpServiceJni: connectA2dpNative: sBluetoothA2dpInterface: 0x7528a96fa0
05-28 19:49:12.869 14164 14310 I A2dpService: okToConnect: device EC:46:54:03:0E:B8 isOutgoingRequest: true
05-28 19:49:12.869 14164 14264 I bt_btif_queue: packages/modules/Bluetooth/system/btif/src/btif_profile_queue.cc:110 queue_int_add: Queueing profile connection request:address=xx:xx:xx:xx:0e:b8 UUID=110A busy=false
05-28 19:49:12.869 14164 14264 I bt_btif_queue: packages/modules/Bluetooth/system/btif/src/btif_profile_queue.cc:197 btif_queue_connect_next: Executing profile connection request:address=xx:xx:xx:xx:0e:b8 UUID=110A busy=false
05-28 19:49:12.869 14164 14305 I btif_av : packages/modules/Bluetooth/system/btif/src/btif_av.cc:1116 FindOrCreatePeer: BtifAvPeer *BtifAvSource::FindOrCreatePeer(const RawAddress &, tBTA_AV_HNDL): Create peer: peer_address=ec:46:54:03:0e:b8 bta_handle=0x41 peer_id=0
05-28 19:49:12.869 14164 14305 I btif_av : packages/modules/Bluetooth/system/btif/src/btif_av.cc:3417 btif_av_get_peer_sep: No active sink or source peer found
05-28 19:49:12.869 14164 14305 I bt_btif_a2dp_source: packages/modules/Bluetooth/system/btif/src/btif_a2dp_source.cc:714 btif_a2dp_source_on_idle: btif_a2dp_source_on_idle: state=STATE_OFF
05-28 19:49:12.869 14164 14305 I bt_bta_av: packages/modules/Bluetooth/system/bta/av/bta_av_api.cc:153 BTA_AvOpen: BTA_AvOpen: peer ec:46:54:03:0e:b8 bta_handle:0x41 use_rc=true uuid=0x110a
05-28 19:49:12.869 14164 14305 I btif_av : packages/modules/Bluetooth/system/btif/src/btif_av.cc:2500 btif_report_connection_state: btif_report_connection_state: peer_address=ec:46:54:03:0e:b8 state=1
05-28 19:49:12.869 14164 14305 I bluetooth: packages/modules/Bluetooth/system/bta/av/bta_av_ssm.cc:424 bta_av_better_stream_state_machine: peer 00:00:00:00:00:00 p_scb=0x41(0xb400007590140f08) AV event=0x1209(API_OPEN) state=0(INIT) -> 2(OPENING)
05-28 19:49:12.869 14164 14305 W btm_acl : packages/modules/Bluetooth/system/stack/acl/btm_acl.cc:529 BTM_GetRole: Unable to find active acl
05-28 19:49:12.869 14164 14305 W bt_bta_av: packages/modules/Bluetooth/system/bta/av/bta_av_main.cc:1020 bta_av_link_role_ok: Unable to find link role for device:xx:xx:xx:xx:00:00
05-28 19:49:12.869 14164 14305 I bt_bta_av: packages/modules/Bluetooth/system/bta/av/bta_av_aact.cc:222 bta_av_save_addr: bta_av_save_addr: reset flags old_addr=00:00:00:00:00:00 new_addr=ec:46:54:03:0e:b8
05-28 19:49:12.869 14164 14305 I bt_bta_av: packages/modules/Bluetooth/system/bta/av/bta_av_main.cc:331 SetAvdtpVersion: SetAvdtpVersion: AVDTP version for ec:46:54:03:0e:b8 set to 0x103
05-28 19:49:12.869 14164 14305 E bluetooth: packages/modules/Bluetooth/system/bta/dm/bta_dm_pm.cc:362 bta_dm_pm_cback: Unable to find peer device...yet soldiering on...
05-28 19:49:12.869 14164 14283 I bluetooth: packages/modules/Bluetooth/system/gd/hci/acl_manager/classic_impl.h:301 dequeue_next_connection: Pending connections is not empty; so sending next connection
05-28 19:49:12.869 14164 14264 I BluetoothA2dpServiceJni: bta2dp_mandatory_codec_preferred_callback
05-28 19:49:12.869 14164 14310 D BluetoothAdapterService: isQuietModeEnabled() - Enabled = false
05-28 19:49:12.869 14164 14305 I a2dp_api: packages/modules/Bluetooth/system/stack/a2dp/a2dp_api.cc:327 A2DP_FindService: A2DP service discovery for peer xx:xx:xx:xx:0e:b8 UUID 0x110b: SDP search started
05-28 19:49:12.870 14164 14310 V BluetoothDatabase: getProfileConnectionPolicy: device XX:XX:XX:03:0E:B8 profile=A2DP, connectionPolicy=100
05-28 19:49:12.870 14164 14264 D A2dpNativeInterface: isMandatoryCodecPreferred: optional preference 1
05-28 19:49:12.870 14164 14264 I BluetoothA2dpServiceJni: bta2dp_connection_state_callback
05-28 19:49:12.870 14164 14310 D A2dpStateMachine: transitionTo: destState=Connecting
05-28 19:49:12.870 14164 14310 D A2dpStateMachine: handleMessage: new destination call exit/enter
05-28 19:49:12.870 14164 14310 D A2dpStateMachine: setupTempStateStackWithStatesToEnter: X mTempStateStackCount=1,curStateInfo: null
05-28 19:49:12.870 14164 14310 D A2dpStateMachine: invokeExitMethods: Disconnected
05-28 19:49:12.870 14164 14310 D A2dpStateMachine: Exit Disconnected(EC:46:54:03:0E:B8): CONNECT
05-28 19:49:12.870 14164 14310 D A2dpStateMachine: moveTempStackToStateStack: i=0,j=0
05-28 19:49:12.870 14164 14310 D A2dpStateMachine: moveTempStackToStateStack: X mStateStackTop=0,startingIndex=0,Top=Connecting
05-28 19:49:12.870 14164 14264 D A2dpNativeInterface: onConnectionStateChanged: A2dpStackEvent {type:EVENT_TYPE_CONNECTION_STATE_CHANGED, device:EC:46:54:03:0E:B8, value1:CONNECTING}
05-28 19:49:12.870 14164 14310 D A2dpStateMachine: invokeEnterMethods: Connecting
05-28 19:49:12.870 14164 14310 I A2dpStateMachine: Enter Connecting(EC:46:54:03:0E:B8): CONNECT
05-28 19:49:12.870 14164 14310 D A2dpStateMachine: Connection state EC:46:54:03:0E:B8: DISCONNECTED->CONNECTING
05-28 19:49:12.870 14164 14313 I HeadsetStateMachine: updateAgIndicatorEnableState, no change in indicator state null
05-28 19:49:12.871   891 14300 I vendor.qti.bluetooth@1.0-ibs_handler: ProcessIbsCmd: Received IBS_WAKE_IND: 0xFD
05-28 19:49:12.871   891 14300 I vendor.qti.bluetooth@1.0-ibs_handler: ProcessIbsCmd: Writing IBS_WAKE_ACK
05-28 19:49:12.871 14164 14313 I BluetoothHeadsetServiceJni: connectHfpNative: device ec:46:54:03:0e:b8
05-28 19:49:12.874 14164 14164 I bt_btif_sock: packages/modules/Bluetooth/system/btif/src/btif_sock.cc:155 btif_sock_connection_logger: address=00:00:00:00:00:00, role=1, state=1
05-28 19:49:12.874 14164 14164 I bt_btif_sock_rfcomm: packages/modules/Bluetooth/system/btif/src/btif_sock_rfc.cc:306 btsock_rfc_listen: Adding listening socket service_name: (null) - channel: -2
05-28 19:49:12.875 14164 14264 I bt_btif_queue: packages/modules/Bluetooth/system/btif/src/btif_profile_queue.cc:110 queue_int_add: Queueing profile connection request:address=xx:xx:xx:xx:0e:b8 UUID=111F busy=false
05-28 19:49:12.875 14164 14264 I bt_btif_queue: packages/modules/Bluetooth/system/btif/src/btif_profile_queue.cc:197 btif_queue_connect_next: Executing profile connection request:address=xx:xx:xx:xx:0e:b8 UUID=110A busy=true
05-28 19:49:12.875 14164 14305 I bt_stack: [INFO:port_api.cc(220)] RFCOMM_CreateConnectionWithSecurity: bd_addr=ff:ff:ff:ff:ff:ff, scn=6, is_server=1, mtu=990, uuid=000000, dlci=12, signal_state=0x0b, p_port=0x7528b34828
05-28 19:49:12.875 14164 14305 I bt_btif_sock: packages/modules/Bluetooth/system/btif/src/btif_sock.cc:155 btif_sock_connection_logger: address=00:00:00:00:00:00, role=1, state=1
05-28 19:49:12.875 14164 14164 D BluetoothAdapter: listenUsingInsecureL2capOn: port=-2
05-28 19:49:12.876 14164 14310 D A2dpStateMachine: handleMessage: X
05-28 19:49:12.876 14164 14310 D A2dpStateMachine: handleMessage: E msg.what=101
05-28 19:49:12.876 14164 14310 D A2dpStateMachine: processMsg: Connecting
05-28 19:49:12.876 14164 14310 D A2dpStateMachine: Connecting process message(EC:46:54:03:0E:B8): STACK_EVENT
05-28 19:49:12.876 14164 14310 D A2dpStateMachine: Connecting: stack event: A2dpStackEvent {type:EVENT_TYPE_CONNECTION_STATE_CHANGED, device:EC:46:54:03:0E:B8, value1:CONNECTING}
05-28 19:49:12.876 14164 14310 D A2dpStateMachine: handleMessage: X
05-28 19:49:12.877 14164 14185 D BluetoothPbapService: getConnectionState: 41:42:FF:AF:18:2A
05-28 19:49:12.881 14164 14164 I bt_btif_sock: packages/modules/Bluetooth/system/btif/src/btif_sock.cc:155 btif_sock_connection_logger: address=00:00:00:00:00:00, role=1, state=1
05-28 19:49:12.881 14164 14164 I bluetooth: packages/modules/Bluetooth/system/btif/src/btif_sock_l2cap.cc:325 btsock_l2cap_alloc_l: Allocated l2cap socket structure socket_id:3
05-28 19:49:12.882 14164 14305 I bt_l2cap: packages/modules/Bluetooth/system/stack/l2cap/l2c_api.cc:168 L2CA_Register: L2CAP Registered service classic PSM: 0x1005
05-28 19:49:12.882 14164 14305 I bt_btif_sock: packages/modules/Bluetooth/system/btif/src/btif_sock.cc:155 btif_sock_connection_logger: address=00:00:00:00:00:00, role=1, state=1
05-28 19:49:12.882 14164 14305 I bluetooth: packages/modules/Bluetooth/system/btif/src/btif_sock_l2cap.cc:350 send_app_psm_or_chan_l: Sending l2cap socket socket_id:3 channel:4101
05-28 19:49:12.882 14164 14164 D BluetoothAdapter: listenUsingInsecureL2capOn: set assigned channel to 4101
05-28 19:49:12.882 14164 14164 D ObexServerSockets: Succeed to create listening sockets 
05-28 19:49:12.882 14164 14164 D ObexServerSockets2: startAccept()
05-28 19:49:12.883 14164 14371 D ObexServerSockets2: Accepting socket connection...
05-28 19:49:12.883 14164 14164 D BluetoothSdpJni: sdpCreateOppOpsRecordNative
05-28 19:49:12.883 14164 14371 D BluetoothSocket: accept(), timeout (ms):-1
05-28 19:49:12.883 14164 14164 D BluetoothSdpJni: SDP Create record success - handle: 2
05-28 19:49:12.883 14164 14164 D BtOppService: mOppSdpHandle :2
05-28 19:49:12.883 14164 14305 I bt_bta_dm: packages/modules/Bluetooth/system/bta/dm/bta_dm_act.cc:3276 bta_dm_eir_update_uuid: EIR Adding UUID=0x1105 into extended inquiry response
05-28 19:49:12.883 14164 14305 I bt_bta_dm: packages/modules/Bluetooth/system/bta/dm/bta_dm_act.cc:2975 bta_dm_set_eir: Generating extended inquiry response packet EIR
05-28 19:49:12.883 14164 14164 I AvrcpBrowsedPlayerWrapper: onConnected: com.google.android.apps.youtube.music is connected
05-28 19:49:12.883 14164 14305 E bt_btif : packages/modules/Bluetooth/system/main/bte_logmsg.cc:191 LogMsg: btif_in_execute_service_request: Unknown service 255 being enabled
05-28 19:49:12.883 14164 14164 D AvrcpBrowsablePlayerConnector: Browse player callback called: package=com.google.android.apps.youtube.music : status=0
05-28 19:49:12.883 14164 14164 I BluetoothPhonePolicy: Received ACTION_UUID for device C2:E7:31:2E:97:8E
05-28 19:49:12.883 14164 14164 I BluetoothPhonePolicy: index=0uuid=0000180f-0000-1000-8000-00805f9b34fb
05-28 19:49:12.883 14164 14164 I BluetoothPhonePolicy: index=1uuid=00001812-0000-1000-8000-00805f9b34fb
05-28 19:49:12.883 14164 14164 I BluetoothPhonePolicy: processInitProfilePriorities() - device C2:E7:31:2E:97:8E
05-28 19:49:12.883 14164 14164 W HearingAidService: getHearingAidService(): service is NULL
05-28 19:49:12.883 14164 14164 W LeAudioService: getLeAudioService(): service is NULL
05-28 19:49:12.883 14164 14164 W CsipSetCoordinatorService: getCsipSetCoordinatorService(): service is NULL
05-28 19:49:12.883 14164 14164 W VolumeControlService: getVolumeControlService(): service is NULL
05-28 19:49:12.883 14164 14164 W HapClientService: getHapClientService(): service is NULL
05-28 19:49:12.883 14164 14164 W BassClientService: getBassClientService(): service is NULL
05-28 19:49:12.883 14164 14164 W BatteryService: getBatteryService(): service is NULL
05-28 19:49:12.883 14164 14164 V BluetoothDatabase: getProfileConnectionPolicy: device XX:XX:XX:2E:97:8E profile=HID_HOST, connectionPolicy=100
05-28 19:49:12.884 14164 14164 I BluetoothPhonePolicy: Received ACTION_UUID for device A8:8C:3E:14:C6:50
05-28 19:49:12.884 14164 14164 I BluetoothPhonePolicy: index=0uuid=0000180f-0000-1000-8000-00805f9b34fb
05-28 19:49:12.884 14164 14164 I BluetoothPhonePolicy: index=1uuid=00001812-0000-1000-8000-00805f9b34fb
05-28 19:49:12.884 14164 14164 I BluetoothPhonePolicy: processInitProfilePriorities() - device A8:8C:3E:14:C6:50
05-28 19:49:12.884 14164 14164 W HearingAidService: getHearingAidService(): service is NULL
05-28 19:49:12.884 14164 14164 W LeAudioService: getLeAudioService(): service is NULL
05-28 19:49:12.884 14164 14164 W CsipSetCoordinatorService: getCsipSetCoordinatorService(): service is NULL
05-28 19:49:12.884 14164 14164 W VolumeControlService: getVolumeControlService(): service is NULL
05-28 19:49:12.884 14164 14164 W HapClientService: getHapClientService(): service is NULL
05-28 19:49:12.884 14164 14164 W BassClientService: getBassClientService(): service is NULL
05-28 19:49:12.884 14164 14164 W BatteryService: getBatteryService(): service is NULL
05-28 19:49:12.884 14164 14164 V BluetoothDatabase: getProfileConnectionPolicy: device XX:XX:XX:14:C6:50 profile=HID_HOST, connectionPolicy=100
05-28 19:49:12.884 14164 14164 I BluetoothPhonePolicy: Received ACTION_UUID for device 12:11:82:E4:D7:1A
05-28 19:49:12.884 14164 14164 I BluetoothPhonePolicy: index=0uuid=0000110b-0000-1000-8000-00805f9b34fb
05-28 19:49:12.884 14164 14164 I BluetoothPhonePolicy: index=1uuid=0000110e-0000-1000-8000-00805f9b34fb
05-28 19:49:12.884 14164 14164 I BluetoothPhonePolicy: index=2uuid=0000111e-0000-1000-8000-00805f9b34fb
05-28 19:49:12.884 14164 14164 I BluetoothPhonePolicy: processInitProfilePriorities() - device 12:11:82:E4:D7:1A
05-28 19:49:12.884 14164 14164 W HearingAidService: getHearingAidService(): service is NULL
05-28 19:49:12.884 14164 14164 W LeAudioService: getLeAudioService(): service is NULL
05-28 19:49:12.884 14164 14164 W CsipSetCoordinatorService: getCsipSetCoordinatorService(): service is NULL
05-28 19:49:12.884 14164 14164 W VolumeControlService: getVolumeControlService(): service is NULL
05-28 19:49:12.884 14164 14164 W HapClientService: getHapClientService(): service is NULL
05-28 19:49:12.884 14164 14164 W BassClientService: getBassClientService(): service is NULL
05-28 19:49:12.884 14164 14164 W BatteryService: getBatteryService(): service is NULL
05-28 19:49:12.884 14164 14164 V BluetoothDatabase: getProfileConnectionPolicy: device XX:XX:XX:E4:D7:1A profile=HEADSET, connectionPolicy=100
05-28 19:49:12.884 14164 14164 V BluetoothDatabase: getProfileConnectionPolicy: device XX:XX:XX:E4:D7:1A profile=A2DP, connectionPolicy=100
05-28 19:49:12.884 14164 14164 I BluetoothPhonePolicy: Received ACTION_UUID for device EE:3B:6D:F0:43:01
05-28 19:49:12.884 14164 14164 I BluetoothPhonePolicy: index=0uuid=0000180f-0000-1000-8000-00805f9b34fb
05-28 19:49:12.884 14164 14164 I BluetoothPhonePolicy: processInitProfilePriorities() - device EE:3B:6D:F0:43:01
05-28 19:49:12.884 14164 14164 W HearingAidService: getHearingAidService(): service is NULL
05-28 19:49:12.884 14164 14164 W LeAudioService: getLeAudioService(): service is NULL
05-28 19:49:12.884 14164 14164 W CsipSetCoordinatorService: getCsipSetCoordinatorService(): service is NULL
05-28 19:49:12.884 14164 14164 W VolumeControlService: getVolumeControlService(): service is NULL
05-28 19:49:12.884 14164 14164 W HapClientService: getHapClientService(): service is NULL
05-28 19:49:12.884 14164 14164 W BassClientService: getBassClientService(): service is NULL
05-28 19:49:12.884 14164 14164 W BatteryService: getBatteryService(): service is NULL
05-28 19:49:12.884 14164 14164 I BluetoothPhonePolicy: Received ACTION_UUID for device BC:42:8C:62:6A:41
05-28 19:49:12.885 14164 14164 I BluetoothPhonePolicy: index=0uuid=00000000-deca-fade-deca-deafdecacaff
05-28 19:49:12.885 14164 14164 I BluetoothPhonePolicy: index=1uuid=0000110b-0000-1000-8000-00805f9b34fb
05-28 19:49:12.885 14164 14164 I BluetoothPhonePolicy: index=2uuid=0000110e-0000-1000-8000-00805f9b34fb
05-28 19:49:12.885 14164 14164 I BluetoothPhonePolicy: index=3uuid=0000111e-0000-1000-8000-00805f9b34fb
05-28 19:49:12.885 14164 14164 I BluetoothPhonePolicy: index=4uuid=00001133-0000-1000-8000-00805f9b34fb
05-28 19:49:12.885 14164 14164 I BluetoothPhonePolicy: processInitProfilePriorities() - device BC:42:8C:62:6A:41
05-28 19:49:12.885 14164 14164 W HearingAidService: getHearingAidService(): service is NULL
05-28 19:49:12.885 14164 14164 W LeAudioService: getLeAudioService(): service is NULL
05-28 19:49:12.885 14164 14164 W CsipSetCoordinatorService: getCsipSetCoordinatorService(): service is NULL
05-28 19:49:12.885 14164 14164 W VolumeControlService: getVolumeControlService(): service is NULL
05-28 19:49:12.885 14164 14164 W HapClientService: getHapClientService(): service is NULL
05-28 19:49:12.885 14164 14164 W BassClientService: getBassClientService(): service is NULL
05-28 19:49:12.885 14164 14164 W BatteryService: getBatteryService(): service is NULL
05-28 19:49:12.885 14164 14164 V BluetoothDatabase: getProfileConnectionPolicy: device XX:XX:XX:62:6A:41 profile=HEADSET, connectionPolicy=100
05-28 19:49:12.885 14164 14164 V BluetoothDatabase: getProfileConnectionPolicy: device XX:XX:XX:62:6A:41 profile=A2DP, connectionPolicy=100
05-28 19:49:12.885 14164 14164 I BluetoothPhonePolicy: Received ACTION_UUID for device 41:42:FF:AF:18:2A
05-28 19:49:12.885 14164 14164 I BluetoothPhonePolicy: index=0uuid=0000110b-0000-1000-8000-00805f9b34fb
05-28 19:49:12.885 14164 14164 I BluetoothPhonePolicy: index=1uuid=0000110e-0000-1000-8000-00805f9b34fb
05-28 19:49:12.885 14164 14164 I BluetoothPhonePolicy: index=2uuid=0000111e-0000-1000-8000-00805f9b34fb
05-28 19:49:12.885 14164 14164 I BluetoothPhonePolicy: processInitProfilePriorities() - device 41:42:FF:AF:18:2A
05-28 19:49:12.885 14164 14164 W HearingAidService: getHearingAidService(): service is NULL
05-28 19:49:12.885 14164 14164 W LeAudioService: getLeAudioService(): service is NULL
05-28 19:49:12.885 14164 14164 W CsipSetCoordinatorService: getCsipSetCoordinatorService(): service is NULL
05-28 19:49:12.885 14164 14164 W VolumeControlService: getVolumeControlService(): service is NULL
05-28 19:49:12.885 14164 14164 W HapClientService: getHapClientService(): service is NULL
05-28 19:49:12.885 14164 14164 W BassClientService: getBassClientService(): service is NULL
05-28 19:49:12.885 14164 14164 W BatteryService: getBatteryService(): service is NULL
05-28 19:49:12.885 14164 14164 V BluetoothDatabase: getProfileConnectionPolicy: device XX:XX:XX:AF:18:2A profile=HEADSET, connectionPolicy=100
05-28 19:49:12.885 14164 14164 V BluetoothDatabase: getProfileConnectionPolicy: device XX:XX:XX:AF:18:2A profile=A2DP, connectionPolicy=100
05-28 19:49:12.885 14164 14164 I BluetoothPhonePolicy: Received ACTION_UUID for device EC:46:54:03:0E:B8
05-28 19:49:12.885 14164 14164 I BluetoothPhonePolicy: index=0uuid=0000110b-0000-1000-8000-00805f9b34fb
05-28 19:49:12.885 14164 14164 I BluetoothPhonePolicy: index=1uuid=0000110e-0000-1000-8000-00805f9b34fb
05-28 19:49:12.885 14164 14164 I BluetoothPhonePolicy: index=2uuid=0000111e-0000-1000-8000-00805f9b34fb
05-28 19:49:12.886 14164 14164 I BluetoothPhonePolicy: index=3uuid=0000180f-0000-1000-8000-00805f9b34fb
05-28 19:49:12.886 14164 14164 I BluetoothPhonePolicy: index=4uuid=00001812-0000-1000-8000-00805f9b34fb
05-28 19:49:12.886 14164 14164 I BluetoothPhonePolicy: index=5uuid=4715650b-5e9d-4ac2-b898-a4fc0aa5df78
05-28 19:49:12.886 14164 14164 I BluetoothPhonePolicy: index=6uuid=74ec2172-0bad-4d01-8f77-997b2be0722a
05-28 19:49:12.886 14164 14164 I BluetoothPhonePolicy: processInitProfilePriorities() - device EC:46:54:03:0E:B8
05-28 19:49:12.886 14164 14164 W HearingAidService: getHearingAidService(): service is NULL
05-28 19:49:12.886 14164 14164 W LeAudioService: getLeAudioService(): service is NULL
05-28 19:49:12.886 14164 14164 W CsipSetCoordinatorService: getCsipSetCoordinatorService(): service is NULL
05-28 19:49:12.886 14164 14164 W VolumeControlService: getVolumeControlService(): service is NULL
05-28 19:49:12.886 14164 14164 W HapClientService: getHapClientService(): service is NULL
05-28 19:49:12.886 14164 14164 W BassClientService: getBassClientService(): service is NULL
05-28 19:49:12.886 14164 14164 W BatteryService: getBatteryService(): service is NULL
05-28 19:49:12.886 14164 14164 V BluetoothDatabase: getProfileConnectionPolicy: device XX:XX:XX:03:0E:B8 profile=HID_HOST, connectionPolicy=100
05-28 19:49:12.886 14164 14164 V BluetoothDatabase: getProfileConnectionPolicy: device XX:XX:XX:03:0E:B8 profile=HEADSET, connectionPolicy=100
05-28 19:49:12.886 14164 14164 V BluetoothDatabase: getProfileConnectionPolicy: device XX:XX:XX:03:0E:B8 profile=A2DP, connectionPolicy=100
05-28 19:49:12.886 14164 14164 I AvrcpBrowsedPlayerWrapper: onConnected: com.android.bluetooth is connected
05-28 19:49:12.886 14164 14164 D AvrcpBrowsablePlayerConnector: Browse player callback called: package=com.android.bluetooth : status=0
05-28 19:49:12.886 14164 14164 D AvrcpBrowsablePlayerConnector: Received a message: msg.what=1
05-28 19:49:12.886 14164 14164 I AvrcpBrowsablePlayerConnector: Checking root contents for com.google.android.youtube
05-28 19:49:12.889 14164 14372 D ObexServerSockets2: Accepting socket connection...
05-28 19:49:12.889 14164 14372 D BluetoothSocket: accept(), timeout (ms):-1
05-28 19:49:12.901 10439 10439 D AirPodsService: Received bluetooth connection broadcast
05-28 19:49:12.904 14164 14186 I BluetoothAdapterService: getActiveDevices: A2dp device: null
05-28 19:49:12.907 10439 10439 D AirPodsService: Received bluetooth connection broadcast
05-28 19:49:12.909 14164 14185 I BluetoothAdapterService: getActiveDevices: Headset device: null
05-28 19:49:12.910 14164 14164 D AvrcpBrowsablePlayerConnector: Received a message: msg.what=1
05-28 19:49:12.911 14164 14164 I AvrcpBrowsablePlayerConnector: com.google.android.googlequicksearchbox is not browsable
05-28 19:49:12.911 14164 14164 D AvrcpBrowsablePlayerConnector: Received a message: msg.what=1
05-28 19:49:12.911 14164 14164 I AvrcpBrowsablePlayerConnector: Checking root contents for com.google.android.apps.youtube.music
05-28 19:49:12.911 14164 14305 W bt_sdp  : packages/modules/Bluetooth/system/main/bte_logmsg.cc:194 LogMsg: SDP already active for peer ec:46:54:03:0e:b8. cid=0x40
05-28 19:49:12.929   891 14300 I vendor.qti.bluetooth@1.0-ibs_handler: ProcessIbsCmd: Received IBS_SLEEP_IND: 0xFE
05-28 19:49:12.932 14164 14164 D AvrcpBrowsablePlayerConnector: Received a message: msg.what=1
05-28 19:49:12.932 14164 14164 I AvrcpBrowsablePlayerConnector: Checking root contents for com.android.bluetooth
05-28 19:49:12.953 14164 14164 D BluetoothMetricsLogger: Uploading sha256 hash of matched bluetooth device name: d404171d29541bf1db42a475ef41fe2eec59fe65e5065a32fe1013a43067ce47
05-28 19:49:12.954 14164 14164 D AdapterProperties: PROFILE_CONNECTION_STATE_CHANGE: profile=2, device=EC:46:54:03:0E:B8, 0 -> 1
05-28 19:49:12.955 14164 14164 D AdapterProperties: ADAPTER_CONNECTION_STATE_CHANGE: EC:46:54:03:0E:B8: 0 -> 1
05-28 19:49:12.969 14164 14164 D BluetoothMetricsLogger: Uploading sha256 hash of matched bluetooth device name: d404171d29541bf1db42a475ef41fe2eec59fe65e5065a32fe1013a43067ce47
05-28 19:49:12.969 14164 14164 D AdapterProperties: PROFILE_CONNECTION_STATE_CHANGE: profile=1, device=EC:46:54:03:0E:B8, 0 -> 1
05-28 19:49:12.973 10439 10439 D AirPodsService: Received bluetooth connection broadcast
05-28 19:49:12.975 14164 14164 D BluetoothHidHostService: Connection state EC:46:54:03:0E:B8: 0->1
05-28 19:49:12.977 14164 14164 W BluetoothHidHostService: no state change: 1
05-28 19:49:12.978 14164 14164 I BluetoothPhonePolicy: processProfileStateChanged, device=EC:46:54:03:0E:B8, profile=2, 0 -> 1
05-28 19:49:12.993 14164 14164 I BluetoothPhonePolicy: processProfileStateChanged, device=EC:46:54:03:0E:B8, profile=1, 0 -> 1
05-28 19:49:12.994 14164 14164 W MediaSessionCompat: Couldn't find a unique registered media button receiver in the given context.
05-28 19:49:13.009 14164 14359 D BluetoothPbapService: getConnectionState: 31:32:6A:9F:97:C8
05-28 19:49:13.010 14164 14164 D BluetoothMetricsLogger: Uploading sha256 hash of matched bluetooth device name: d404171d29541bf1db42a475ef41fe2eec59fe65e5065a32fe1013a43067ce47
05-28 19:49:13.010 14164 14164 D AdapterProperties: PROFILE_CONNECTION_STATE_CHANGE: profile=4, device=EC:46:54:03:0E:B8, 0 -> 1
05-28 19:49:13.012 14164 14164 I AvrcpBrowsedPlayerWrapper: onConnected: com.google.android.youtube is connected
05-28 19:49:13.012 14164 14164 I AvrcpBrowsedPlayerWrapper: getFolderItems: Connected to browsable player: com.google.android.youtube
05-28 19:49:13.014 14164 14164 V MediaPlayerList: onActiveSessionsChanged: number of controllers: 2
05-28 19:49:13.014 14164 14164 D MediaPlayerList: onActiveSessionsChanged: controller: com.google.android.apps.youtube.music
05-28 19:49:13.014 14164 14164 D MediaPlayerList: Already have a controller for the player: com.google.android.apps.youtube.music, updating instead
05-28 19:49:13.015 14164 14164 D MediaPlayerList: onActiveSessionsChanged: controller: com.google.android.youtube
05-28 19:49:13.015 14164 14164 D MediaPlayerList: Already have a controller for the player: com.google.android.youtube, updating instead
05-28 19:49:13.015 14164 14164 I AvrcpBrowsedPlayerWrapper: onConnected: com.google.android.apps.youtube.music is connected
05-28 19:49:13.015 14164 14164 I AvrcpBrowsedPlayerWrapper: getFolderItems: Connected to browsable player: com.google.android.apps.youtube.music
05-28 19:49:13.015 14164 14164 I AvrcpBrowsedPlayerWrapper: onConnected: com.android.bluetooth is connected
05-28 19:49:13.015 14164 14164 I AvrcpBrowsedPlayerWrapper: getFolderItems: Connected to browsable player: com.android.bluetooth
05-28 19:49:13.021 14164 14185 I BluetoothAdapterService: getActiveDevices: A2dp device: null
05-28 19:49:13.024 14164 14185 I BluetoothAdapterService: getActiveDevices: Headset device: null
05-28 19:49:13.059 14164 14318 D BluetoothPbapUtils: Contacts updated between last BT OFF and currentPbap Connect, primaryVersionCounter=3965, secondaryVersionCounter=1150
05-28 19:49:13.078   891 14300 I vendor.qti.bluetooth@1.0-ibs_handler: ProcessIbsCmd: Received IBS_WAKE_IND: 0xFD
05-28 19:49:13.078   891 14300 I vendor.qti.bluetooth@1.0-ibs_handler: ProcessIbsCmd: Writing IBS_WAKE_ACK
05-28 19:49:13.080 14164 14305 I btm_acl : packages/modules/Bluetooth/system/stack/acl/btm_acl.cc:1489 change_connection_packet_types: Unable to include remote supported packet types as read feature incomplete
05-28 19:49:13.080 14164 14305 I btm_acl : packages/modules/Bluetooth/system/stack/acl/btm_acl.cc:1490 change_connection_packet_types: TIP: Maybe wait until read feature complete beforehand
05-28 19:49:13.080 14164 14305 W btm_acl : packages/modules/Bluetooth/system/stack/acl/btm_acl.cc:1158 BTM_SetLinkSuperTout: Role is peripheral so unable to set supervision timeout:80.00ms bd_addr:xx:xx:xx:xx:0e:b8
05-28 19:49:13.080 14164 14305 W btm_acl : packages/modules/Bluetooth/system/stack/acl/btm_acl.cc:2333 acl_peer_supports_sniff_subrating: Checking remote features but remote feature read is incomplete
05-28 19:49:13.080 14164 14305 W btm_acl : packages/modules/Bluetooth/system/stack/acl/btm_acl.cc:1596 BTM_ReadRemoteVersion: Remote version information is invalid
05-28 19:49:13.080 14164 14305 I bt_btif_dm: packages/modules/Bluetooth/system/btif/src/btif_dm.cc:583 btif_update_remote_version_property: Remote version info valid:false [xx:xx:xx:xx:0e:b8]: 0, 0, 0
05-28 19:49:13.080 14164 14305 I bt_bta_dm: packages/modules/Bluetooth/system/bta/dm/bta_dm_act.cc:2411 handle_role_change: Role change callback peer:xx:xx:xx:xx:0e:b8 info:0x0 new_role:central dev count:1 hci_status:Success
05-28 19:49:13.080 14164 14358 D BluetoothPbapService: getConnectionState: 04:CB:88:E1:F8:71
05-28 19:49:13.080 14164 14264 W BatteryService: getBatteryService(): service is NULL
05-28 19:49:13.087 14164 14164 I BluetoothPhonePolicy: processDeviceConnected, device=EC:46:54:03:0E:B8
05-28 19:49:13.087 14164 14164 D BluetoothDatabase: setConnection: device XX:XX:XX:03:0E:B8 and isA2dpDevice=false
05-28 19:49:13.087 14164 14164 D BluetoothDatabase: Updating last connected time for device: XX:XX:XX:03:0E:B8 to 2
05-28 19:49:13.087 14164 14164 D BluetoothDatabase: updateDatabase XX:XX:XX:03:0E:B8
05-28 19:49:13.087 14164 14185 I BluetoothAdapterService: getActiveDevices: A2dp device: null
05-28 19:49:13.090 10439 10439 D AirPodsService: Received bluetooth connection broadcast
05-28 19:49:13.091 14164 14185 I BluetoothAdapterService: getActiveDevices: Headset device: null
05-28 19:49:13.093 14164 14305 I bluetooth: packages/modules/Bluetooth/system/bta/dm/bta_dm_main.cc:65 bta_dm_search_sm_execute: bta_dm_search_sm_execute state:0, event:0x201
05-28 19:49:13.093 14164 14305 I bt_bta_dm: packages/modules/Bluetooth/system/bta/dm/bta_dm_act.cc:931 bta_dm_discover: bta_dm_discovery: starting service discovery to xx:xx:xx:xx:0e:b8 , transport: BT_TRANSPORT_AUTO
05-28 19:49:13.094 14164 14283 I bluetooth: packages/modules/Bluetooth/system/main/shim/acl.cc:527 OnReadClockOffsetComplete: UNIMPLEMENTED
05-28 19:49:13.095 14164 14283 E bluetooth: packages/modules/Bluetooth/system/gd/hci/hci_layer.cc:156 on_command_status: Received UNEXPECTED command status:CONTROLLER_BUSY opcode:0x419 (REMOTE_NAME_REQUEST)
