05-28 19:49:11.029   891 14291 I vendor.qti.bluetooth@1.0-patch_dl_manager:  SocInit 
05-28 19:49:11.029   891 14291 D vendor.qti.bluetooth@1.0-patch_dl_manager: PatchVerReq: Sending Get Version CMD to SOC
05-28 19:49:11.029   891 14291 D vendor.qti.bluetooth@1.0-patch_dl_manager: HciSendVsCmd: Get Version Cmd sent to SOC
05-28 19:49:11.033   891 14291 I vendor.qti.bluetooth@1.0-patch_dl_manager: 	 Current Product ID		: 0x0000000a
05-28 19:49:11.033   891 14291 I vendor.qti.bluetooth@1.0-patch_dl_manager: 	 Current Patch Version		: 0x0001
05-28 19:49:11.033   891 14291 I vendor.qti.bluetooth@1.0-patch_dl_manager: 	 Current ROM Build Version	: 0x0201
05-28 19:49:11.033   891 14291 I vendor.qti.bluetooth@1.0-patch_dl_manager: 	 Current SOC Version		: 0x40020140
05-28 19:49:11.033   891 14291 E vendor.qti.bluetooth@1.0-power_manager: 
05-28 19:49:11.033   891 14291 E vendor.qti.bluetooth@1.0-power_manager: bt soc version  (1073873216)
05-28 19:49:11.034   891 14291 E vendor.qti.bluetooth@1.0-patch_dl_manager: PatchVerReq: rsp[CMD_RSP_OFFSET] = 0 ,  rsp[RSP_TYPE_OFFSET] = 2
05-28 19:49:11.034   891 14291 D vendor.qti.bluetooth@1.0-patch_dl_manager: ReadHciEvent: Expected CC
05-28 19:49:11.034   891 14291 I vendor.qti.bluetooth@1.0-patch_dl_manager: SocInit: Chipset Version (0x40020140000a0201)
05-28 19:49:11.034   891 14291 D vendor.qti.bluetooth@1.0-patch_dl_manager: FormRegularPaths: Checking and Setting proper Rampatch and NVM path
05-28 19:49:11.034   891 14291 D vendor.qti.bluetooth@1.0-patch_dl_manager: FormRegularPaths: Done checking and setting proper Rampatch and NVM path
05-28 19:49:11.034   891 14291 I vendor.qti.bluetooth@1.0-uart_transport: ## userial_vendor_ioctl: UART Flow Off 
05-28 19:49:11.054   891 14291 I vendor.qti.bluetooth@1.0-uart_transport: ## userial_vendor_set_baud: 17
05-28 19:49:11.055   891 14291 I vendor.qti.bluetooth@1.0-uart_transport: SetBaudRate: in BOTHER
05-28 19:49:11.055   891 14291 I vendor.qti.bluetooth@1.0-uart_transport: GetBaudRate: Current Baudrate = 3200000 bps
05-28 19:49:11.055   891 14291 I vendor.qti.bluetooth@1.0-uart_transport: ## userial_vendor_ioctl: UART Flow On 
05-28 19:49:11.055   891 14291 D vendor.qti.bluetooth@1.0-patch_dl_manager: ReadHciEvent: Expected CC
05-28 19:49:11.055   891 14291 I vendor.qti.bluetooth@1.0-patch_dl_manager: SocInit: Baud rate changed successfully 
05-28 19:49:11.055   891 14291 E vendor.qti.bluetooth@1.0-patch_dl_manager: /bt_firmware/image/apbtfw11.tlv File Open Fail No such file or directory (2)
05-28 19:49:11.055   891 14291 I vendor.qti.bluetooth@1.0-patch_dl_manager: File open /vendor/bt_firmware/image/apbtfw11.tlv succeeded
05-28 19:49:11.061   891 14291 I vendor.qti.bluetooth@1.0-patch_dl_manager: bluetooth drop power enabled[], is_drop_power[0]
05-28 19:49:11.062   891 14291 I vendor.qti.bluetooth@1.0-patch_dl_manager: bluetooth ble drop power enabled[true], is_ble_drop_power[1]
05-28 19:49:11.062   891 14291 I vendor.qti.bluetooth@1.0-patch_dl_manager: ====================================================
05-28 19:49:11.062   891 14291 I vendor.qti.bluetooth@1.0-patch_dl_manager: TLV Type			 : 0x1
05-28 19:49:11.062   891 14291 I vendor.qti.bluetooth@1.0-patch_dl_manager: Length			 : 230072 bytes
05-28 19:49:11.062   891 14291 I vendor.qti.bluetooth@1.0-patch_dl_manager: Total Length			 : 229816 bytes
05-28 19:49:11.062   891 14291 I vendor.qti.bluetooth@1.0-patch_dl_manager: Patch Data Length			 : 229792 bytes
05-28 19:49:11.062   891 14291 I vendor.qti.bluetooth@1.0-patch_dl_manager: Signing Format Version	 : 0x1
05-28 19:49:11.062   891 14291 I vendor.qti.bluetooth@1.0-patch_dl_manager: Signature Algorithm		 : 0x2
05-28 19:49:11.062   891 14291 I vendor.qti.bluetooth@1.0-patch_dl_manager: Event Handling			 : 0x3
05-28 19:49:11.062   891 14291 I vendor.qti.bluetooth@1.0-patch_dl_manager: Reserved			 : 0x0
05-28 19:49:11.062   891 14291 I vendor.qti.bluetooth@1.0-patch_dl_manager: Product ID			 : 0x000a
05-28 19:49:11.062   891 14291 I vendor.qti.bluetooth@1.0-patch_dl_manager: Rom Build Version		 : 0x0201
05-28 19:49:11.062   891 14291 I vendor.qti.bluetooth@1.0-patch_dl_manager: Patch Version		 : 0x0002
05-28 19:49:11.062   891 14291 I vendor.qti.bluetooth@1.0-patch_dl_manager: Reserved			 : 0x8000
05-28 19:49:11.062   891 14291 I vendor.qti.bluetooth@1.0-patch_dl_manager: Patch Entry Address		 : 0x209e4
05-28 19:49:11.062   891 14291 I vendor.qti.bluetooth@1.0-patch_dl_manager: ====================================================
05-28 19:49:11.062   891 14291 I vendor.qti.bluetooth@1.0-patch_dl_manager: TlvDnldReq: TLV size: 230076, Total Seg num: 946, remain size: 198
05-28 19:49:11.062   891 14291 I vendor.qti.bluetooth@1.0-patch_dl_manager: Event handling type: SKIP_EVT_VSE_CC
05-28 19:49:11.835   891 14291 D vendor.qti.bluetooth@1.0-patch_dl_manager: TlvDnldReq: Updating seg len to 198 as last segment
05-28 19:49:12.060   891 14291 D vendor.qti.bluetooth@1.0-patch_dl_manager: FrameHciCmdPkt: Sending EDL_GET_BOARD_ID
05-28 19:49:12.061   891 14291 D vendor.qti.bluetooth@1.0-patch_dl_manager: HCI-CMD -1:	0x1 	0x0 	0xfc 	0x1 	0x23
05-28 19:49:12.061   891 14291 I vendor.qti.bluetooth@1.0-patch_dl_manager: GetBoardIdReq: Sending EDL_GET_BOARD_ID
05-28 19:49:12.061   891 14291 I vendor.qti.bluetooth@1.0-patch_dl_manager: HandleEdlCmdResEvt: Board Id 0 0!!
05-28 19:49:12.061   891 14291 D vendor.qti.bluetooth@1.0-patch_dl_manager: ReadHciEvent: Expected CC
05-28 19:49:12.061   891 14291 E vendor.qti.bluetooth@1.0-patch_dl_manager: /bt_firmware/image/apnv11.b00 File Open Fail No such file or directory (2)
05-28 19:49:12.061   891 14291 E vendor.qti.bluetooth@1.0-patch_dl_manager: /vendor/bt_firmware/image/apnv11.b00 File Opening from alternate path: Fail No such file or directory (2)
05-28 19:49:12.061   891 14291 I vendor.qti.bluetooth@1.0-patch_dl_manager: DownloadTlvFile: /bt_firmware/image/apnv11.b00: file doesn't exist, falling back to default file
05-28 19:49:12.062   891 14291 E vendor.qti.bluetooth@1.0-patch_dl_manager: /bt_firmware/image/apnv11.bin File Open Fail No such file or directory (2)
05-28 19:49:12.062   891 14291 I vendor.qti.bluetooth@1.0-patch_dl_manager: File open /vendor/bt_firmware/image/apnv11.bin succeeded
05-28 19:49:12.064   891 14291 I vendor.qti.bluetooth@1.0-patch_dl_manager: bluetooth drop power enabled[], is_drop_power[0]
05-28 19:49:12.064   891 14291 I vendor.qti.bluetooth@1.0-patch_dl_manager: bluetooth ble drop power enabled[true], is_ble_drop_power[1]
05-28 19:49:12.064   891 14291 I vendor.qti.bluetooth@1.0-patch_dl_manager: ====================================================
05-28 19:49:12.064   891 14291 I vendor.qti.bluetooth@1.0-patch_dl_manager: TLV Type			 : 0x4
05-28 19:49:12.064   891 14291 I vendor.qti.bluetooth@1.0-patch_dl_manager: Length			 : 4871 bytes
05-28 19:49:12.064   891 14291 I vendor.qti.bluetooth@1.0-patch_dl_manager: ====================================================
05-28 19:49:12.064   891 14291 I vendor.qti.bluetooth@1.0-patch_dl_manager: ====================================================
05-28 19:49:12.064   891 14291 I vendor.qti.bluetooth@1.0-patch_dl_manager: TLV Type			 : 0x2
05-28 19:49:12.064   891 14291 I vendor.qti.bluetooth@1.0-patch_dl_manager: Length			 : 3555 bytes
05-28 19:49:12.064   891 14291 I vendor.qti.bluetooth@1.0-patch_dl_manager: ====================================================
05-28 19:49:12.064   891 14291 I vendor.qti.bluetooth@1.0-patch_dl_manager: BD Address: 76:26:01:d4:49:14
05-28 19:49:12.064   891 14291 D vendor.qti.bluetooth@1.0-ibs_handler: IsEnabled: SIBS enabled: true
05-28 19:49:12.064   891 14291 D vendor.qti.bluetooth@1.0-ibs_handler: IsEnabled: SIBS enabled: true
05-28 19:49:12.064   891 14291 D vendor.qti.bluetooth@1.0-ibs_handler: IsEnabled: SIBS enabled: true
05-28 19:49:12.064   891 14291 D vendor.qti.bluetooth@1.0-patch_dl_manager: CheckForWakeupMechanism: Wakeup source config : 0
05-28 19:49:12.064   891 14291 D vendor.qti.bluetooth@1.0-ibs_handler: IsEnabled: SIBS enabled: true
05-28 19:49:12.064   891 14291 D vendor.qti.bluetooth@1.0-ibs_handler: IsEnabled: SIBS enabled: true
05-28 19:49:12.064   891 14291 D vendor.qti.bluetooth@1.0-ibs_handler: IsEnabled: SIBS enabled: true
05-28 19:49:12.064   891 14291 D vendor.qti.bluetooth@1.0-ibs_handler: IsEnabled: SIBS enabled: true
05-28 19:49:12.064   891 14291 D vendor.qti.bluetooth@1.0-ibs_handler: IsEnabled: SIBS enabled: true
05-28 19:49:12.064   891 14291 I vendor.qti.bluetooth@1.0-patch_dl_manager: BT TAG36 last 4 bytes:00 04 08 03
05-28 19:49:12.064   891 14291 D vendor.qti.bluetooth@1.0-ibs_handler: IsEnabled: SIBS enabled: true
05-28 19:49:12.064   891 14291 D vendor.qti.bluetooth@1.0-ibs_handler: IsEnabled: SIBS enabled: true
05-28 19:49:12.064   891 14291 D vendor.qti.bluetooth@1.0-ibs_handler: IsEnabled: SIBS enabled: true
05-28 19:49:12.064   891 14291 D vendor.qti.bluetooth@1.0-ibs_handler: IsEnabled: SIBS enabled: true
05-28 19:49:12.064   891 14291 D vendor.qti.bluetooth@1.0-ibs_handler: IsEnabled: SIBS enabled: true
05-28 19:49:12.065   891 14291 D vendor.qti.bluetooth@1.0-ibs_handler: IsEnabled: SIBS enabled: true
05-28 19:49:12.065   891 14291 D vendor.qti.bluetooth@1.0-ibs_handler: IsEnabled: SIBS enabled: true
05-28 19:49:12.065   891 14291 D vendor.qti.bluetooth@1.0-ibs_handler: IsEnabled: SIBS enabled: true
05-28 19:49:12.065   891 14291 D vendor.qti.bluetooth@1.0-ibs_handler: IsEnabled: SIBS enabled: true
05-28 19:49:12.065   891 14291 D vendor.qti.bluetooth@1.0-ibs_handler: IsEnabled: SIBS enabled: true
05-28 19:49:12.065   891 14291 D vendor.qti.bluetooth@1.0-ibs_handler: IsEnabled: SIBS enabled: true
05-28 19:49:12.065   891 14291 D vendor.qti.bluetooth@1.0-ibs_handler: IsEnabled: SIBS enabled: true
05-28 19:49:12.065   891 14291 D vendor.qti.bluetooth@1.0-ibs_handler: IsEnabled: SIBS enabled: true
05-28 19:49:12.065   891 14291 D vendor.qti.bluetooth@1.0-ibs_handler: IsEnabled: SIBS enabled: true
05-28 19:49:12.065   891 14291 D vendor.qti.bluetooth@1.0-ibs_handler: IsEnabled: SIBS enabled: true
05-28 19:49:12.065   891 14291 D vendor.qti.bluetooth@1.0-ibs_handler: IsEnabled: SIBS enabled: true
05-28 19:49:12.065   891 14291 D vendor.qti.bluetooth@1.0-ibs_handler: IsEnabled: SIBS enabled: true
05-28 19:49:12.066   891 14291 D vendor.qti.bluetooth@1.0-ibs_handler: IsEnabled: SIBS enabled: true
05-28 19:49:12.066   891 14291 D vendor.qti.bluetooth@1.0-ibs_handler: IsEnabled: SIBS enabled: true
05-28 19:49:12.066   891 14291 D vendor.qti.bluetooth@1.0-ibs_handler: IsEnabled: SIBS enabled: true
05-28 19:49:12.066   891 14291 D vendor.qti.bluetooth@1.0-ibs_handler: IsEnabled: SIBS enabled: true
05-28 19:49:12.066   891 14291 D vendor.qti.bluetooth@1.0-ibs_handler: IsEnabled: SIBS enabled: true
05-28 19:49:12.066   891 14291 D vendor.qti.bluetooth@1.0-ibs_handler: IsEnabled: SIBS enabled: true
05-28 19:49:12.066   891 14291 D vendor.qti.bluetooth@1.0-ibs_handler: IsEnabled: SIBS enabled: true
05-28 19:49:12.066   891 14291 D vendor.qti.bluetooth@1.0-ibs_handler: IsEnabled: SIBS enabled: true
05-28 19:49:12.066   891 14291 D vendor.qti.bluetooth@1.0-ibs_handler: IsEnabled: SIBS enabled: true
05-28 19:49:12.067   891 14291 D vendor.qti.bluetooth@1.0-ibs_handler: IsEnabled: SIBS enabled: true
05-28 19:49:12.067   891 14291 D vendor.qti.bluetooth@1.0-ibs_handler: IsEnabled: SIBS enabled: true
05-28 19:49:12.067   891 14291 D vendor.qti.bluetooth@1.0-ibs_handler: IsEnabled: SIBS enabled: true
05-28 19:49:12.067   891 14291 D vendor.qti.bluetooth@1.0-ibs_handler: IsEnabled: SIBS enabled: true
05-28 19:49:12.067   891 14291 D vendor.qti.bluetooth@1.0-ibs_handler: IsEnabled: SIBS enabled: true
05-28 19:49:12.067   891 14291 D vendor.qti.bluetooth@1.0-ibs_handler: IsEnabled: SIBS enabled: true
05-28 19:49:12.067   891 14291 D vendor.qti.bluetooth@1.0-ibs_handler: IsEnabled: SIBS enabled: true
05-28 19:49:12.067   891 14291 D vendor.qti.bluetooth@1.0-ibs_handler: IsEnabled: SIBS enabled: true
05-28 19:49:12.067   891 14291 D vendor.qti.bluetooth@1.0-ibs_handler: IsEnabled: SIBS enabled: true
05-28 19:49:12.067   891 14291 D vendor.qti.bluetooth@1.0-ibs_handler: IsEnabled: SIBS enabled: true
05-28 19:49:12.068   891 14291 D vendor.qti.bluetooth@1.0-ibs_handler: IsEnabled: SIBS enabled: true
05-28 19:49:12.068   891 14291 I vendor.qti.bluetooth@1.0-patch_dl_manager: ====================================================
05-28 19:49:12.068   891 14291 I vendor.qti.bluetooth@1.0-patch_dl_manager: TLV Type			 : 0x3
05-28 19:49:12.068   891 14291 I vendor.qti.bluetooth@1.0-patch_dl_manager: Length			 : 1308 bytes
05-28 19:49:12.068   891 14291 I vendor.qti.bluetooth@1.0-patch_dl_manager: ====================================================
05-28 19:49:12.069   891 14291 I vendor.qti.bluetooth@1.0-patch_dl_manager: ====================================================
05-28 19:49:12.069   891 14291 I vendor.qti.bluetooth@1.0-patch_dl_manager: TlvDnldReq: TLV size: 4875, Total Seg num: 20, remain size: 15
05-28 19:49:12.071   891 14291 D vendor.qti.bluetooth@1.0-patch_dl_manager: ReadHciEvent: Expected CC
05-28 19:49:12.072   891 14291 D vendor.qti.bluetooth@1.0-patch_dl_manager: ReadHciEvent: Expected CC
05-28 19:49:12.073   891 14291 D vendor.qti.bluetooth@1.0-patch_dl_manager: ReadHciEvent: Expected CC
05-28 19:49:12.074   891 14291 D vendor.qti.bluetooth@1.0-patch_dl_manager: ReadHciEvent: Expected CC
05-28 19:49:12.076   891 14291 D vendor.qti.bluetooth@1.0-patch_dl_manager: ReadHciEvent: Expected CC
05-28 19:49:12.077   891 14291 D vendor.qti.bluetooth@1.0-patch_dl_manager: ReadHciEvent: Expected CC
05-28 19:49:12.078   891 14291 D vendor.qti.bluetooth@1.0-patch_dl_manager: ReadHciEvent: Expected CC
05-28 19:49:12.079   891 14291 D vendor.qti.bluetooth@1.0-patch_dl_manager: ReadHciEvent: Expected CC
05-28 19:49:12.080   891 14291 D vendor.qti.bluetooth@1.0-patch_dl_manager: ReadHciEvent: Expected CC
05-28 19:49:12.082   891 14291 D vendor.qti.bluetooth@1.0-patch_dl_manager: ReadHciEvent: Expected CC
05-28 19:49:12.083   891 14291 D vendor.qti.bluetooth@1.0-patch_dl_manager: ReadHciEvent: Expected CC
05-28 19:49:12.084   891 14291 D vendor.qti.bluetooth@1.0-patch_dl_manager: ReadHciEvent: Expected CC
05-28 19:49:12.086   891 14291 D vendor.qti.bluetooth@1.0-patch_dl_manager: ReadHciEvent: Expected CC
05-28 19:49:12.087   891 14291 D vendor.qti.bluetooth@1.0-patch_dl_manager: ReadHciEvent: Expected CC
05-28 19:49:12.089   891 14291 D vendor.qti.bluetooth@1.0-patch_dl_manager: ReadHciEvent: Expected CC
05-28 19:49:12.090   891 14291 D vendor.qti.bluetooth@1.0-patch_dl_manager: ReadHciEvent: Expected CC
05-28 19:49:12.091   891 14291 D vendor.qti.bluetooth@1.0-patch_dl_manager: ReadHciEvent: Expected CC
05-28 19:49:12.092   891 14291 D vendor.qti.bluetooth@1.0-patch_dl_manager: ReadHciEvent: Expected CC
05-28 19:49:12.093   891 14291 D vendor.qti.bluetooth@1.0-patch_dl_manager: ReadHciEvent: Expected CC
05-28 19:49:12.095   891 14291 D vendor.qti.bluetooth@1.0-patch_dl_manager: ReadHciEvent: Expected CC
05-28 19:49:12.095   891 14291 D vendor.qti.bluetooth@1.0-patch_dl_manager: TlvDnldReq: Updating seg len to 15 as last segment
05-28 19:49:12.096   891 14291 D vendor.qti.bluetooth@1.0-patch_dl_manager: ReadHciEvent: Expected CC
05-28 19:49:12.096   891 14291 I vendor.qti.bluetooth@1.0-patch_dl_manager: SocInit: Download TLV file successfully 
05-28 19:49:12.097   891 14291 I vendor.qti.bluetooth@1.0-patch_dl_manager: HandleEdlCmdResEvt: BT SoC FW SU Build info: BTFM.CHE.2.1.5-00284-QCACHROMZ-1, 32
05-28 19:49:12.097   891 14291 D vendor.qti.bluetooth@1.0-patch_dl_manager: ReadHciEvent: Expected CC
05-28 19:49:12.097   891 14291 D vendor.qti.bluetooth@1.0-patch_dl_manager: GetAddOnFeatureList: Sending HCI_VS_GET_ADDON_FEATURES_SUPPORT
05-28 19:49:12.097   891 14291 D vendor.qti.bluetooth@1.0-patch_dl_manager: HCI-CMD: 	0x1 	0x1d 	0xfc 	0x0
05-28 19:49:12.097   891 14291 D vendor.qti.bluetooth@1.0-patch_dl_manager: ReadHciEvent: Expected CC
05-28 19:49:12.097   891 14291 I vendor.qti.bluetooth@1.0-patch_dl_manager: GetAddOnFeatureList: param_len 13, cmd_status = 0
05-28 19:49:12.097   891 14291 I vendor.qti.bluetooth@1.0-patch_dl_manager: GetAddOnFeatureList: feat_mask_len 5 product_id = 10, rsp_version = 1
05-28 19:49:12.097   891 14291 I vendor.qti.bluetooth@1.0-patch_dl_manager: EnableEnhControllerLog: disabled(0)
05-28 19:49:12.098   891 14291 D vendor.qti.bluetooth@1.0-patch_dl_manager: ReadHciEvent: Expected CC
05-28 19:49:12.098   891 14291 I vendor.qti.bluetooth@1.0-patch_dl_manager: HciReset: HCI RESET 
05-28 19:49:12.216   891 14291 D vendor.qti.bluetooth@1.0-patch_dl_manager: ReadCmdCmplEvent: Cmd Cmpl received for opcode c03
05-28 19:49:12.216   891 14291 D vendor.qti.bluetooth@1.0-uart_controller: add on features read true
05-28 19:49:12.218   891 14291 I vendor.qti.bluetooth@1.0-diag_interface: Init: Init diag completed
05-28 19:49:12.219   891 14291 D vendor.qti.bluetooth@1.0-logger: Init: Registered Diag callbacks
05-28 19:49:12.219   891 14291 D vendor.qti.bluetooth@1.0-uart_controller: Init succeded
05-28 19:49:12.219   891 14291 I vendor.qti.bluetooth@1.0-data_handler: SetHostAddOnFeatures: chip_ver: (0x40020140000a0201), chip_ver_str: APACHE_VER_1_2_0
05-28 19:49:12.219   891 14291 I vendor.qti.bluetooth@1.0-data_handler: SetHostAddOnFeatures: before get_soc_info call
05-28 19:49:12.221   891 14291 I vendor.qti.bluetooth@1.0-data_handler: SetHostAddOnFeatures: after get_soc_info call
05-28 19:49:12.221   891 14291 W vendor.qti.bluetooth@1.0-data_handler: SetHostAddOnFeatures: failed to get soc info or feat not req for this chip
05-28 19:49:12.222   891 14291 D vendor.qti.bluetooth@1.0-data_handler: StopInitTimer: InitTimer Stopped
05-28 19:49:12.222   891 14291 D vendor.qti.bluetooth@1.0-data_handler: Firmware download succeded.
05-28 19:49:12.222   891 14291 I vendor.qti.bluetooth@1.0-bluetooth_hci: operator(): Set callbacks received from BT client inorder to provide status and data through them
05-28 19:49:12.230   891   891 I vendor.qti.bluetooth@1.0-ibs_handler: DeviceWakeUp: Writing IBS_WAKE_IND
05-28 19:49:12.233   891 14300 I vendor.qti.bluetooth@1.0-ibs_handler: ProcessIbsCmd: Received IBS_WAKE_ACK: 0xFC
05-28 19:49:12.233   891 14300 I vendor.qti.bluetooth@1.0-ibs_handler: ProcessIbsCmd: Signal wack_cond_
05-28 19:49:12.233   891   891 D vendor.qti.bluetooth@1.0-ibs_handler: DeviceWakeUp: Unblocked from waiting for FC
05-28 19:49:12.233   891 14291 D vendor.qti.bluetooth@1.0-data_handler: operator(): init thread exited now
05-28 19:49:12.267 14164 14283 E bluetooth: packages/modules/Bluetooth/system/gd/hci/controller.cc:498 le_get_vendor_capabilities_handler: invalid data for hci requirements v0.98
05-28 19:49:12.270 14164 14284 I bluetooth: packages/modules/Bluetooth/system/gd/hci/le_scanning_manager.cc:665 stop_scan: Scanning already stopped, return!
05-28 19:49:12.271 14164 14261 I bluetooth: packages/modules/Bluetooth/system/gd/stack_manager.cc:57 StartUp: init complete
05-28 19:49:12.271 14164 14261 I bt_gd_shim: packages/modules/Bluetooth/system/main/shim/stack.cc:222 Start: Start Successfully toggled Gd stack
05-28 19:49:12.271 14164 14283 W bluetooth: packages/modules/Bluetooth/system/gd/hci/vendor_specific_event_manager.cc:86 on_vendor_specific_event: Unhandled vendor specific event of type 0x00
05-28 19:49:12.271 14164 14261 I bt_shim_scanner: packages/modules/Bluetooth/system/main/shim/le_scanning_manager.cc:134 Init: init BleScannerInterfaceImpl
05-28 19:49:12.271 14164 14261 I bt_gd_shim: packages/modules/Bluetooth/system/main/shim/stack.cc:82 CreatePidFile: CreatePidFile - Created pid file /var/run/bluetooth/bluetooth0.pid
05-28 19:49:12.271 14164 14261 I bt_core_module: packages/modules/Bluetooth/system/btcore/src/module.cc:91 module_start_up: module_start_up Started module "gd_shim_module"
05-28 19:49:12.271 14164 14261 I bt_core_module: packages/modules/Bluetooth/system/btcore/src/module.cc:86 module_start_up: module_start_up Starting module "btif_config_module"
05-28 19:49:12.271 14164 14261 I bt_core_module: packages/modules/Bluetooth/system/btcore/src/module.cc:91 module_start_up: module_start_up Started module "btif_config_module"
05-28 19:49:12.271 14164 14261 I bt_l2cap: packages/modules/Bluetooth/system/stack/l2cap/l2c_api.cc:168 L2CA_Register: L2CAP Registered service classic PSM: 0x0001
05-28 19:49:12.272 14164 14261 I bt_l2cap: packages/modules/Bluetooth/system/stack/l2cap/l2c_api.cc:168 L2CA_Register: L2CAP Registered service classic PSM: 0x001f
05-28 19:49:12.272 14164 14261 I bluetooth: packages/modules/Bluetooth/system/stack/gatt/gatt_api.cc:1125 GATT_Register: Allocated name:GattProfileDb uuid:81818181-8181-8181-8181-818181818181 gatt_if:1 eatt_support:0
05-28 19:49:12.272 14164 14261 I droid.bluetooth: [0528/194912.272148:INFO:gatt_api.cc(172)] GATTS_AddService
05-28 19:49:12.272 14164 14283 W bluetooth: packages/modules/Bluetooth/system/gd/hci/le_scanning_manager.cc:1441 on_apcf_read_extended_features_complete: Can not get valid LeAdvFilterCompleteView, return
05-28 19:49:12.272 14164 14264 I bluetooth: packages/modules/Bluetooth/system/gd/storage/config_cache.cc:286 ConvertEncryptOrDecryptKeyIfNeeded: ConvertEncryptOrDecryptKeyIfNeeded
05-28 19:49:12.272 14164 14261 I droid.bluetooth: [0528/194912.272238:INFO:gatt_api.cc(287)] GATTS_AddService: service parsed correctly, now starting
05-28 19:49:12.272 14164 14261 I droid.bluetooth: [0528/194912.272642:INFO:gatt_sr_hash.cc(127)] gatts_calculate_database_hash: hash=80AEB10BC70DCCEFA207489DCED98FED
05-28 19:49:12.272 14164 14261 I bt_l2cap: packages/modules/Bluetooth/system/stack/l2cap/l2c_api.cc:468 L2CA_RegisterLECoc: Registered service LE COC PSM: 0x0027
05-28 19:49:12.274 14164 14261 I bt_l2cap: packages/modules/Bluetooth/system/stack/l2cap/l2c_api.cc:168 L2CA_Register: L2CAP Registered service classic PSM: 0x0003
05-28 19:49:12.274 14164 14261 I bluetooth: packages/modules/Bluetooth/system/stack/gatt/gatt_api.cc:1125 GATT_Register: Allocated name:Gap uuid:82828282-8282-8282-8282-828282828282 gatt_if:2 eatt_support:0
05-28 19:49:12.274 14164 14261 I droid.bluetooth: [0528/194912.274426:INFO:gatt_api.cc(172)] GATTS_AddService
05-28 19:49:12.274 14164 14261 I droid.bluetooth: [0528/194912.274558:INFO:gatt_api.cc(287)] GATTS_AddService: service parsed correctly, now starting
05-28 19:49:12.274 14164 14261 I droid.bluetooth: [0528/194912.274669:INFO:gatt_sr_hash.cc(127)] gatts_calculate_database_hash: hash=8991C462EBE9D90B9EA0DA3E16D0F513
05-28 19:49:12.274 14164 14261 I bt_bte  : packages/modules/Bluetooth/system/main/bte_logmsg.cc:248 load_levels_from_config: BTE_InitTraceLevels -- TRC_HCI : Level 2
05-28 19:49:12.274 14164 14261 I bt_bte  : packages/modules/Bluetooth/system/main/bte_logmsg.cc:248 load_levels_from_config: BTE_InitTraceLevels -- TRC_L2CAP : Level 2
05-28 19:49:12.274 14164 14261 I bt_bte  : packages/modules/Bluetooth/system/main/bte_logmsg.cc:248 load_levels_from_config: BTE_InitTraceLevels -- TRC_RFCOMM : Level 2
05-28 19:49:12.274 14164 14261 I bt_bte  : packages/modules/Bluetooth/system/main/bte_logmsg.cc:248 load_levels_from_config: BTE_InitTraceLevels -- TRC_AVCT : Level 2
05-28 19:49:12.274 14164 14261 I bt_bte  : packages/modules/Bluetooth/system/main/bte_logmsg.cc:248 load_levels_from_config: BTE_InitTraceLevels -- TRC_AVDT : Level 2
05-28 19:49:12.274 14164 14261 I bt_bte  : packages/modules/Bluetooth/system/main/bte_logmsg.cc:248 load_levels_from_config: BTE_InitTraceLevels -- TRC_AVRC : Level 2
05-28 19:49:12.274 14164 14261 I bt_bte  : packages/modules/Bluetooth/system/main/bte_logmsg.cc:248 load_levels_from_config: BTE_InitTraceLevels -- TRC_A2D : Level 2
05-28 19:49:12.274 14164 14261 I bt_bte  : packages/modules/Bluetooth/system/main/bte_logmsg.cc:248 load_levels_from_config: BTE_InitTraceLevels -- TRC_BNEP : Level 2
05-28 19:49:12.274 14164 14261 I bt_bte  : packages/modules/Bluetooth/system/main/bte_logmsg.cc:248 load_levels_from_config: BTE_InitTraceLevels -- TRC_BTM : Level 2
05-28 19:49:12.274 14164 14261 I bt_bte  : packages/modules/Bluetooth/system/main/bte_logmsg.cc:248 load_levels_from_config: BTE_InitTraceLevels -- TRC_HID_HOST : Level 2
05-28 19:49:12.274 14164 14261 I bt_bte  : packages/modules/Bluetooth/system/main/bte_logmsg.cc:248 load_levels_from_config: BTE_InitTraceLevels -- TRC_PAN : Level 2
05-28 19:49:12.275 14164 14261 I bt_bte  : packages/modules/Bluetooth/system/main/bte_logmsg.cc:248 load_levels_from_config: BTE_InitTraceLevels -- TRC_SDP : Level 2
05-28 19:49:12.275 14164 14261 I bt_bte  : packages/modules/Bluetooth/system/main/bte_logmsg.cc:248 load_levels_from_config: BTE_InitTraceLevels -- TRC_SMP : Level 2
05-28 19:49:12.275 14164 14261 I bt_bte  : packages/modules/Bluetooth/system/main/bte_logmsg.cc:248 load_levels_from_config: BTE_InitTraceLevels -- TRC_HID_DEV : Level 2
05-28 19:49:12.275 14164 14261 I bt_bte  : packages/modules/Bluetooth/system/main/bte_logmsg.cc:248 load_levels_from_config: BTE_InitTraceLevels -- TRC_BTAPP : Level 2
05-28 19:49:12.275 14164 14261 I bt_bte  : packages/modules/Bluetooth/system/main/bte_logmsg.cc:248 load_levels_from_config: BTE_InitTraceLevels -- TRC_BTIF : Level 2
05-28 19:49:12.275 14164 14305 I bt_stack: [INFO:message_loop_thread.cc(226)] Run: message loop starting for thread bt_main_thread
05-28 19:49:12.275 14164 14261 I bt_core_module: packages/modules/Bluetooth/system/btcore/src/module.cc:86 module_start_up: module_start_up Starting module "gd_controller_module"
05-28 19:49:12.275 14164 14261 I bt_shim_controller: packages/modules/Bluetooth/system/main/shim/controller.cc:73 start_up: start_up Starting up
05-28 19:49:12.275 14164 14261 I bt_shim_controller: packages/modules/Bluetooth/system/main/shim/controller.cc:106 start_up: Mac address:14:49:d4:01:26:76
05-28 19:49:12.275 14164 14261 I bt_core_module: packages/modules/Bluetooth/system/btcore/src/module.cc:91 module_start_up: module_start_up Started module "gd_controller_module"
05-28 19:49:12.275 14164 14261 I bt_btm_pm: packages/modules/Bluetooth/system/stack/acl/btm_pm.cc:401 btm_pm_reset: reset pm
05-28 19:49:12.275 14164 14261 I btm_acl : packages/modules/Bluetooth/system/stack/acl/btm_acl.cc:716 check_link_policy: park not supported (settings: 0x0007)
05-28 19:49:12.276 14164 14261 E bt_btif_dm: packages/modules/Bluetooth/system/btif/src/btif_dm.cc:2440 btif_dm_get_local_class_of_device: COD malformed, must have unsigned 3 integers.
05-28 19:49:12.276 14164 14261 I bt_bta_dm: packages/modules/Bluetooth/system/bta/dm/bta_dm_act.cc:372 BTA_dm_on_hw_on: BTA_dm_on_hw_on: Read default class of device {0x0, 0x1f, 0x0}
05-28 19:49:12.277 14164 14261 I bt_btm_sec: packages/modules/Bluetooth/system/stack/btm/btm_sec.cc:240 BTM_SecRegister: BTM_SecRegister p_cb_info->p_le_callback == 0x0x75281d151c
05-28 19:49:12.277 14164 14261 I bt_btm_sec: packages/modules/Bluetooth/system/stack/btm/btm_sec.cc:255 BTM_SecRegister: BTM_SecRegister btm_cb.api.p_le_callback = 0x0x75281d151c 
05-28 19:49:12.277 14164 14261 I bt_stack: [INFO:ble_scanner_hci_interface.cc(338)] Periodic Adv Sync Transfer Recipient role is supported
05-28 19:49:12.280 14164 14305 I bluetooth: packages/modules/Bluetooth/system/stack/gatt/gatt_api.cc:1125 GATT_Register: Allocated name:GattClient uuid:6fbfc98a-5af8-8b60-ad2c-624f75894bf2 gatt_if:3 eatt_support:0
05-28 19:49:12.286 14164 14305 I bt_stack: [INFO:ble_advertiser_hci_interface.cc(763)] Extended advertising will be in use
05-28 19:49:12.286 14164 14264 D AdapterProperties: BT_PROPERTY_LOCAL_LE_FEATURES: update from BT controller mNumOfAdvertisementInstancesSupported = 16 mRpaOffloadSupported = true mNumOfOffloadedIrkSupported = 32 mNumOfOffloadedScanFilterSupported = 16 mOffloadedScanResultStorageBytes= 5120 mIsActivityAndEnergyReporting = true mVersSupported = 98 mTotNumOfTrackableAdv = 16 mIsExtendedScanSupported = true mIsDebugLogSupported = true mIsLe2MPhySupported = true mIsLeCodedPhySupported = true mIsLeExtendedAdvertisingSupported = true mIsLePeriodicAdvertisingSupported = true mLeMaximumAdvertisingDataLength = 1650 mDynamicAudioBufferSizeSupportedCodecsGroup1 = 0 mDynamicAudioBufferSizeSupportedCodecsGroup2 = 0 mIsLePeriodicAdvertisingSyncTransferSenderSupported = false mIsLeConnectedIsochronousStreamCentralSupported = false mIsLeIsochronousBroadcasterSupported = false mIsLePeriodicAdvertisingSyncTransferRecipientSupported = false
05-28 19:49:12.287 14164 14305 I bt_btif_dm: packages/modules/Bluetooth/system/btif/src/btif_dm.cc:1776 BTIF_dm_enable: BTIF_dm_enable BLE Privacy: 1
05-28 19:49:12.287 14164 14305 I bt_btif_dm: packages/modules/Bluetooth/system/btif/src/btif_dm.cc:1791 BTIF_dm_enable: enable address consolidate
05-28 19:49:12.289 14164 14305 E bt_btif_storage: packages/modules/Bluetooth/system/btif/src/btif_storage.cc:663 btif_storage_get_adapter_property: btif_storage_get_adapter_property: Controller ready!
05-28 19:49:12.289 14164 14305 I bt_btif_storage: packages/modules/Bluetooth/system/btif/src/btif_storage.cc:690 btif_storage_get_adapter_property: btif_storage_get_adapter_property service_mask:0x20000000
05-28 19:49:12.289 14164 14305 I bt_stack: [INFO:btif_bqr.cc(276)] EnableBtQualityReport: is_enable: true
05-28 19:49:12.289 14164 14305 W bt_stack: [WARNING:btif_bqr.cc(284)] EnableBtQualityReport: Bluetooth Quality Report is disabled. bqr_prop_evtmask: , bqr_prop_interval_ms: 
05-28 19:49:12.290 14164 14307 I bt_osi_thread: packages/modules/Bluetooth/system/osi/src/thread.cc:210 run_thread: run_thread: thread id 14307, thread name btif_sock started
05-28 19:49:12.293 14164 14305 I bt_bte_conf: packages/modules/Bluetooth/system/main/bte_conf.cc:84 bte_load_did_conf: Device ID record 1 : primary
05-28 19:49:12.293 14164 14305 I bt_bte_conf: packages/modules/Bluetooth/system/main/bte_conf.cc:85 bte_load_did_conf:   vendorId            = 00e0
05-28 19:49:12.293 14164 14305 I bt_bte_conf: packages/modules/Bluetooth/system/main/bte_conf.cc:86 bte_load_did_conf:   vendorIdSource      = 0001
05-28 19:49:12.293 14164 14305 I bt_bte_conf: packages/modules/Bluetooth/system/main/bte_conf.cc:87 bte_load_did_conf:   product             = 1200
05-28 19:49:12.293 14164 14305 I bt_bte_conf: packages/modules/Bluetooth/system/main/bte_conf.cc:88 bte_load_did_conf:   version             = 1436
05-28 19:49:12.293 14164 14305 I bt_bte_conf: packages/modules/Bluetooth/system/main/bte_conf.cc:89 bte_load_did_conf:   clientExecutableURL = 
05-28 19:49:12.293 14164 14305 I bt_bte_conf: packages/modules/Bluetooth/system/main/bte_conf.cc:90 bte_load_did_conf:   serviceDescription  = 
05-28 19:49:12.293 14164 14305 I bt_bte_conf: packages/modules/Bluetooth/system/main/bte_conf.cc:91 bte_load_did_conf:   documentationURL    = 
05-28 19:49:12.293 14164 14305 I bt_bta_dm: packages/modules/Bluetooth/system/bta/dm/bta_dm_act.cc:3276 bta_dm_eir_update_uuid: EIR Adding UUID=0x1200 into extended inquiry response
05-28 19:49:12.293 14164 14305 I bt_bta_dm: packages/modules/Bluetooth/system/bta/dm/bta_dm_act.cc:2975 bta_dm_set_eir: Generating extended inquiry response packet EIR
05-28 19:49:12.293 14164 14305 I bt_bte_conf: packages/modules/Bluetooth/system/main/bte_conf.cc:47 bte_load_did_conf: bte_load_did_conf no section named DID2.
05-28 19:49:12.293 14164 14305 I bt_btif_core: packages/modules/Bluetooth/system/btif/src/btif_core.cc:325 btif_enable_bluetooth_evt: Bluetooth enable event completed
05-28 19:49:12.293 14164 14261 I bt_stack_manager: packages/modules/Bluetooth/system/btif/src/stack_manager.cc:338 event_start_up_stack: event_start_up_stack finished
05-28 19:49:12.293 14164 14305 I bt_bta_dm: packages/modules/Bluetooth/system/bta/dm/bta_dm_act.cc:2975 bta_dm_set_eir: Generating extended inquiry response packet EIR
05-28 19:49:12.294 14164 14305 W bt_btm  : packages/modules/Bluetooth/system/main/bte_logmsg.cc:194 LogMsg: BTM_BleConfigPrivacy 1
05-28 19:49:12.294 14164 14283 I bluetooth: packages/modules/Bluetooth/system/gd/hci/le_address_manager.cc:72 SetPrivacyPolicyForInitiatorAddress: SetPrivacyPolicyForInitiatorAddress with policy 4
05-28 19:49:12.294 14164 14305 W bluetooth: packages/modules/Bluetooth/system/stack/btm/btm_ble_privacy.cc:560 btm_ble_resolving_list_load_dev: Already in Address Resolving list device:xx:xx:xx:xx:9f:36[random]
05-28 19:49:12.294 14164 14305 W bluetooth: packages/modules/Bluetooth/system/stack/btm/btm_ble_privacy.cc:560 btm_ble_resolving_list_load_dev: Already in Address Resolving list device:xx:xx:xx:xx:67:03[public]
05-28 19:49:12.294 14164 14305 W bluetooth: packages/modules/Bluetooth/system/stack/btm/btm_ble_privacy.cc:560 btm_ble_resolving_list_load_dev: Already in Address Resolving list device:xx:xx:xx:xx:c6:50[public]
05-28 19:49:12.295 14164 14283 I bluetooth: packages/modules/Bluetooth/system/gd/hci/le_address_manager.cc:172 register_client: Scheduled address rotation for first client registered
05-28 19:49:12.295 14164 14283 I bluetooth: packages/modules/Bluetooth/system/gd/hci/le_address_manager.cc:175 register_client: Client registered
05-28 19:49:12.295 14164 14283 I bluetooth: packages/modules/Bluetooth/system/gd/hci/le_address_manager.cc:431 handle_next_command: waiting for ack_pause, return
05-28 19:49:12.295 14164 14283 I bluetooth: packages/modules/Bluetooth/system/gd/hci/le_address_manager.cc:431 handle_next_command: waiting for ack_pause, return
05-28 19:49:12.295 14164 14283 I bluetooth: packages/modules/Bluetooth/system/gd/hci/le_address_manager.cc:257 ack_pause: Client already in paused state
05-28 19:49:12.299 14164 14264 D AdapterProperties: Name is: M2101K6G
05-28 19:49:12.300 14164 14264 D AdapterProperties: Scan Mode:20
05-28 19:49:12.300 14164 14264 D AdapterProperties: Discoverable Timeout:120
05-28 19:49:12.301 14164 14264 D AdapterProperties: Adding bonded device:04:CB:88:E1:F8:71
05-28 19:49:12.302 14164 14264 D AdapterProperties: Adding bonded device:36:AD:FF:B7:EC:D5
05-28 19:49:12.302 14164 14305 I bluetooth: packages/modules/Bluetooth/system/stack/btm/btm_ble_addr.cc:69 btm_gen_resolve_paddr_low: GD advertising and scanning modules are enabled, skip
05-28 19:49:12.303 14164 14283 I bluetooth: packages/modules/Bluetooth/system/gd/hci/le_address_manager.cc:576 OnCommandComplete: Received command complete with op_code LE_SET_RANDOM_ADDRESS
05-28 19:49:12.303 14164 14283 I bluetooth: packages/modules/Bluetooth/system/gd/hci/le_address_manager.cc:595 OnCommandComplete: update random address : 43:25:1e:06:18:e5
05-28 19:49:12.303 14164 14264 D AdapterProperties: Adding bonded device:D0:54:7B:E7:9F:36
05-28 19:49:12.304 14164 14283 I bluetooth: packages/modules/Bluetooth/system/gd/hci/le_address_manager.cc:576 OnCommandComplete: Received command complete with op_code LE_SET_ADDRESS_RESOLUTION_ENABLE
05-28 19:49:12.304 14164 14264 D AdapterProperties: Adding bonded device:FC:A8:9A:A2:E4:B9
05-28 19:49:12.306 14164 14264 D AdapterProperties: Adding bonded device:56:65:06:07:67:03
05-28 19:49:12.306 14164 14283 I bluetooth: packages/modules/Bluetooth/system/gd/hci/le_address_manager.cc:576 OnCommandComplete: Received command complete with op_code LE_CLEAR_RESOLVING_LIST
05-28 19:49:12.307 14164 14264 D AdapterProperties: Adding bonded device:31:32:6A:9F:97:C8
05-28 19:49:12.307 14164 14283 I bluetooth: packages/modules/Bluetooth/system/gd/hci/le_address_manager.cc:576 OnCommandComplete: Received command complete with op_code LE_SET_ADDRESS_RESOLUTION_ENABLE
05-28 19:49:12.307 14164 14264 D AdapterProperties: Adding bonded device:C2:E7:31:2E:97:8E
05-28 19:49:12.308 14164 14283 I bluetooth: packages/modules/Bluetooth/system/gd/hci/le_address_manager.cc:576 OnCommandComplete: Received command complete with op_code LE_SET_ADDRESS_RESOLUTION_ENABLE
05-28 19:49:12.308 14164 14264 D AdapterProperties: Adding bonded device:A8:8C:3E:14:C6:50
05-28 19:49:12.309 14164 14283 I bluetooth: packages/modules/Bluetooth/system/gd/hci/le_address_manager.cc:576 OnCommandComplete: Received command complete with op_code LE_ADD_DEVICE_TO_RESOLVING_LIST
05-28 19:49:12.309 14164 14264 D AdapterProperties: Adding bonded device:12:11:82:E4:D7:1A
05-28 19:49:12.309 14164 14264 D AdapterProperties: Adding bonded device:EE:3B:6D:F0:43:01
05-28 19:49:12.309 14164 14283 I bluetooth: packages/modules/Bluetooth/system/gd/hci/le_address_manager.cc:576 OnCommandComplete: Received command complete with op_code LE_SET_PRIVACY_MODE
05-28 19:49:12.310 14164 14264 D AdapterProperties: Adding bonded device:BC:42:8C:62:6A:41
05-28 19:49:12.310 14164 14283 I bluetooth: packages/modules/Bluetooth/system/gd/hci/le_address_manager.cc:576 OnCommandComplete: Received command complete with op_code LE_SET_ADDRESS_RESOLUTION_ENABLE
05-28 19:49:12.311 14164 14264 D AdapterProperties: Adding bonded device:41:42:FF:AF:18:2A
05-28 19:49:12.311 14164 14283 I bluetooth: packages/modules/Bluetooth/system/gd/hci/le_address_manager.cc:576 OnCommandComplete: Received command complete with op_code LE_SET_ADDRESS_RESOLUTION_ENABLE
05-28 19:49:12.311 14164 14264 D AdapterProperties: Adding bonded device:EC:46:54:03:0E:B8
05-28 19:49:12.312 14164 14283 I bluetooth: packages/modules/Bluetooth/system/gd/hci/le_address_manager.cc:576 OnCommandComplete: Received command complete with op_code LE_ADD_DEVICE_TO_RESOLVING_LIST
05-28 19:49:12.313 14164 14283 I bluetooth: packages/modules/Bluetooth/system/gd/hci/le_address_manager.cc:576 OnCommandComplete: Received command complete with op_code LE_SET_PRIVACY_MODE
05-28 19:49:12.316 14164 14283 I bluetooth: packages/modules/Bluetooth/system/gd/hci/le_address_manager.cc:576 OnCommandComplete: Received command complete with op_code LE_SET_ADDRESS_RESOLUTION_ENABLE
05-28 19:49:12.317 10439 10439 E BluetoothDevice: BT not enabled. Cannot get Remote Device name
05-28 19:49:12.317 10439 10439 D AirPodsService: Received bluetooth connection broadcast
05-28 19:49:12.317 14164 14283 I bluetooth: packages/modules/Bluetooth/system/gd/hci/le_address_manager.cc:576 OnCommandComplete: Received command complete with op_code LE_SET_ADDRESS_RESOLUTION_ENABLE
05-28 19:49:12.319 14164 14283 I bluetooth: packages/modules/Bluetooth/system/gd/hci/le_address_manager.cc:576 OnCommandComplete: Received command complete with op_code LE_ADD_DEVICE_TO_RESOLVING_LIST
05-28 19:49:12.320 14164 14283 I bluetooth: packages/modules/Bluetooth/system/gd/hci/le_address_manager.cc:576 OnCommandComplete: Received command complete with op_code LE_SET_PRIVACY_MODE
05-28 19:49:12.320 14164 14283 I bluetooth: packages/modules/Bluetooth/system/gd/hci/le_address_manager.cc:286 resume_registered_clients: Resuming registered clients
05-28 19:49:12.320 14164 14283 I bluetooth: packages/modules/Bluetooth/system/gd/hci/acl_manager/le_impl.h:740 arm_connectability: Ignored request to re-arm le connection state machine when filter accept list is empty
05-28 19:49:12.320 10439 10439 E BluetoothDevice: BT not enabled. Cannot get Remote Device name
05-28 19:49:12.320 10439 10439 D AirPodsService: Received bluetooth connection broadcast
05-28 19:49:12.321 14164 14283 I bluetooth: packages/modules/Bluetooth/system/gd/hci/le_address_manager.cc:576 OnCommandComplete: Received command complete with op_code LE_SET_ADDRESS_RESOLUTION_ENABLE
05-28 19:49:12.321 14164 14283 I bluetooth: packages/modules/Bluetooth/system/gd/hci/le_address_manager.cc:286 resume_registered_clients: Resuming registered clients
05-28 19:49:12.328 10439 10439 E BluetoothDevice: BT not enabled. Cannot get Remote Device name
05-28 19:49:12.328 10439 10439 D AirPodsService: Received bluetooth connection broadcast
05-28 19:49:12.330 10439 10439 E BluetoothDevice: BT not enabled. Cannot get Remote Device name
05-28 19:49:12.330 10439 10439 D AirPodsService: Received bluetooth connection broadcast
05-28 19:49:12.334 10439 10439 E BluetoothDevice: BT not enabled. Cannot get Remote Device name
05-28 19:49:12.334 10439 10439 D AirPodsService: Received bluetooth connection broadcast
05-28 19:49:12.338 10439 10439 E BluetoothDevice: BT not enabled. Cannot get Remote Device name
05-28 19:49:12.338 10439 10439 D AirPodsService: Received bluetooth connection broadcast
05-28 19:49:12.341 10439 10439 E BluetoothDevice: BT not enabled. Cannot get Remote Device name
05-28 19:49:12.341 10439 10439 D AirPodsService: Received bluetooth connection broadcast
05-28 19:49:12.342 10439 10439 E BluetoothDevice: BT not enabled. Cannot get Remote Device name
05-28 19:49:12.342 10439 10439 D AirPodsService: Received bluetooth connection broadcast
05-28 19:49:12.344 10439 10439 E BluetoothDevice: BT not enabled. Cannot get Remote Device name
05-28 19:49:12.344 10439 10439 D AirPodsService: Received bluetooth connection broadcast
05-28 19:49:12.350 10439 10439 E BluetoothDevice: BT not enabled. Cannot get Remote Device name
05-28 19:49:12.350 10439 10439 D AirPodsService: Received bluetooth connection broadcast
05-28 19:49:12.350 10439 10439 E BluetoothDevice: BT not enabled. Cannot get Remote Device name
05-28 19:49:12.350 10439 10439 D AirPodsService: Received bluetooth connection broadcast
05-28 19:49:12.352 10439 10439 E BluetoothDevice: BT not enabled. Cannot get Remote Device name
05-28 19:49:12.352 10439 10439 D AirPodsService: Received bluetooth connection broadcast
05-28 19:49:12.355 10439 10439 E BluetoothDevice: BT not enabled. Cannot get Remote Device name
05-28 19:49:12.355 10439 10439 D AirPodsService: Received bluetooth connection broadcast
05-28 19:49:12.356 14164 14256 I AdapterState: BLE_ON : entered 
05-28 19:49:12.356 14164 14256 D AdapterProperties: Setting state to BLE_ON
05-28 19:49:12.356 14164 14256 D BluetoothAdapterService: updateAdapterState() - Broadcasting state BLE_ON to 1 receivers.
05-28 19:49:12.359 14164 14256 I AdapterState: TURNING_ON : entered 
05-28 19:49:12.359 14164 14256 D AdapterProperties: Setting state to TURNING_ON
05-28 19:49:12.360 14164 14256 D BluetoothAdapterService: updateAdapterState() - Broadcasting state TURNING_ON to 1 receivers.
05-28 19:49:12.360   891 14300 I vendor.qti.bluetooth@1.0-ibs_handler: ProcessIbsCmd: Received IBS_SLEEP_IND: 0xFE
05-28 19:49:12.361 14164 14256 D BluetoothAdapterService: startCoreServices()
05-28 19:49:12.365 14164 14164 I A2dpService: create()
05-28 19:49:12.391 14164 14164 I A2dpService: start()
05-28 19:49:12.391 14164 14164 I BluetoothA2dpServiceJni: classInitNative: succeeds
05-28 19:49:12.391 14164 14164 I A2dpService: Max connected audio devices set to 5
05-28 19:49:12.395 14164 14164 I bt_btif : packages/modules/Bluetooth/system/btif/src/bluetooth.cc:465 get_profile_interface: get_profile_interface: id = a2dp
05-28 19:49:12.396 14164 14164 I btif_av : packages/modules/Bluetooth/system/btif/src/btif_av.cc:1003 Init: bt_status_t BtifAvSource::Init(btav_source_callbacks_t *, int, const std::vector<btav_a2dp_codec_config_t> &, const std::vector<btav_a2dp_codec_config_t> &): max_connected_audio_devices=5
05-28 19:49:12.396 14164 14164 I a2dp_codec: packages/modules/Bluetooth/system/stack/a2dp/a2dp_codec_config.cc:562 init: init
05-28 19:49:12.396 14164 14164 I a2dp_codec: packages/modules/Bluetooth/system/stack/a2dp/a2dp_codec_config.cc:115 createCodec: SBC
05-28 19:49:12.396 14164 14164 I a2dp_codec: packages/modules/Bluetooth/system/stack/a2dp/a2dp_codec_config.cc:603 init: init: updated SBC codec priority to 1001
05-28 19:49:12.396 14164 14164 I a2dp_codec: packages/modules/Bluetooth/system/stack/a2dp/a2dp_codec_config.cc:115 createCodec: AAC
05-28 19:49:12.396 14164 14164 I a2dp_codec: packages/modules/Bluetooth/system/stack/a2dp/a2dp_codec_config.cc:603 init: init: updated AAC codec priority to 2001
05-28 19:49:12.396 14164 14164 I a2dp_codec: packages/modules/Bluetooth/system/stack/a2dp/a2dp_codec_config.cc:115 createCodec: aptX
05-28 19:49:12.396 14164 14164 I a2dp_codec: packages/modules/Bluetooth/system/stack/a2dp/a2dp_codec_config.cc:603 init: init: updated aptX codec priority to 3001
05-28 19:49:12.396 14164 14164 I a2dp_codec: packages/modules/Bluetooth/system/stack/a2dp/a2dp_codec_config.cc:115 createCodec: aptX-HD
05-28 19:49:12.396 14164 14164 I a2dp_codec: packages/modules/Bluetooth/system/stack/a2dp/a2dp_codec_config.cc:603 init: init: updated aptX-HD codec priority to 4001
05-28 19:49:12.396 14164 14164 I a2dp_codec: packages/modules/Bluetooth/system/stack/a2dp/a2dp_codec_config.cc:115 createCodec: LDAC
05-28 19:49:12.396 14164 14164 I a2dp_codec: packages/modules/Bluetooth/system/stack/a2dp/a2dp_codec_config.cc:603 init: init: updated LDAC codec priority to 5001
05-28 19:49:12.396 14164 14164 I a2dp_codec: packages/modules/Bluetooth/system/stack/a2dp/a2dp_codec_config.cc:115 createCodec: LC3 not implemented
05-28 19:49:12.396 14164 14164 I a2dp_codec: packages/modules/Bluetooth/system/stack/a2dp/a2dp_codec_config.cc:594 init: init: OPUS codec disabled, updated priority to -1
05-28 19:49:12.396 14164 14164 I a2dp_codec: packages/modules/Bluetooth/system/stack/a2dp/a2dp_codec_config.cc:115 createCodec: Opus
05-28 19:49:12.396 14164 14164 I a2dp_codec: packages/modules/Bluetooth/system/stack/a2dp/a2dp_codec_config.cc:603 init: init: updated Opus codec priority to -1
05-28 19:49:12.396 14164 14164 I a2dp_codec: packages/modules/Bluetooth/system/stack/a2dp/a2dp_codec_config.cc:115 createCodec: SBC SINK
05-28 19:49:12.396 14164 14164 I a2dp_codec: packages/modules/Bluetooth/system/stack/a2dp/a2dp_codec_config.cc:115 createCodec: AAC SINK
05-28 19:49:12.396 14164 14164 I a2dp_codec: packages/modules/Bluetooth/system/stack/a2dp/a2dp_codec_config.cc:115 createCodec: LDAC SINK
05-28 19:49:12.397 14164 14164 I a2dp_vendor_ldac_decoder: packages/modules/Bluetooth/system/stack/a2dp/a2dp_vendor_ldac_decoder.cc:135 A2DP_VendorLoadDecoderLdac: A2DP_VendorLoadDecoderLdac: cannot open LDAC decoder library libldacBT_bco.so: dlopen failed: library "libldacBT_bco.so" not found
05-28 19:49:12.397 14164 14164 E a2dp_vendor_ldac: packages/modules/Bluetooth/system/stack/a2dp/a2dp_vendor_ldac.cc:1423 init: init: cannot load the decoder
05-28 19:49:12.397 14164 14164 I a2dp_codec: packages/modules/Bluetooth/system/stack/a2dp/a2dp_codec_config.cc:115 createCodec: Opus SINK
05-28 19:49:12.397 14164 14164 I a2dp_codec: packages/modules/Bluetooth/system/stack/a2dp/a2dp_codec_config.cc:628 init: init: initialized Source codec LDAC
05-28 19:49:12.397 14164 14164 I a2dp_codec: packages/modules/Bluetooth/system/stack/a2dp/a2dp_codec_config.cc:628 init: init: initialized Source codec aptX-HD
05-28 19:49:12.397 14164 14164 I a2dp_codec: packages/modules/Bluetooth/system/stack/a2dp/a2dp_codec_config.cc:628 init: init: initialized Source codec aptX
05-28 19:49:12.397 14164 14164 I a2dp_codec: packages/modules/Bluetooth/system/stack/a2dp/a2dp_codec_config.cc:628 init: init: initialized Source codec AAC
05-28 19:49:12.397 14164 14164 I a2dp_codec: packages/modules/Bluetooth/system/stack/a2dp/a2dp_codec_config.cc:628 init: init: initialized Source codec SBC
05-28 19:49:12.397 14164 14164 I a2dp_codec: packages/modules/Bluetooth/system/stack/a2dp/a2dp_codec_config.cc:635 init: init: initialized Sink codec Opus SINK
05-28 19:49:12.397 14164 14164 I a2dp_codec: packages/modules/Bluetooth/system/stack/a2dp/a2dp_codec_config.cc:635 init: init: initialized Sink codec AAC SINK
05-28 19:49:12.397 14164 14164 I a2dp_codec: packages/modules/Bluetooth/system/stack/a2dp/a2dp_codec_config.cc:635 init: init: initialized Sink codec SBC SINK
05-28 19:49:12.397 14164 14164 I a2dp_codec: packages/modules/Bluetooth/system/stack/a2dp/a2dp_codec_config.cc:562 init: init
05-28 19:49:12.397 14164 14164 I a2dp_codec: packages/modules/Bluetooth/system/stack/a2dp/a2dp_codec_config.cc:115 createCodec: SBC
05-28 19:49:12.397 14164 14164 I a2dp_codec: packages/modules/Bluetooth/system/stack/a2dp/a2dp_codec_config.cc:603 init: init: updated SBC codec priority to 1001
05-28 19:49:12.397 14164 14164 I a2dp_codec: packages/modules/Bluetooth/system/stack/a2dp/a2dp_codec_config.cc:115 createCodec: AAC
05-28 19:49:12.397 14164 14164 I a2dp_codec: packages/modules/Bluetooth/system/stack/a2dp/a2dp_codec_config.cc:603 init: init: updated AAC codec priority to 2001
05-28 19:49:12.397 14164 14164 I a2dp_codec: packages/modules/Bluetooth/system/stack/a2dp/a2dp_codec_config.cc:115 createCodec: aptX
05-28 19:49:12.397 14164 14164 I a2dp_codec: packages/modules/Bluetooth/system/stack/a2dp/a2dp_codec_config.cc:603 init: init: updated aptX codec priority to 3001
05-28 19:49:12.397 14164 14164 I a2dp_codec: packages/modules/Bluetooth/system/stack/a2dp/a2dp_codec_config.cc:115 createCodec: aptX-HD
05-28 19:49:12.397 14164 14164 I a2dp_codec: packages/modules/Bluetooth/system/stack/a2dp/a2dp_codec_config.cc:603 init: init: updated aptX-HD codec priority to 4001
05-28 19:49:12.397 14164 14164 I a2dp_codec: packages/modules/Bluetooth/system/stack/a2dp/a2dp_codec_config.cc:115 createCodec: LDAC
05-28 19:49:12.397 14164 14164 I a2dp_codec: packages/modules/Bluetooth/system/stack/a2dp/a2dp_codec_config.cc:603 init: init: updated LDAC codec priority to 5001
05-28 19:49:12.397 14164 14164 I a2dp_codec: packages/modules/Bluetooth/system/stack/a2dp/a2dp_codec_config.cc:115 createCodec: LC3 not implemented
05-28 19:49:12.397 14164 14164 I a2dp_codec: packages/modules/Bluetooth/system/stack/a2dp/a2dp_codec_config.cc:594 init: init: OPUS codec disabled, updated priority to -1
05-28 19:49:12.397 14164 14164 I a2dp_codec: packages/modules/Bluetooth/system/stack/a2dp/a2dp_codec_config.cc:115 createCodec: Opus
05-28 19:49:12.397 14164 14164 I a2dp_codec: packages/modules/Bluetooth/system/stack/a2dp/a2dp_codec_config.cc:603 init: init: updated Opus codec priority to -1
05-28 19:49:12.397 14164 14164 I a2dp_codec: packages/modules/Bluetooth/system/stack/a2dp/a2dp_codec_config.cc:115 createCodec: SBC SINK
05-28 19:49:12.397 14164 14164 I a2dp_codec: packages/modules/Bluetooth/system/stack/a2dp/a2dp_codec_config.cc:115 createCodec: AAC SINK
